Component: ARM Compiler 5.06 update 7 (build 960) Tool: armlink [4d3601]

==============================================================================

Section Cross References

    app_menu.o(i.Show_Clock_UI) refers to bsp_rtc.o(i.RTC_GetTimeStamp) for RTC_GetTimeStamp
    app_menu.o(i.Show_Clock_UI) refers to bsp_oled.o(i.OLED_Printf) for OLED_Printf
    app_menu.o(i.Show_Clock_UI) refers to bsp_oled.o(i.OLED_ShowString) for OLED_ShowString
    app_menu.o(i.Show_Clock_UI) refers to bsp_oled.o(i.OLED_Update) for OLED_Update
    app_menu.o(i.Show_Clock_UI) refers to app_menu.o(.data) for .data
    app_key.o(i.App_KeyInit) refers to bsp_key.o(i.Key_Init) for Key_Init
    app_key.o(i.App_KeyInit) refers to bsp_key.o(i.Key_RegisterCallback) for Key_RegisterCallback
    app_key.o(i.App_KeyInit) refers to app_key.o(.data) for .data
    app_key.o(i.App_KeyInit) refers to app_key.o(i.Key1_Callback) for Key1_Callback
    app_key.o(i.App_KeyInit) refers to app_key.o(i.Key2_Callback) for Key2_Callback
    app_key.o(i.App_KeyInit) refers to app_key.o(i.Key3_Callback) for Key3_Callback
    app_key.o(i.App_KeyScanTask) refers to bsp_sys_tick.o(i.SysTick_GetTick) for SysTick_GetTick
    app_key.o(i.App_KeyScanTask) refers to bsp_key.o(i.Key_Scan) for Key_Scan
    app_key.o(i.App_KeyScanTask) refers to app_key.o(.data) for .data
    app_key.o(i.Key1_Callback) refers to printfa.o(i.__0printf) for __2printf
    app_key.o(i.Key2_Callback) refers to printfa.o(i.__0printf) for __2printf
    app_key.o(i.Key3_Callback) refers to printfa.o(i.__0printf) for __2printf
    bsp_led.o(i.LED_Init) refers to stm32f10x_rcc.o(i.RCC_APB2PeriphClockCmd) for RCC_APB2PeriphClockCmd
    bsp_led.o(i.LED_Init) refers to stm32f10x_gpio.o(i.GPIO_Init) for GPIO_Init
    bsp_led.o(i.LED_Init) refers to stm32f10x_gpio.o(i.GPIO_SetBits) for GPIO_SetBits
    bsp_led.o(i.LED_Off) refers to stm32f10x_gpio.o(i.GPIO_SetBits) for GPIO_SetBits
    bsp_led.o(i.LED_On) refers to stm32f10x_gpio.o(i.GPIO_ResetBits) for GPIO_ResetBits
    bsp_uart.o(i.UART1_Init) refers to stm32f10x_rcc.o(i.RCC_APB2PeriphClockCmd) for RCC_APB2PeriphClockCmd
    bsp_uart.o(i.UART1_Init) refers to stm32f10x_gpio.o(i.GPIO_Init) for GPIO_Init
    bsp_uart.o(i.UART1_Init) refers to stm32f10x_usart.o(i.USART_Init) for USART_Init
    bsp_uart.o(i.UART1_Init) refers to stm32f10x_usart.o(i.USART_Cmd) for USART_Cmd
    bsp_uart.o(i.UART1_SendByte) refers to stm32f10x_usart.o(i.USART_GetFlagStatus) for USART_GetFlagStatus
    bsp_uart.o(i.UART1_SendByte) refers to stm32f10x_usart.o(i.USART_SendData) for USART_SendData
    bsp_uart.o(i.UART1_SendString) refers to bsp_uart.o(i.UART1_SendByte) for UART1_SendByte
    bsp_uart.o(i.fputc) refers to bsp_uart.o(i.UART1_SendByte) for UART1_SendByte
    bsp_i2c_sw.o(i.I2C_SW_Ack) refers to delay.o(i.Delay_us) for Delay_us
    bsp_i2c_sw.o(i.I2C_SW_Init) refers to stm32f10x_rcc.o(i.RCC_APB2PeriphClockCmd) for RCC_APB2PeriphClockCmd
    bsp_i2c_sw.o(i.I2C_SW_Init) refers to stm32f10x_gpio.o(i.GPIO_Init) for GPIO_Init
    bsp_i2c_sw.o(i.I2C_SW_Nack) refers to delay.o(i.Delay_us) for Delay_us
    bsp_i2c_sw.o(i.I2C_SW_ReadByte) refers to delay.o(i.Delay_us) for Delay_us
    bsp_i2c_sw.o(i.I2C_SW_SendByte) refers to delay.o(i.Delay_us) for Delay_us
    bsp_i2c_sw.o(i.I2C_SW_Start) refers to delay.o(i.Delay_us) for Delay_us
    bsp_i2c_sw.o(i.I2C_SW_Stop) refers to delay.o(i.Delay_us) for Delay_us
    bsp_i2c_sw.o(i.I2C_SW_WaitAck) refers to delay.o(i.Delay_us) for Delay_us
    bsp_oled.o(i.OLED_Clear) refers to bsp_oled.o(.bss) for .bss
    bsp_oled.o(i.OLED_ClearArea) refers to bsp_oled.o(.bss) for .bss
    bsp_oled.o(i.OLED_DrawArc) refers to bsp_oled.o(i.OLED_IsInAngle) for OLED_IsInAngle
    bsp_oled.o(i.OLED_DrawArc) refers to bsp_oled.o(i.OLED_DrawPoint) for OLED_DrawPoint
    bsp_oled.o(i.OLED_DrawCircle) refers to bsp_oled.o(i.OLED_DrawPoint) for OLED_DrawPoint
    bsp_oled.o(i.OLED_DrawEllipse) refers to dflti.o(.text) for __aeabi_i2d
    bsp_oled.o(i.OLED_DrawEllipse) refers to dadd.o(.text) for __aeabi_dadd
    bsp_oled.o(i.OLED_DrawEllipse) refers to dmul.o(.text) for __aeabi_dmul
    bsp_oled.o(i.OLED_DrawEllipse) refers to d2f.o(.text) for __aeabi_d2f
    bsp_oled.o(i.OLED_DrawEllipse) refers to bsp_oled.o(i.OLED_DrawPoint) for OLED_DrawPoint
    bsp_oled.o(i.OLED_DrawEllipse) refers to fflti.o(.text) for __aeabi_i2f
    bsp_oled.o(i.OLED_DrawEllipse) refers to fadd.o(.text) for __aeabi_fadd
    bsp_oled.o(i.OLED_DrawEllipse) refers to cdcmple.o(.text) for __aeabi_cdcmple
    bsp_oled.o(i.OLED_DrawLine) refers to bsp_oled.o(i.OLED_DrawPoint) for OLED_DrawPoint
    bsp_oled.o(i.OLED_DrawPoint) refers to bsp_oled.o(.bss) for .bss
    bsp_oled.o(i.OLED_DrawRectangle) refers to bsp_oled.o(i.OLED_DrawPoint) for OLED_DrawPoint
    bsp_oled.o(i.OLED_DrawTriangle) refers to bsp_oled.o(i.OLED_DrawLine) for OLED_DrawLine
    bsp_oled.o(i.OLED_DrawTriangle) refers to bsp_oled.o(i.OLED_pnpoly) for OLED_pnpoly
[...]
    printf7.o(i.__0vsprintf$7) refers to printf7.o(i._printf_core) for _printf_core
    printf7.o(i.__0vsprintf$7) refers to printf7.o(i._sputc) for _sputc
    printf7.o(i._printf_core) refers to printf7.o(i._printf_pre_padding) for _printf_pre_padding
    printf7.o(i._printf_core) refers to uldiv.o(.text) for __aeabi_uldivmod
    printf7.o(i._printf_core) refers to printf7.o(i._printf_post_padding) for _printf_post_padding
    printf8.o(i.__0fprintf$8) refers to printf8.o(i._printf_core) for _printf_core
    printf8.o(i.__0fprintf$8) refers to bsp_uart.o(i.fputc) for fputc
    printf8.o(i.__0printf$8) refers to printf8.o(i._printf_core) for _printf_core
    printf8.o(i.__0printf$8) refers to bsp_uart.o(i.fputc) for fputc
    printf8.o(i.__0printf$8) refers to stdout.o(.data) for __stdout
    printf8.o(i.__0snprintf$8) refers to printf8.o(i._printf_core) for _printf_core
    printf8.o(i.__0snprintf$8) refers to printf8.o(i._snputc) for _snputc
    printf8.o(i.__0sprintf$8) refers to printf8.o(i._printf_core) for _printf_core
    printf8.o(i.__0sprintf$8) refers to printf8.o(i._sputc) for _sputc
    printf8.o(i.__0vfprintf$8) refers to printf8.o(i._printf_core) for _printf_core
    printf8.o(i.__0vfprintf$8) refers to bsp_uart.o(i.fputc) for fputc
    printf8.o(i.__0vprintf$8) refers to printf8.o(i._printf_core) for _printf_core
    printf8.o(i.__0vprintf$8) refers to bsp_uart.o(i.fputc) for fputc
    printf8.o(i.__0vprintf$8) refers to stdout.o(.data) for __stdout
    printf8.o(i.__0vsnprintf$8) refers to printf8.o(i._printf_core) for _printf_core
    printf8.o(i.__0vsnprintf$8) refers to printf8.o(i._snputc) for _snputc
    printf8.o(i.__0vsprintf$8) refers to printf8.o(i._printf_core) for _printf_core
    printf8.o(i.__0vsprintf$8) refers to printf8.o(i._sputc) for _sputc
    printf8.o(i._printf_core) refers to printf8.o(i._printf_pre_padding) for _printf_pre_padding
    printf8.o(i._printf_core) refers to uldiv.o(.text) for __aeabi_uldivmod
    printf8.o(i._printf_core) refers to printf8.o(i._printf_post_padding) for _printf_post_padding
    printfa.o(i.__0fprintf) refers (Special) to iusefp.o(.text) for __I$use$fp
    printfa.o(i.__0fprintf) refers to printfa.o(i._printf_core) for _printf_core
    printfa.o(i.__0fprintf) refers to bsp_uart.o(i.fputc) for fputc
    printfa.o(i.__0printf) refers (Special) to iusefp.o(.text) for __I$use$fp
    printfa.o(i.__0printf) refers to printfa.o(i._printf_core) for _printf_core
    printfa.o(i.__0printf) refers to bsp_uart.o(i.fputc) for fputc
    printfa.o(i.__0printf) refers to stdout.o(.data) for __stdout
    printfa.o(i.__0snprintf) refers (Special) to iusefp.o(.text) for __I$use$fp
    printfa.o(i.__0snprintf) refers to printfa.o(i._printf_core) for _printf_core
    printfa.o(i.__0snprintf) refers to printfa.o(i._snputc) for _snputc
    printfa.o(i.__0sprintf) refers (Special) to iusefp.o(.text) for __I$use$fp
    printfa.o(i.__0sprintf) refers to printfa.o(i._printf_core) for _printf_core
    printfa.o(i.__0sprintf) refers to printfa.o(i._sputc) for _sputc
    printfa.o(i.__0vfprintf) refers (Special) to iusefp.o(.text) for __I$use$fp
    printfa.o(i.__0vfprintf) refers to printfa.o(i._printf_core) for _printf_core
    printfa.o(i.__0vfprintf) refers to bsp_uart.o(i.fputc) for fputc
    printfa.o(i.__0vprintf) refers (Special) to iusefp.o(.text) for __I$use$fp
    printfa.o(i.__0vprintf) refers to printfa.o(i._printf_core) for _printf_core
    printfa.o(i.__0vprintf) refers to bsp_uart.o(i.fputc) for fputc
    printfa.o(i.__0vprintf) refers to stdout.o(.data) for __stdout
    printfa.o(i.__0vsnprintf) refers (Special) to iusefp.o(.text) for __I$use$fp
    printfa.o(i.__0vsnprintf) refers to printfa.o(i._printf_core) for _printf_core
    printfa.o(i.__0vsnprintf) refers to printfa.o(i._snputc) for _snputc
    printfa.o(i.__0vsprintf) refers (Special) to iusefp.o(.text) for __I$use$fp
    printfa.o(i.__0vsprintf) refers to printfa.o(i._printf_core) for _printf_core
    printfa.o(i.__0vsprintf) refers to printfa.o(i._sputc) for _sputc
    printfa.o(i._fp_digits) refers (Special) to iusefp.o(.text) for __I$use$fp
    printfa.o(i._fp_digits) refers to dmul.o(.text) for __aeabi_dmul
    printfa.o(i._fp_digits) refers to ddiv.o(.text) for __aeabi_ddiv
    printfa.o(i._fp_digits) refers to cdrcmple.o(.text) for __aeabi_cdrcmple
    printfa.o(i._fp_digits) refers to dadd.o(.text) for __aeabi_dadd
    printfa.o(i._fp_digits) refers to dfixul.o(.text) for __aeabi_d2ulz
    printfa.o(i._fp_digits) refers to uldiv.o(.text) for __aeabi_uldivmod
    printfa.o(i._printf_core) refers (Special) to iusefp.o(.text) for __I$use$fp
    printfa.o(i._printf_core) refers to printfa.o(i._printf_pre_padding) for _printf_pre_padding
    printfa.o(i._printf_core) refers to uldiv.o(.text) for __aeabi_uldivmod
    printfa.o(i._printf_core) refers to printfa.o(i._printf_post_padding) for _printf_post_padding
    printfa.o(i._printf_core) refers to printfa.o(i._fp_digits) for _fp_digits
    printfa.o(i._printf_core) refers to uidiv.o(.text) for __aeabi_uidivmod
    printfa.o(i._printf_post_padding) refers (Special) to iusefp.o(.text) for __I$use$fp
    printfa.o(i._printf_pre_padding) refers (Special) to iusefp.o(.text) for __I$use$fp
    printfa.o(i._snputc) refers (Special) to iusefp.o(.text) for __I$use$fp
    printfa.o(i._sputc) refers (Special) to iusefp.o(.text) for __I$use$fp
    fadd.o(.text) refers (Special) to iusefp.o(.text) for __I$use$fp
    fadd.o(.text) refers to fepilogue.o(.text) for _float_epilogue
    dadd.o(.text) refers (Special) to iusefp.o(.text) for __I$use$fp
    dadd.o(.text) refers to llshl.o(.text) for __aeabi_llsl
    dadd.o(.text) refers to llsshr.o(.text) for __aeabi_lasr
    dadd.o(.text) refers to depilogue.o(.text) for _double_epilogue
    dmul.o(.text) refers (Special) to iusefp.o(.text) for __I$use$fp
    dmul.o(.text) refers to depilogue.o(.text) for _double_epilogue
    ddiv.o(.text) refers (Special) to iusefp.o(.text) for __I$use$fp
    ddiv.o(.text) refers to depilogue.o(.text) for _double_round
    fflti.o(.text) refers (Special) to iusefp.o(.text) for __I$use$fp
    fflti.o(.text) refers to fepilogue.o(.text) for _float_epilogue
    dflti.o(.text) refers (Special) to iusefp.o(.text) for __I$use$fp
    dflti.o(.text) refers to depilogue.o(.text) for _double_epilogue
    dfltui.o(.text) refers (Special) to iusefp.o(.text) for __I$use$fp
    dfltui.o(.text) refers to depilogue.o(.text) for _double_epilogue
    dfixi.o(.text) refers (Special) to iusefp.o(.text) for __I$use$fp
    dfixi.o(.text) refers to llushr.o(.text) for __aeabi_llsr
    dfixui.o(.text) refers (Special) to iusefp.o(.text) for __I$use$fp
    dfixui.o(.text) refers to llushr.o(.text) for __aeabi_llsr
    cdcmple.o(.text) refers (Special) to iusefp.o(.text) for __I$use$fp
    cdrcmple.o(.text) refers (Special) to iusefp.o(.text) for __I$use$fp
    d2f.o(.text) refers (Special) to iusefp.o(.text) for __I$use$fp
    d2f.o(.text) refers to fepilogue.o(.text) for _float_round
    atan.o(i.__softfp_atan) refers (Special) to iusefp.o(.text) for __I$use$fp
    atan.o(i.__softfp_atan) refers to atan.o(i.atan) for atan
    atan.o(i.atan) refers (Special) to iusefp.o(.text) for __I$use$fp
    atan.o(i.atan) refers to dunder.o(i.__mathlib_dbl_infnan) for __mathlib_dbl_infnan
    atan.o(i.atan) refers to fpclassify.o(i.__ARM_fpclassify) for __ARM_fpclassify
    atan.o(i.atan) refers to dunder.o(i.__mathlib_dbl_underflow) for __mathlib_dbl_underflow
    atan.o(i.atan) refers to dadd.o(.text) for __aeabi_dadd
    atan.o(i.atan) refers to dscalb.o(.text) for __ARM_scalbn
    atan.o(i.atan) refers to ddiv.o(.text) for __aeabi_ddiv
    atan.o(i.atan) refers to dmul.o(.text) for __aeabi_dmul
    atan.o(i.atan) refers to poly.o(i.__kernel_poly) for __kernel_poly
    atan.o(i.atan) refers to atan.o(.constdata) for .constdata
    atan.o(.constdata) refers (Special) to iusefp.o(.text) for __I$use$fp
    atan_x.o(i.____softfp_atan$lsc) refers (Special) to iusefp.o(.text) for __I$use$fp
    atan_x.o(i.____softfp_atan$lsc) refers to atan_x.o(i.__atan$lsc) for __atan$lsc
    atan_x.o(i.__atan$lsc) refers (Special) to iusefp.o(.text) for __I$use$fp
    atan_x.o(i.__atan$lsc) refers to dunder.o(i.__mathlib_dbl_infnan) for __mathlib_dbl_infnan
    atan_x.o(i.__atan$lsc) refers to dadd.o(.text) for __aeabi_dadd
    atan_x.o(i.__atan$lsc) refers to dscalb.o(.text) for __ARM_scalbn
    atan_x.o(i.__atan$lsc) refers to ddiv.o(.text) for __aeabi_ddiv
    atan_x.o(i.__atan$lsc) refers to dmul.o(.text) for __aeabi_dmul
    atan_x.o(i.__atan$lsc) refers to poly.o(i.__kernel_poly) for __kernel_poly
    atan_x.o(i.__atan$lsc) refers to atan_x.o(.constdata) for .constdata
    atan_x.o(.constdata) refers (Special) to iusefp.o(.text) for __I$use$fp
    dunder.o(i.__mathlib_dbl_divzero) refers to ddiv.o(.text) for __aeabi_ddiv
    dunder.o(i.__mathlib_dbl_infnan) refers to dscalb.o(.text) for __ARM_scalbn
    dunder.o(i.__mathlib_dbl_infnan2) refers to dadd.o(.text) for __aeabi_dadd
    dunder.o(i.__mathlib_dbl_invalid) refers to ddiv.o(.text) for __aeabi_ddiv
    dunder.o(i.__mathlib_dbl_overflow) refers to dscalb.o(.text) for __ARM_scalbn
    dunder.o(i.__mathlib_dbl_posinfnan) refers to dmul.o(.text) for __aeabi_dmul
    dunder.o(i.__mathlib_dbl_underflow) refers to dscalb.o(.text) for __ARM_scalbn
    qnan.o(.constdata) refers (Special) to iusefp.o(.text) for __I$use$fp
    entry2.o(.ARM.Collect$$$$00000001) refers to entry2.o(.ARM.Collect$$$$00002712) for __lit__00000000
    entry2.o(.ARM.Collect$$$$00002712) refers to startup_stm32f10x_md.o(STACK) for __initial_sp
    entry2.o(__vectab_stack_and_reset_area) refers to startup_stm32f10x_md.o(STACK) for __initial_sp
    entry2.o(__vectab_stack_and_reset_area) refers to entry.o(.ARM.Collect$$$$00000000) for __main
    entry5.o(.ARM.Collect$$$$00000004) refers to init.o(.text) for __scatterload
    entry9a.o(.ARM.Collect$$$$0000000B) refers to main.o(i.main) for main
    entry9b.o(.ARM.Collect$$$$0000000C) refers to main.o(i.main) for main
    uldiv.o(.text) refers to llushr.o(.text) for __aeabi_llsr
    uldiv.o(.text) refers to llshl.o(.text) for __aeabi_llsl
    localtime_w.o(.text) refers to localtime_i.o(.text) for _localtime
    localtime_w.o(.text) refers to localtime_w.o(.bss) for .bss
    localtime_i.o(.text) refers to localtime_i.o(.constdata) for .constdata
    errno.o(i.__aeabi_errno_addr) refers to errno.o(.data) for .data
    errno.o(i.__read_errno) refers to errno.o(.data) for .data
    errno.o(i.__set_errno) refers to errno.o(.data) for .data
    depilogue.o(.text) refers to llshl.o(.text) for __aeabi_llsl
    depilogue.o(.text) refers to llushr.o(.text) for __aeabi_llsr
    drnd.o(.text) refers to llshl.o(.text) for __aeabi_llsl
    drnd.o(.text) refers to llushr.o(.text) for __aeabi_llsr
    drnd.o(.text) refers to depilogue.o(.text) for _double_round
    dfixul.o(.text) refers to llushr.o(.text) for __aeabi_llsr
    dfixul.o(.text) refers to llshl.o(.text) for __aeabi_llsl
    fpclassify.o(i.__ARM_fpclassify) refers (Special) to iusefp.o(.text) for __I$use$fp
    poly.o(i.__kernel_poly) refers (Special) to iusefp.o(.text) for __I$use$fp
    poly.o(i.__kernel_poly) refers to dmul.o(.text) for __aeabi_dmul
    poly.o(i.__kernel_poly) refers to dadd.o(.text) for __aeabi_dadd
    init.o(.text) refers to entry5.o(.ARM.Collect$$$$00000004) for __main_after_scatterload


==============================================================================

Removing Unused input sections from the image.

    Removing app_menu.o(i.Show_Clock_UI), (140 bytes).
    Removing app_menu.o(.data), (8 bytes).
    Removing bsp_led.o(i.LED_Init), (56 bytes).
    Removing bsp_led.o(i.LED_Off), (16 bytes).
    Removing bsp_led.o(i.LED_On), (16 bytes).
    Removing bsp_led.o(i.LED_Toggle), (16 bytes).
    Removing bsp_uart.o(i.UART1_SendString), (24 bytes).
    Removing bsp_i2c_sw.o(i.I2C_SW_Ack), (96 bytes).
    Removing bsp_i2c_sw.o(i.I2C_SW_Nack), (68 bytes).
    Removing bsp_i2c_sw.o(i.I2C_SW_ReadByte), (96 bytes).
    Removing bsp_oled.o(i.OLED_ClearArea), (92 bytes).
    Removing bsp_oled.o(i.OLED_DrawArc), (594 bytes).
    Removing bsp_oled.o(i.OLED_DrawCircle), (334 bytes).
    Removing bsp_oled.o(i.OLED_DrawEllipse), (712 bytes).
    Removing bsp_oled.o(i.OLED_DrawLine), (332 bytes).
    Removing bsp_oled.o(i.OLED_DrawPoint), (52 bytes).
    Removing bsp_oled.o(i.OLED_DrawRectangle), (124 bytes).
    Removing bsp_oled.o(i.OLED_DrawTriangle), (196 bytes).
    Removing bsp_oled.o(i.OLED_GetPoint), (56 bytes).
    Removing bsp_oled.o(i.OLED_IsInAngle), (100 bytes).
    Removing bsp_oled.o(i.OLED_Pow), (16 bytes).
    Removing bsp_oled.o(i.OLED_Printf), (42 bytes).
    Removing bsp_oled.o(i.OLED_Reverse), (40 bytes).
    Removing bsp_oled.o(i.OLED_ReverseArea), (92 bytes).
    Removing bsp_oled.o(i.OLED_ShowBinNum), (66 bytes).
    Removing bsp_oled.o(i.OLED_ShowChar), (92 bytes).
    Removing bsp_oled.o(i.OLED_ShowFloatNum), (194 bytes).
    Removing bsp_oled.o(i.OLED_ShowHexNum), (92 bytes).
    Removing bsp_oled.o(i.OLED_ShowImage), (180 bytes).
    Removing bsp_oled.o(i.OLED_ShowNum), (72 bytes).
    Removing bsp_oled.o(i.OLED_ShowSignedNum), (104 bytes).
    Removing bsp_oled.o(i.OLED_ShowString), (392 bytes).
    Removing bsp_oled.o(i.OLED_UpdateArea), (104 bytes).
    Removing bsp_oled.o(i.OLED_pnpoly), (112 bytes).
    Removing bsp_oled_data.o(.constdata), (1520 bytes).
    Removing bsp_oled_data.o(.constdata), (570 bytes).
    Removing bsp_oled_data.o(.constdata), (3420 bytes).
    Removing bsp_oled_data.o(.constdata), (1110 bytes).
    Removing bsp_oled_data.o(.constdata), (32 bytes).
    Removing bsp_oled_data.o(.constdata), (32 bytes).
    Removing bsp_oled_data.o(.constdata), (1024 bytes).
    Removing bsp_oled_data.o(.constdata), (264 bytes).
    Removing bsp_oled_data.o(.constdata), (256 bytes).
    Removing bsp_oled_data.o(.constdata), (144 bytes).
    Removing bsp_oled_data.o(.constdata), (16 bytes).
    Removing bsp_oled_data.o(.constdata), (144 bytes).
    Removing bsp_oled_data.o(.constdata), (64 bytes).
    Removing bsp_oled_data.o(.constdata), (60 bytes).
    Removing bsp_oled_data.o(.constdata), (32 bytes).
    Removing bsp_rtc.o(i.RTC_GetTimeStamp), (30 bytes).
    Removing bsp_rtc.o(i.TimestampToDateTime), (70 bytes).
    Removing startup_stm32f10x_md.o(HEAP), (512 bytes).
    Removing core_cm3.o(.emb_text), (32 bytes).
    Removing system_stm32f10x.o(i.SystemCoreClockUpdate), (124 bytes).
    Removing misc.o(i.NVIC_Init), (100 bytes).
    Removing misc.o(i.NVIC_PriorityGroupConfig), (20 bytes).
    Removing misc.o(i.NVIC_SetVectorTable), (20 bytes).
    Removing misc.o(i.NVIC_SystemLPConfig), (28 bytes).
    Removing misc.o(i.SysTick_CLKSourceConfig), (28 bytes).
    Removing stm32f10x_adc.o(i.ADC_AnalogWatchdogCmd), (16 bytes).
    Removing stm32f10x_adc.o(i.ADC_AnalogWatchdogSingleChannelConfig), (12 bytes).
    Removing stm32f10x_adc.o(i.ADC_AnalogWatchdogThresholdsConfig), (6 bytes).
    Removing stm32f10x_adc.o(i.ADC_AutoInjectedConvCmd), (24 bytes).
    Removing stm32f10x_adc.o(i.ADC_ClearFlag), (6 bytes).
    Removing stm32f10x_adc.o(i.ADC_ClearITPendingBit), (8 bytes).
    Removing stm32f10x_adc.o(i.ADC_Cmd), (24 bytes).
    Removing stm32f10x_adc.o(i.ADC_DMACmd), (24 bytes).
    Removing stm32f10x_adc.o(i.ADC_DeInit), (100 bytes).
    Removing stm32f10x_adc.o(i.ADC_DiscModeChannelCountConfig), (16 bytes).
    Removing stm32f10x_adc.o(i.ADC_DiscModeCmd), (24 bytes).
    Removing stm32f10x_adc.o(i.ADC_ExternalTrigConvCmd), (24 bytes).
    Removing stm32f10x_adc.o(i.ADC_ExternalTrigInjectedConvCmd), (24 bytes).
    Removing stm32f10x_adc.o(i.ADC_ExternalTrigInjectedConvConfig), (12 bytes).
    Removing stm32f10x_adc.o(i.ADC_GetCalibrationStatus), (14 bytes).
    Removing stm32f10x_adc.o(i.ADC_GetConversionValue), (6 bytes).
    Removing stm32f10x_adc.o(i.ADC_GetDualModeConversionValue), (12 bytes).
    Removing stm32f10x_adc.o(i.ADC_GetFlagStatus), (14 bytes).
    Removing stm32f10x_adc.o(i.ADC_GetITStatus), (28 bytes).
    Removing stm32f10x_adc.o(i.ADC_GetInjectedConversionValue), (20 bytes).
    Removing stm32f10x_adc.o(i.ADC_GetResetCalibrationStatus), (14 bytes).
    Removing stm32f10x_adc.o(i.ADC_GetSoftwareStartConvStatus), (14 bytes).
    Removing stm32f10x_adc.o(i.ADC_GetSoftwareStartInjectedConvCmdStatus), (14 bytes).
    Removing stm32f10x_adc.o(i.ADC_ITConfig), (22 bytes).
    Removing stm32f10x_adc.o(i.ADC_Init), (72 bytes).
    Removing stm32f10x_adc.o(i.ADC_InjectedChannelConfig), (74 bytes).
    Removing stm32f10x_adc.o(i.ADC_InjectedDiscModeCmd), (24 bytes).
    Removing stm32f10x_adc.o(i.ADC_InjectedSequencerLengthConfig), (16 bytes).
    Removing stm32f10x_adc.o(i.ADC_RegularChannelConfig), (116 bytes).
    Removing stm32f10x_adc.o(i.ADC_ResetCalibration), (10 bytes).
    Removing stm32f10x_adc.o(i.ADC_SetInjectedOffset), (16 bytes).
    Removing stm32f10x_adc.o(i.ADC_SoftwareStartConvCmd), (24 bytes).
    Removing stm32f10x_adc.o(i.ADC_SoftwareStartInjectedConvCmd), (24 bytes).
    Removing stm32f10x_adc.o(i.ADC_StartCalibration), (10 bytes).
    Removing stm32f10x_adc.o(i.ADC_StructInit), (18 bytes).
    Removing stm32f10x_adc.o(i.ADC_TempSensorVrefintCmd), (32 bytes).
    Removing stm32f10x_bkp.o(i.BKP_ClearFlag), (16 bytes).
    Removing stm32f10x_bkp.o(i.BKP_ClearITPendingBit), (16 bytes).
    Removing stm32f10x_bkp.o(i.BKP_DeInit), (18 bytes).
    Removing stm32f10x_bkp.o(i.BKP_GetFlagStatus), (12 bytes).
    Removing stm32f10x_bkp.o(i.BKP_GetITStatus), (12 bytes).
    Removing stm32f10x_bkp.o(i.BKP_ITConfig), (12 bytes).
    Removing stm32f10x_bkp.o(i.BKP_RTCOutputConfig), (20 bytes).
    Removing stm32f10x_bkp.o(i.BKP_SetRTCCalibrationValue), (20 bytes).
    Removing stm32f10x_bkp.o(i.BKP_TamperPinCmd), (12 bytes).
    Removing stm32f10x_bkp.o(i.BKP_TamperPinLevelConfig), (12 bytes).
    Removing stm32f10x_dma.o(i.DMA_ClearFlag), (24 bytes).
    Removing stm32f10x_dma.o(i.DMA_ClearITPendingBit), (24 bytes).
    Removing stm32f10x_dma.o(i.DMA_Cmd), (26 bytes).
    Removing stm32f10x_dma.o(i.DMA_DeInit), (248 bytes).
    Removing stm32f10x_dma.o(i.DMA_GetCurrDataCounter), (6 bytes).
    Removing stm32f10x_dma.o(i.DMA_GetFlagStatus), (36 bytes).
    Removing stm32f10x_dma.o(i.DMA_GetITStatus), (36 bytes).
    Removing stm32f10x_dma.o(i.DMA_ITConfig), (20 bytes).
    Removing stm32f10x_dma.o(i.DMA_Init), (58 bytes).
    Removing stm32f10x_dma.o(i.DMA_SetCurrDataCounter), (4 bytes).
    Removing stm32f10x_dma.o(i.DMA_StructInit), (26 bytes).
    Removing stm32f10x_exti.o(i.EXTI_ClearFlag), (12 bytes).
    Removing stm32f10x_exti.o(i.EXTI_ClearITPendingBit), (12 bytes).
    Removing stm32f10x_exti.o(i.EXTI_DeInit), (36 bytes).
    Removing stm32f10x_exti.o(i.EXTI_GenerateSWInterrupt), (16 bytes).
    Removing stm32f10x_exti.o(i.EXTI_GetFlagStatus), (20 bytes).
    Removing stm32f10x_exti.o(i.EXTI_GetITStatus), (32 bytes).
    Removing stm32f10x_exti.o(i.EXTI_Init), (116 bytes).
    Removing stm32f10x_exti.o(i.EXTI_StructInit), (14 bytes).
    Removing stm32f10x_gpio.o(i.GPIO_AFIODeInit), (22 bytes).
    Removing stm32f10x_gpio.o(i.GPIO_DeInit), (216 bytes).
    Removing stm32f10x_gpio.o(i.GPIO_ETH_MediaInterfaceConfig), (12 bytes).
    Removing stm32f10x_gpio.o(i.GPIO_EXTILineConfig), (40 bytes).
    Removing stm32f10x_gpio.o(i.GPIO_EventOutputCmd), (12 bytes).
    Removing stm32f10x_gpio.o(i.GPIO_EventOutputConfig), (28 bytes).
    Removing stm32f10x_gpio.o(i.GPIO_PinLockConfig), (16 bytes).
    Removing stm32f10x_gpio.o(i.GPIO_PinRemapConfig), (92 bytes).
    Removing stm32f10x_gpio.o(i.GPIO_ReadInputData), (6 bytes).
    Removing stm32f10x_gpio.o(i.GPIO_ReadOutputData), (6 bytes).
    Removing stm32f10x_gpio.o(i.GPIO_ReadOutputDataBit), (14 bytes).
    Removing stm32f10x_gpio.o(i.GPIO_ResetBits), (4 bytes).
    Removing stm32f10x_gpio.o(i.GPIO_SetBits), (4 bytes).
    Removing stm32f10x_gpio.o(i.GPIO_StructInit), (16 bytes).
    Removing stm32f10x_gpio.o(i.GPIO_Write), (4 bytes).
    Removing stm32f10x_gpio.o(i.GPIO_WriteBit), (12 bytes).
    Removing stm32f10x_i2c.o(i.I2C_ARPCmd), (24 bytes).
    Removing stm32f10x_i2c.o(i.I2C_AcknowledgeConfig), (24 bytes).
    Removing stm32f10x_i2c.o(i.I2C_CalculatePEC), (24 bytes).
    Removing stm32f10x_i2c.o(i.I2C_CheckEvent), (24 bytes).
    Removing stm32f10x_i2c.o(i.I2C_ClearFlag), (6 bytes).
    Removing stm32f10x_i2c.o(i.I2C_ClearITPendingBit), (6 bytes).
    Removing stm32f10x_i2c.o(i.I2C_Cmd), (24 bytes).
    Removing stm32f10x_i2c.o(i.I2C_DMACmd), (24 bytes).
    Removing stm32f10x_i2c.o(i.I2C_DMALastTransferCmd), (24 bytes).
    Removing stm32f10x_i2c.o(i.I2C_DeInit), (56 bytes).
    Removing stm32f10x_i2c.o(i.I2C_DualAddressCmd), (24 bytes).
    Removing stm32f10x_i2c.o(i.I2C_FastModeDutyCycleConfig), (26 bytes).
    Removing stm32f10x_i2c.o(i.I2C_GeneralCallCmd), (24 bytes).
    Removing stm32f10x_i2c.o(i.I2C_GenerateSTART), (24 bytes).
    Removing stm32f10x_i2c.o(i.I2C_GenerateSTOP), (24 bytes).
    Removing stm32f10x_i2c.o(i.I2C_GetFlagStatus), (50 bytes).
    Removing stm32f10x_i2c.o(i.I2C_GetITStatus), (34 bytes).
    Removing stm32f10x_i2c.o(i.I2C_GetLastEvent), (14 bytes).
    Removing stm32f10x_i2c.o(i.I2C_GetPEC), (6 bytes).
    Removing stm32f10x_i2c.o(i.I2C_ITConfig), (20 bytes).
    Removing stm32f10x_i2c.o(i.I2C_Init), (192 bytes).
    Removing stm32f10x_i2c.o(i.I2C_NACKPositionConfig), (26 bytes).
    Removing stm32f10x_i2c.o(i.I2C_OwnAddress2Config), (16 bytes).
    Removing stm32f10x_i2c.o(i.I2C_PECPositionConfig), (26 bytes).
    Removing stm32f10x_i2c.o(i.I2C_ReadRegister), (16 bytes).
    Removing stm32f10x_i2c.o(i.I2C_ReceiveData), (6 bytes).
    Removing stm32f10x_i2c.o(i.I2C_SMBusAlertConfig), (26 bytes).
    Removing stm32f10x_i2c.o(i.I2C_Send7bitAddress), (18 bytes).
    Removing stm32f10x_i2c.o(i.I2C_SendData), (4 bytes).
    Removing stm32f10x_i2c.o(i.I2C_SoftwareResetCmd), (24 bytes).
    Removing stm32f10x_i2c.o(i.I2C_StretchClockCmd), (24 bytes).
    Removing stm32f10x_i2c.o(i.I2C_StructInit), (28 bytes).
    Removing stm32f10x_i2c.o(i.I2C_TransmitPEC), (24 bytes).
    Removing stm32f10x_iwdg.o(i.IWDG_Enable), (16 bytes).
    Removing stm32f10x_iwdg.o(i.IWDG_GetFlagStatus), (20 bytes).
    Removing stm32f10x_iwdg.o(i.IWDG_ReloadCounter), (16 bytes).
    Removing stm32f10x_iwdg.o(i.IWDG_SetPrescaler), (12 bytes).
    Removing stm32f10x_iwdg.o(i.IWDG_SetReload), (12 bytes).
    Removing stm32f10x_iwdg.o(i.IWDG_WriteAccessCmd), (12 bytes).
    Removing stm32f10x_pwr.o(i.PWR_ClearFlag), (16 bytes).
    Removing stm32f10x_pwr.o(i.PWR_DeInit), (24 bytes).
    Removing stm32f10x_pwr.o(i.PWR_EnterSTANDBYMode), (40 bytes).
    Removing stm32f10x_pwr.o(i.PWR_EnterSTOPMode), (52 bytes).
    Removing stm32f10x_pwr.o(i.PWR_GetFlagStatus), (20 bytes).
    Removing stm32f10x_pwr.o(i.PWR_PVDCmd), (12 bytes).
    Removing stm32f10x_pwr.o(i.PWR_PVDLevelConfig), (20 bytes).
    Removing stm32f10x_pwr.o(i.PWR_WakeUpPinCmd), (12 bytes).
    Removing stm32f10x_rcc.o(i.RCC_ADCCLKConfig), (20 bytes).
    Removing stm32f10x_rcc.o(i.RCC_AHBPeriphClockCmd), (28 bytes).
    Removing stm32f10x_rcc.o(i.RCC_APB1PeriphResetCmd), (28 bytes).
    Removing stm32f10x_rcc.o(i.RCC_APB2PeriphResetCmd), (28 bytes).
    Removing stm32f10x_rcc.o(i.RCC_AdjustHSICalibrationValue), (20 bytes).
    Removing stm32f10x_rcc.o(i.RCC_BackupResetCmd), (12 bytes).
    Removing stm32f10x_rcc.o(i.RCC_ClearFlag), (16 bytes).
    Removing stm32f10x_rcc.o(i.RCC_ClearITPendingBit), (12 bytes).
    Removing stm32f10x_rcc.o(i.RCC_ClockSecuritySystemCmd), (12 bytes).
    Removing stm32f10x_rcc.o(i.RCC_DeInit), (64 bytes).
    Removing stm32f10x_rcc.o(i.RCC_GetITStatus), (20 bytes).
    Removing stm32f10x_rcc.o(i.RCC_GetSYSCLKSource), (16 bytes).
    Removing stm32f10x_rcc.o(i.RCC_HCLKConfig), (20 bytes).
    Removing stm32f10x_rcc.o(i.RCC_HSEConfig), (56 bytes).
    Removing stm32f10x_rcc.o(i.RCC_HSICmd), (12 bytes).
    Removing stm32f10x_rcc.o(i.RCC_ITConfig), (28 bytes).
    Removing stm32f10x_rcc.o(i.RCC_LSICmd), (12 bytes).
    Removing stm32f10x_rcc.o(i.RCC_MCOConfig), (12 bytes).
    Removing stm32f10x_rcc.o(i.RCC_PCLK1Config), (20 bytes).
    Removing stm32f10x_rcc.o(i.RCC_PCLK2Config), (20 bytes).
    Removing stm32f10x_rcc.o(i.RCC_PLLCmd), (12 bytes).
    Removing stm32f10x_rcc.o(i.RCC_PLLConfig), (20 bytes).
    Removing stm32f10x_rcc.o(i.RCC_SYSCLKConfig), (20 bytes).
    Removing stm32f10x_rcc.o(i.RCC_USBCLKConfig), (12 bytes).
    Removing stm32f10x_rcc.o(i.RCC_WaitForHSEStartUp), (48 bytes).
    Removing stm32f10x_rtc.o(i.RTC_ClearFlag), (16 bytes).
    Removing stm32f10x_rtc.o(i.RTC_ClearITPendingBit), (16 bytes).
    Removing stm32f10x_rtc.o(i.RTC_GetCounter), (20 bytes).
    Removing stm32f10x_rtc.o(i.RTC_GetDivider), (24 bytes).
    Removing stm32f10x_rtc.o(i.RTC_GetFlagStatus), (20 bytes).
    Removing stm32f10x_rtc.o(i.RTC_GetITStatus), (32 bytes).
    Removing stm32f10x_rtc.o(i.RTC_ITConfig), (28 bytes).
    Removing stm32f10x_rtc.o(i.RTC_SetAlarm), (32 bytes).
    Removing stm32f10x_spi.o(i.I2S_Cmd), (24 bytes).
    Removing stm32f10x_spi.o(i.I2S_Init), (168 bytes).
    Removing stm32f10x_spi.o(i.I2S_StructInit), (18 bytes).
    Removing stm32f10x_spi.o(i.SPI_BiDirectionalLineConfig), (26 bytes).
    Removing stm32f10x_spi.o(i.SPI_CalculateCRC), (24 bytes).
    Removing stm32f10x_spi.o(i.SPI_Cmd), (24 bytes).
    Removing stm32f10x_spi.o(i.SPI_DataSizeConfig), (16 bytes).
    Removing stm32f10x_spi.o(i.SPI_GetCRC), (12 bytes).
    Removing stm32f10x_spi.o(i.SPI_GetCRCPolynomial), (4 bytes).
    Removing stm32f10x_spi.o(i.SPI_I2S_ClearFlag), (6 bytes).
    Removing stm32f10x_spi.o(i.SPI_I2S_ClearITPendingBit), (14 bytes).
    Removing stm32f10x_spi.o(i.SPI_I2S_DMACmd), (20 bytes).
    Removing stm32f10x_spi.o(i.SPI_I2S_DeInit), (100 bytes).
    Removing stm32f10x_spi.o(i.SPI_I2S_GetFlagStatus), (14 bytes).
    Removing stm32f10x_spi.o(i.SPI_I2S_GetITStatus), (44 bytes).
    Removing stm32f10x_spi.o(i.SPI_I2S_ITConfig), (28 bytes).
    Removing stm32f10x_spi.o(i.SPI_I2S_ReceiveData), (4 bytes).
    Removing stm32f10x_spi.o(i.SPI_I2S_SendData), (4 bytes).
    Removing stm32f10x_spi.o(i.SPI_Init), (56 bytes).
    Removing stm32f10x_spi.o(i.SPI_NSSInternalSoftwareConfig), (28 bytes).
    Removing stm32f10x_spi.o(i.SPI_SSOutputCmd), (24 bytes).
    Removing stm32f10x_spi.o(i.SPI_StructInit), (24 bytes).
    Removing stm32f10x_spi.o(i.SPI_TransmitCRC), (10 bytes).
    Removing stm32f10x_tim.o(i.TI1_Config), (116 bytes).
    Removing stm32f10x_tim.o(i.TI2_Config), (124 bytes).
    Removing stm32f10x_tim.o(i.TI3_Config), (120 bytes).
    Removing stm32f10x_tim.o(i.TI4_Config), (124 bytes).
    Removing stm32f10x_tim.o(i.TIM_ARRPreloadConfig), (24 bytes).
    Removing stm32f10x_tim.o(i.TIM_BDTRConfig), (34 bytes).
    Removing stm32f10x_tim.o(i.TIM_BDTRStructInit), (18 bytes).
    Removing stm32f10x_tim.o(i.TIM_CCPreloadControl), (24 bytes).
    Removing stm32f10x_tim.o(i.TIM_CCxCmd), (22 bytes).
    Removing stm32f10x_tim.o(i.TIM_CCxNCmd), (22 bytes).
    Removing stm32f10x_tim.o(i.TIM_ClearFlag), (6 bytes).
    Removing stm32f10x_tim.o(i.TIM_ClearITPendingBit), (6 bytes).
    Removing stm32f10x_tim.o(i.TIM_ClearOC1Ref), (12 bytes).
    Removing stm32f10x_tim.o(i.TIM_ClearOC2Ref), (20 bytes).
    Removing stm32f10x_tim.o(i.TIM_ClearOC3Ref), (12 bytes).
    Removing stm32f10x_tim.o(i.TIM_ClearOC4Ref), (20 bytes).
    Removing stm32f10x_tim.o(i.TIM_Cmd), (24 bytes).
    Removing stm32f10x_tim.o(i.TIM_CounterModeConfig), (12 bytes).
    Removing stm32f10x_tim.o(i.TIM_CtrlPWMOutputs), (28 bytes).
    Removing stm32f10x_tim.o(i.TIM_DMACmd), (20 bytes).
    Removing stm32f10x_tim.o(i.TIM_DMAConfig), (8 bytes).
    Removing stm32f10x_tim.o(i.TIM_DeInit), (528 bytes).
    Removing stm32f10x_tim.o(i.TIM_ETRClockMode1Config), (32 bytes).
    Removing stm32f10x_tim.o(i.TIM_ETRClockMode2Config), (20 bytes).
    Removing stm32f10x_tim.o(i.TIM_ETRConfig), (24 bytes).
    Removing stm32f10x_tim.o(i.TIM_EncoderInterfaceConfig), (50 bytes).
    Removing stm32f10x_tim.o(i.TIM_ForcedOC1Config), (12 bytes).
    Removing stm32f10x_tim.o(i.TIM_ForcedOC2Config), (20 bytes).
    Removing stm32f10x_tim.o(i.TIM_ForcedOC3Config), (12 bytes).
    Removing stm32f10x_tim.o(i.TIM_ForcedOC4Config), (20 bytes).
    Removing stm32f10x_tim.o(i.TIM_GenerateEvent), (4 bytes).
    Removing stm32f10x_tim.o(i.TIM_GetCapture1), (4 bytes).
    Removing stm32f10x_tim.o(i.TIM_GetCapture2), (4 bytes).
    Removing stm32f10x_tim.o(i.TIM_GetCapture3), (4 bytes).
    Removing stm32f10x_tim.o(i.TIM_GetCapture4), (6 bytes).
    Removing stm32f10x_tim.o(i.TIM_GetCounter), (4 bytes).
    Removing stm32f10x_tim.o(i.TIM_GetFlagStatus), (14 bytes).
    Removing stm32f10x_tim.o(i.TIM_GetITStatus), (24 bytes).
    Removing stm32f10x_tim.o(i.TIM_GetPrescaler), (4 bytes).
    Removing stm32f10x_tim.o(i.TIM_ICInit), (140 bytes).
    Removing stm32f10x_tim.o(i.TIM_ICStructInit), (16 bytes).
    Removing stm32f10x_tim.o(i.TIM_ITConfig), (20 bytes).
    Removing stm32f10x_tim.o(i.TIM_ITRxExternalClockConfig), (20 bytes).
    Removing stm32f10x_tim.o(i.TIM_InternalClockConfig), (10 bytes).
    Removing stm32f10x_tim.o(i.TIM_OC1FastConfig), (12 bytes).
    Removing stm32f10x_tim.o(i.TIM_OC1Init), (136 bytes).
    Removing stm32f10x_tim.o(i.TIM_OC1NPolarityConfig), (12 bytes).
    Removing stm32f10x_tim.o(i.TIM_OC1PolarityConfig), (12 bytes).
    Removing stm32f10x_tim.o(i.TIM_OC1PreloadConfig), (12 bytes).
    Removing stm32f10x_tim.o(i.TIM_OC2FastConfig), (20 bytes).
    Removing stm32f10x_tim.o(i.TIM_OC2Init), (136 bytes).
    Removing stm32f10x_tim.o(i.TIM_OC2NPolarityConfig), (20 bytes).
    Removing stm32f10x_tim.o(i.TIM_OC2PolarityConfig), (20 bytes).
    Removing stm32f10x_tim.o(i.TIM_OC2PreloadConfig), (20 bytes).
    Removing stm32f10x_tim.o(i.TIM_OC3FastConfig), (12 bytes).
    Removing stm32f10x_tim.o(i.TIM_OC3Init), (132 bytes).
    Removing stm32f10x_tim.o(i.TIM_OC3NPolarityConfig), (20 bytes).
    Removing stm32f10x_tim.o(i.TIM_OC3PolarityConfig), (20 bytes).
    Removing stm32f10x_tim.o(i.TIM_OC3PreloadConfig), (12 bytes).
    Removing stm32f10x_tim.o(i.TIM_OC4FastConfig), (20 bytes).
    Removing stm32f10x_tim.o(i.TIM_OC4Init), (104 bytes).
    Removing stm32f10x_tim.o(i.TIM_OC4PolarityConfig), (20 bytes).
    Removing stm32f10x_tim.o(i.TIM_OC4PreloadConfig), (20 bytes).
    Removing stm32f10x_tim.o(i.TIM_OCStructInit), (20 bytes).
    Removing stm32f10x_tim.o(i.TIM_PWMIConfig), (110 bytes).
    Removing stm32f10x_tim.o(i.TIM_PrescalerConfig), (6 bytes).
    Removing stm32f10x_tim.o(i.TIM_SelectCCDMA), (24 bytes).
    Removing stm32f10x_tim.o(i.TIM_SelectCOM), (24 bytes).
    Removing stm32f10x_tim.o(i.TIM_SelectHallSensor), (24 bytes).
    Removing stm32f10x_tim.o(i.TIM_SelectInputTrigger), (12 bytes).
    Removing stm32f10x_tim.o(i.TIM_SelectMasterSlaveMode), (16 bytes).
    Removing stm32f10x_tim.o(i.TIM_SelectOCxM), (76 bytes).
    Removing stm32f10x_tim.o(i.TIM_SelectOnePulseMode), (16 bytes).
    Removing stm32f10x_tim.o(i.TIM_SelectOutputTrigger), (16 bytes).
    Removing stm32f10x_tim.o(i.TIM_SelectSlaveMode), (16 bytes).
    Removing stm32f10x_tim.o(i.TIM_SetAutoreload), (4 bytes).
    Removing stm32f10x_tim.o(i.TIM_SetClockDivision), (16 bytes).
    Removing stm32f10x_tim.o(i.TIM_SetCompare1), (4 bytes).
    Removing stm32f10x_tim.o(i.TIM_SetCompare2), (4 bytes).
    Removing stm32f10x_tim.o(i.TIM_SetCompare3), (4 bytes).
    Removing stm32f10x_tim.o(i.TIM_SetCompare4), (6 bytes).
    Removing stm32f10x_tim.o(i.TIM_SetCounter), (4 bytes).
    Removing stm32f10x_tim.o(i.TIM_SetIC1Prescaler), (16 bytes).
    Removing stm32f10x_tim.o(i.TIM_SetIC2Prescaler), (24 bytes).
    Removing stm32f10x_tim.o(i.TIM_SetIC3Prescaler), (16 bytes).
    Removing stm32f10x_tim.o(i.TIM_SetIC4Prescaler), (24 bytes).
    Removing stm32f10x_tim.o(i.TIM_TIxExternalClockConfig), (48 bytes).
    Removing stm32f10x_tim.o(i.TIM_TimeBaseInit), (156 bytes).
    Removing stm32f10x_tim.o(i.TIM_TimeBaseStructInit), (18 bytes).
    Removing stm32f10x_tim.o(i.TIM_UpdateDisableConfig), (24 bytes).
    Removing stm32f10x_tim.o(i.TIM_UpdateRequestConfig), (24 bytes).
    Removing stm32f10x_usart.o(i.USART_ClearFlag), (8 bytes).
    Removing stm32f10x_usart.o(i.USART_ClearITPendingBit), (16 bytes).
    Removing stm32f10x_usart.o(i.USART_ClockInit), (30 bytes).
    Removing stm32f10x_usart.o(i.USART_ClockStructInit), (12 bytes).
    Removing stm32f10x_usart.o(i.USART_DMACmd), (20 bytes).
    Removing stm32f10x_usart.o(i.USART_DeInit), (164 bytes).
    Removing stm32f10x_usart.o(i.USART_GetITStatus), (64 bytes).
    Removing stm32f10x_usart.o(i.USART_HalfDuplexCmd), (24 bytes).
    Removing stm32f10x_usart.o(i.USART_ITConfig), (54 bytes).
    Removing stm32f10x_usart.o(i.USART_IrDACmd), (24 bytes).
    Removing stm32f10x_usart.o(i.USART_IrDAConfig), (16 bytes).
    Removing stm32f10x_usart.o(i.USART_LINBreakDetectLengthConfig), (16 bytes).
    Removing stm32f10x_usart.o(i.USART_LINCmd), (24 bytes).
    Removing stm32f10x_usart.o(i.USART_OneBitMethodCmd), (24 bytes).
    Removing stm32f10x_usart.o(i.USART_OverSampling8Cmd), (24 bytes).
    Removing stm32f10x_usart.o(i.USART_ReceiveData), (8 bytes).
    Removing stm32f10x_usart.o(i.USART_ReceiverWakeUpCmd), (24 bytes).
    Removing stm32f10x_usart.o(i.USART_SendBreak), (10 bytes).
    Removing stm32f10x_usart.o(i.USART_SetAddress), (16 bytes).
    Removing stm32f10x_usart.o(i.USART_SetGuardTime), (16 bytes).
    Removing stm32f10x_usart.o(i.USART_SetPrescaler), (16 bytes).
    Removing stm32f10x_usart.o(i.USART_SmartCardCmd), (24 bytes).
    Removing stm32f10x_usart.o(i.USART_SmartCardNACKCmd), (24 bytes).
    Removing stm32f10x_usart.o(i.USART_StructInit), (22 bytes).
    Removing stm32f10x_usart.o(i.USART_WakeUpConfig), (16 bytes).
    Removing stm32f10x_wwdg.o(i.WWDG_ClearFlag), (12 bytes).
    Removing stm32f10x_wwdg.o(i.WWDG_DeInit), (24 bytes).
    Removing stm32f10x_wwdg.o(i.WWDG_Enable), (16 bytes).
    Removing stm32f10x_wwdg.o(i.WWDG_EnableIT), (12 bytes).
    Removing stm32f10x_wwdg.o(i.WWDG_GetFlagStatus), (12 bytes).
    Removing stm32f10x_wwdg.o(i.WWDG_SetCounter), (16 bytes).
    Removing stm32f10x_wwdg.o(i.WWDG_SetPrescaler), (20 bytes).
    Removing stm32f10x_wwdg.o(i.WWDG_SetWindowValue), (32 bytes).
    Removing delay.o(i.Delay_s), (24 bytes).
    Removing fadd.o(.text), (176 bytes).
    Removing fflti.o(.text), (18 bytes).
    Removing dflti.o(.text), (34 bytes).
    Removing dfltui.o(.text), (26 bytes).
    Removing dfixi.o(.text), (62 bytes).
    Removing dfixui.o(.text), (50 bytes).
    Removing cdcmple.o(.text), (48 bytes).
    Removing d2f.o(.text), (56 bytes).
    Removing fepilogue.o(.text), (110 bytes).
    Removing drnd.o(.text), (136 bytes).
    Removing dscalb.o(.text), (46 bytes).

379 unused section(s) (total 24282 bytes) removed from the image.

==============================================================================

Image Symbol Table

    Local Symbols

    Symbol Name                              Value     Ov Type        Size  Object(Section)

    ../clib/microlib/division.c              0x00000000   Number         0  uldiv.o ABSOLUTE
    ../clib/microlib/division.c              0x00000000   Number         0  uidiv.o ABSOLUTE
    ../clib/microlib/errno.c                 0x00000000   Number         0  errno.o ABSOLUTE
    ../clib/microlib/init/entry.s            0x00000000   Number         0  entry11b.o ABSOLUTE
    ../clib/microlib/init/entry.s            0x00000000   Number         0  entry5.o ABSOLUTE
    ../clib/microlib/init/entry.s            0x00000000   Number         0  entry.o ABSOLUTE
    ../clib/microlib/init/entry.s            0x00000000   Number         0  entry8a.o ABSOLUTE
    ../clib/microlib/init/entry.s            0x00000000   Number         0  entry8b.o ABSOLUTE
    ../clib/microlib/init/entry.s            0x00000000   Number         0  entry11a.o ABSOLUTE
    ../clib/microlib/init/entry.s            0x00000000   Number         0  entry9a.o ABSOLUTE
    ../clib/microlib/init/entry.s            0x00000000   Number         0  entry7a.o ABSOLUTE
    ../clib/microlib/init/entry.s            0x00000000   Number         0  entry9b.o ABSOLUTE
    ../clib/microlib/init/entry.s            0x00000000   Number         0  entry10a.o ABSOLUTE
    ../clib/microlib/init/entry.s            0x00000000   Number         0  entry2.o ABSOLUTE
    ../clib/microlib/init/entry.s            0x00000000   Number         0  entry12b.o ABSOLUTE
    ../clib/microlib/init/entry.s            0x00000000   Number         0  entry12a.o ABSOLUTE
    ../clib/microlib/init/entry.s            0x00000000   Number         0  entry10b.o ABSOLUTE
    ../clib/microlib/init/entry.s            0x00000000   Number         0  entry7b.o ABSOLUTE
    ../clib/microlib/longlong.c              0x00000000   Number         0  llsshr.o ABSOLUTE
    ../clib/microlib/longlong.c              0x00000000   Number         0  llushr.o ABSOLUTE
    ../clib/microlib/longlong.c              0x00000000   Number         0  llshl.o ABSOLUTE
    ../clib/microlib/printf/printf.c         0x00000000   Number         0  printf1.o ABSOLUTE
    ../clib/microlib/printf/printf.c         0x00000000   Number         0  printf5.o ABSOLUTE
    ../clib/microlib/printf/printf.c         0x00000000   Number         0  printf0.o ABSOLUTE
    ../clib/microlib/printf/printf.c         0x00000000   Number         0  printf6.o ABSOLUTE
    ../clib/microlib/printf/printf.c         0x00000000   Number         0  printf8.o ABSOLUTE
    ../clib/microlib/printf/printf.c         0x00000000   Number         0  printfb.o ABSOLUTE
    ../clib/microlib/printf/printf.c         0x00000000   Number         0  printfa.o ABSOLUTE
    ../clib/microlib/printf/printf.c         0x00000000   Number         0  printf7.o ABSOLUTE
    ../clib/microlib/printf/printf.c         0x00000000   Number         0  printf2.o ABSOLUTE
    ../clib/microlib/printf/printf.c         0x00000000   Number         0  printf4.o ABSOLUTE
    ../clib/microlib/printf/printf.c         0x00000000   Number         0  printf3.o ABSOLUTE
    ../clib/microlib/stdio/streams.c         0x00000000   Number         0  stdout.o ABSOLUTE
    ../clib/microlib/string/memset.c         0x00000000   Number         0  memseta.o ABSOLUTE
    ../clib/microlib/string/strcmp.c         0x00000000   Number         0  strcmp.o ABSOLUTE
    ../clib/microlib/stubs.s                 0x00000000   Number         0  iusefp.o ABSOLUTE
    ../clib/microlib/time/localtime.c        0x00000000   Number         0  localtime.o ABSOLUTE
    ../clib/microlib/time/localtime.c        0x00000000   Number         0  localtime_i.o ABSOLUTE
    ../clib/microlib/time/localtime.c        0x00000000   Number         0  localtime_w.o ABSOLUTE
    ../clib/microlib/time/mktime.c           0x00000000   Number         0  mktime.o ABSOLUTE
    ../fplib/microlib/d2f.c                  0x00000000   Number         0  d2f.o ABSOLUTE
    ../fplib/microlib/fpadd.c                0x00000000   Number         0  dadd.o ABSOLUTE
    ../fplib/microlib/fpadd.c                0x00000000   Number         0  fadd.o ABSOLUTE
    ../fplib/microlib/fpdiv.c                0x00000000   Number         0  ddiv.o ABSOLUTE
    ../fplib/microlib/fpepilogue.c           0x00000000   Number         0  depilogue.o ABSOLUTE
    ../fplib/microlib/fpepilogue.c           0x00000000   Number         0  fepilogue.o ABSOLUTE
    ../fplib/microlib/fpfix.c                0x00000000   Number         0  dfixui.o ABSOLUTE
    ../fplib/microlib/fpfix.c                0x00000000   Number         0  dfixi.o ABSOLUTE
    ../fplib/microlib/fpfix.c                0x00000000   Number         0  dfixul.o ABSOLUTE
    ../fplib/microlib/fpflt.c                0x00000000   Number         0  dfltui.o ABSOLUTE
    ../fplib/microlib/fpflt.c                0x00000000   Number         0  dflti.o ABSOLUTE
    ../fplib/microlib/fpflt.c                0x00000000   Number         0  fflti.o ABSOLUTE
    ../fplib/microlib/fpmul.c                0x00000000   Number         0  dmul.o ABSOLUTE
    ../fplib/microlib/fprnd.c                0x00000000   Number         0  drnd.o ABSOLUTE
    ../fplib/microlib/fpscalb.c              0x00000000   Number         0  dscalb.o ABSOLUTE
    ../mathlib/atan.c                        0x00000000   Number         0  atan.o ABSOLUTE
    ../mathlib/atan.c                        0x00000000   Number         0  atan_x.o ABSOLUTE
    ../mathlib/atan2.c                       0x00000000   Number         0  atan2_x.o ABSOLUTE
    ../mathlib/atan2.c                       0x00000000   Number         0  atan2.o ABSOLUTE
    ../mathlib/dunder.c                      0x00000000   Number         0  dunder.o ABSOLUTE
    ../mathlib/fpclassify.c                  0x00000000   Number         0  fpclassify.o ABSOLUTE
    ../mathlib/poly.c                        0x00000000   Number         0  poly.o ABSOLUTE
    ../mathlib/qnan.c                        0x00000000   Number         0  qnan.o ABSOLUTE
    ../mathlib/round.c                       0x00000000   Number         0  round.o ABSOLUTE
    ..\App\Src\app_key.c                     0x00000000   Number         0  app_key.o ABSOLUTE
    ..\App\Src\app_menu.c                    0x00000000   Number         0  app_menu.o ABSOLUTE
    ..\BSP\Dev\Src\bsp_key.c                 0x00000000   Number         0  bsp_key.o ABSOLUTE
    ..\BSP\Dev\Src\bsp_led.c                 0x00000000   Number         0  bsp_led.o ABSOLUTE
    ..\BSP\Dev\Src\bsp_oled.c                0x00000000   Number         0  bsp_oled.o ABSOLUTE
    ..\BSP\Dev\Src\bsp_oled_data.c           0x00000000   Number         0  bsp_oled_data.o ABSOLUTE
    ..\BSP\MCU\Src\bsp_dwt.c                 0x00000000   Number         0  bsp_dwt.o ABSOLUTE
    ..\BSP\MCU\Src\bsp_i2c_sw.c              0x00000000   Number         0  bsp_i2c_sw.o ABSOLUTE
    ..\BSP\MCU\Src\bsp_rtc.c                 0x00000000   Number         0  bsp_rtc.o ABSOLUTE
    ..\BSP\MCU\Src\bsp_sys_tick.c            0x00000000   Number         0  bsp_sys_tick.o ABSOLUTE
    ..\BSP\MCU\Src\bsp_uart.c                0x00000000   Number         0  bsp_uart.o ABSOLUTE
    ..\Core\startup_stm32f10x_md.s           0x00000000   Number         0  startup_stm32f10x_md.o ABSOLUTE
    ..\Lib\CMSIS\core_cm3.c                  0x00000000   Number         0  core_cm3.o ABSOLUTE
    ..\Lib\CMSIS\system_stm32f10x.c          0x00000000   Number         0  system_stm32f10x.o ABSOLUTE
    ..\Lib\STM32F10x_StdPeriph_Driver\Src\misc.c 0x00000000   Number         0  misc.o ABSOLUTE
    ..\Lib\STM32F10x_StdPeriph_Driver\Src\stm32f10x_adc.c 0x00000000   Number         0  stm32f10x_adc.o ABSOLUTE
    ..\Lib\STM32F10x_StdPeriph_Driver\Src\stm32f10x_bkp.c 0x00000000   Number         0  stm32f10x_bkp.o ABSOLUTE
    ..\Lib\STM32F10x_StdPeriph_Driver\Src\stm32f10x_dma.c 0x00000000   Number         0  stm32f10x_dma.o ABSOLUTE
    ..\Lib\STM32F10x_StdPeriph_Driver\Src\stm32f10x_exti.c 0x00000000   Number         0  stm32f10x_exti.o ABSOLUTE
    ..\Lib\STM32F10x_StdPeriph_Driver\Src\stm32f10x_gpio.c 0x00000000   Number         0  stm32f10x_gpio.o ABSOLUTE
    ..\Lib\STM32F10x_StdPeriph_Driver\Src\stm32f10x_i2c.c 0x00000000   Number         0  stm32f10x_i2c.o ABSOLUTE
    ..\Lib\STM32F10x_StdPeriph_Driver\Src\stm32f10x_iwdg.c 0x00000000   Number         0  stm32f10x_iwdg.o ABSOLUTE
    ..\Lib\STM32F10x_StdPeriph_Driver\Src\stm32f10x_pwr.c 0x00000000   Number         0  stm32f10x_pwr.o ABSOLUTE
    ..\Lib\STM32F10x_StdPeriph_Driver\Src\stm32f10x_rcc.c 0x00000000   Number         0  stm32f10x_rcc.o ABSOLUTE
    ..\Lib\STM32F10x_StdPeriph_Driver\Src\stm32f10x_rtc.c 0x00000000   Number         0  stm32f10x_rtc.o ABSOLUTE
    ..\Lib\STM32F10x_StdPeriph_Driver\Src\stm32f10x_spi.c 0x00000000   Number         0  stm32f10x_spi.o ABSOLUTE
    ..\Lib\STM32F10x_StdPeriph_Driver\Src\stm32f10x_tim.c 0x00000000   Number         0  stm32f10x_tim.o ABSOLUTE
    ..\Lib\STM32F10x_StdPeriph_Driver\Src\stm32f10x_usart.c 0x00000000   Number         0  stm32f10x_usart.o ABSOLUTE
    ..\Lib\STM32F10x_StdPeriph_Driver\Src\stm32f10x_wwdg.c 0x00000000   Number         0  stm32f10x_wwdg.o ABSOLUTE
    ..\Src\bsp_init.c                        0x00000000   Number         0  bsp_init.o ABSOLUTE
    ..\Src\main.c                            0x00000000   Number         0  main.o ABSOLUTE
    ..\Src\stm32f10x_it.c                    0x00000000   Number         0  stm32f10x_it.o ABSOLUTE
    ..\Utils\Src\delay.c                     0x00000000   Number         0  delay.o ABSOLUTE
    ..\\Lib\\CMSIS\\core_cm3.c               0x00000000   Number         0  core_cm3.o ABSOLUTE
    cdcmple.s                                0x00000000   Number         0  cdcmple.o ABSOLUTE
    cdrcmple.s                               0x00000000   Number         0  cdrcmple.o ABSOLUTE
    dc.s                                     0x00000000   Number         0  dc.o ABSOLUTE
    handlers.s                               0x00000000   Number         0  handlers.o ABSOLUTE
    init.s                                   0x00000000   Number         0  init.o ABSOLUTE
    RESET                                    0x08000000   Section      236  startup_stm32f10x_md.o(RESET)
    .ARM.Collect$$$$00000000                 0x080000ec   Section        0  entry.o(.ARM.Collect$$$$00000000)
    .ARM.Collect$$$$00000001                 0x080000ec   Section        4  entry2.o(.ARM.Collect$$$$00000001)
    .ARM.Collect$$$$00000004                 0x080000f0   Section        4  entry5.o(.ARM.Collect$$$$00000004)
    .ARM.Collect$$$$00000008                 0x080000f4   Section        0  entry7b.o(.ARM.Collect$$$$00000008)
    .ARM.Collect$$$$0000000A                 0x080000f4   Section        0  entry8b.o(.ARM.Collect$$$$0000000A)
    .ARM.Collect$$$$0000000B                 0x080000f4   Section        8  entry9a.o(.ARM.Collect$$$$0000000B)
    .ARM.Collect$$$$0000000E                 0x080000fc   Section        4  entry12b.o(.ARM.Collect$$$$0000000E)
    .ARM.Collect$$$$0000000F                 0x08000100   Section        0  entry10a.o(.ARM.Collect$$$$0000000F)
    .ARM.Collect$$$$00000011                 0x08000100   Section        0  entry11a.o(.ARM.Collect$$$$00000011)
    .ARM.Collect$$$$00002712                 0x08000100   Section        4  entry2.o(.ARM.Collect$$$$00002712)
    __lit__00000000                          0x08000100   Data           4  entry2.o(.ARM.Collect$$$$00002712)
    .text                                    0x08000104   Section       36  startup_stm32f10x_md.o(.text)
    .text                                    0x08000128   Section        0  mktime.o(.text)
    .text                                    0x080001d0   Section        0  memseta.o(.text)
    .text                                    0x080001f4   Section        0  dadd.o(.text)
    .text                                    0x08000342   Section        0  dmul.o(.text)
    .text                                    0x08000426   Section        0  ddiv.o(.text)
    .text                                    0x08000504   Section       48  cdrcmple.o(.text)
    .text                                    0x08000534   Section        0  uidiv.o(.text)
    .text                                    0x08000560   Section        0  uldiv.o(.text)
    .text                                    0x080005c2   Section        0  llshl.o(.text)
    .text                                    0x080005e0   Section        0  llushr.o(.text)
    .text                                    0x08000600   Section        0  llsshr.o(.text)
    .text                                    0x08000624   Section        0  localtime_i.o(.text)
    .text                                    0x080006b0   Section        0  depilogue.o(.text)
    .text                                    0x080006b0   Section        0  iusefp.o(.text)
    .text                                    0x0800076a   Section        0  dfixul.o(.text)
    .text                                    0x0800079c   Section       36  init.o(.text)
    i.App_KeyInit                            0x080007c0   Section        0  app_key.o(i.App_KeyInit)
    i.App_KeyScanTask                        0x08000808   Section        0  app_key.o(i.App_KeyScanTask)
    i.BKP_ReadBackupRegister                 0x08000840   Section        0  stm32f10x_bkp.o(i.BKP_ReadBackupRegister)
    i.BKP_WriteBackupRegister                0x08000854   Section        0  stm32f10x_bkp.o(i.BKP_WriteBackupRegister)
    i.BSP_Init                               0x08000868   Section        0  bsp_init.o(i.BSP_Init)
    i.DWT_Init                               0x08000884   Section        0  bsp_dwt.o(i.DWT_Init)
    i.DateTimeToTimestamp                    0x080008a8   Section        0  bsp_rtc.o(i.DateTimeToTimestamp)
    DateTimeToTimestamp                      0x080008a9   Thumb Code    54  bsp_rtc.o(i.DateTimeToTimestamp)
    i.Delay_ms                               0x080008de   Section        0  delay.o(i.Delay_ms)
    i.Delay_us                               0x080008f8   Section        0  delay.o(i.Delay_us)
    i.GPIO_Init                              0x08000910   Section        0  stm32f10x_gpio.o(i.GPIO_Init)
    i.GPIO_ReadInputDataBit                  0x080009b6   Section        0  stm32f10x_gpio.o(i.GPIO_ReadInputDataBit)
    i.I2C_SW_Init                            0x080009c4   Section        0  bsp_i2c_sw.o(i.I2C_SW_Init)
    i.I2C_SW_SendByte                        0x080009f0   Section        0  bsp_i2c_sw.o(i.I2C_SW_SendByte)
    i.I2C_SW_Start                           0x08000a60   Section        0  bsp_i2c_sw.o(i.I2C_SW_Start)
    i.I2C_SW_Stop                            0x08000a94   Section        0  bsp_i2c_sw.o(i.I2C_SW_Stop)
    i.I2C_SW_WaitAck                         0x08000ac8   Section        0  bsp_i2c_sw.o(i.I2C_SW_WaitAck)
    i.Key1_Callback                          0x08000b18   Section        0  app_key.o(i.Key1_Callback)
    Key1_Callback                            0x08000b19   Thumb Code    42  app_key.o(i.Key1_Callback)
    i.Key2_Callback                          0x08000b94   Section        0  app_key.o(i.Key2_Callback)
    Key2_Callback                            0x08000b95   Thumb Code    42  app_key.o(i.Key2_Callback)
    i.Key3_Callback                          0x08000c10   Section        0  app_key.o(i.Key3_Callback)
    Key3_Callback                            0x08000c11   Thumb Code    42  app_key.o(i.Key3_Callback)
    i.Key_Init                               0x08000c8c   Section        0  bsp_key.o(i.Key_Init)
    i.Key_ReadLevel                          0x08000cba   Section        0  bsp_key.o(i.Key_ReadLevel)
    Key_ReadLevel                            0x08000cbb   Thumb Code     8  bsp_key.o(i.Key_ReadLevel)
    i.Key_RegisterCallback                   0x08000cc2   Section        0  bsp_key.o(i.Key_RegisterCallback)
    i.Key_Scan                               0x08000cce   Section        0  bsp_key.o(i.Key_Scan)
    i.OLED_Clear                             0x08000dc8   Section        0  bsp_oled.o(i.OLED_Clear)
    i.OLED_Init                              0x08000df0   Section        0  bsp_oled.o(i.OLED_Init)
    i.OLED_SetCursor                         0x08000e92   Section        0  bsp_oled.o(i.OLED_SetCursor)
    OLED_SetCursor                           0x08000e93   Thumb Code    34  bsp_oled.o(i.OLED_SetCursor)
    i.OLED_Update                            0x08000eb4   Section        0  bsp_oled.o(i.OLED_Update)
    i.OLED_WriteCommand                      0x08000edc   Section        0  bsp_oled.o(i.OLED_WriteCommand)
    OLED_WriteCommand                        0x08000edd   Thumb Code    46  bsp_oled.o(i.OLED_WriteCommand)
    i.OLED_WriteData                         0x08000f0a   Section        0  bsp_oled.o(i.OLED_WriteData)
    OLED_WriteData                           0x08000f0b   Thumb Code    60  bsp_oled.o(i.OLED_WriteData)
    i.PWR_BackupAccessCmd                    0x08000f48   Section        0  stm32f10x_pwr.o(i.PWR_BackupAccessCmd)
    i.RCC_APB1PeriphClockCmd                 0x08000f54   Section        0  stm32f10x_rcc.o(i.RCC_APB1PeriphClockCmd)
    i.RCC_APB2PeriphClockCmd                 0x08000f70   Section        0  stm32f10x_rcc.o(i.RCC_APB2PeriphClockCmd)
    i.RCC_GetClocksFreq                      0x08000f8c   Section        0  stm32f10x_rcc.o(i.RCC_GetClocksFreq)
    i.RCC_GetFlagStatus                      0x08001038   Section        0  stm32f10x_rcc.o(i.RCC_GetFlagStatus)
    i.RCC_LSEConfig                          0x08001068   Section        0  stm32f10x_rcc.o(i.RCC_LSEConfig)
    i.RCC_RTCCLKCmd                          0x08001090   Section        0  stm32f10x_rcc.o(i.RCC_RTCCLKCmd)
    i.RCC_RTCCLKConfig                       0x0800109c   Section        0  stm32f10x_rcc.o(i.RCC_RTCCLKConfig)
    i.RTC_EnterConfigMode                    0x080010ac   Section        0  stm32f10x_rtc.o(i.RTC_EnterConfigMode)
    i.RTC_ExitConfigMode                     0x080010bc   Section        0  stm32f10x_rtc.o(i.RTC_ExitConfigMode)
    i.RTC_Init                               0x080010cc   Section        0  bsp_rtc.o(i.RTC_Init)
    i.RTC_SetCounter                         0x08001148   Section        0  stm32f10x_rtc.o(i.RTC_SetCounter)
    i.RTC_SetPrescaler                       0x08001168   Section        0  stm32f10x_rtc.o(i.RTC_SetPrescaler)
    i.RTC_SetTimeStamp                       0x08001188   Section        0  bsp_rtc.o(i.RTC_SetTimeStamp)
    i.RTC_WaitForLastTask                    0x080011a4   Section        0  stm32f10x_rtc.o(i.RTC_WaitForLastTask)
    i.RTC_WaitForSynchro                     0x080011b4   Section        0  stm32f10x_rtc.o(i.RTC_WaitForSynchro)
    i.SetSysClock                            0x080011cc   Section        0  system_stm32f10x.o(i.SetSysClock)
    SetSysClock                              0x080011cd   Thumb Code     4  system_stm32f10x.o(i.SetSysClock)
    i.SetSysClockTo72                        0x080011d0   Section        0  system_stm32f10x.o(i.SetSysClockTo72)
    SetSysClockTo72                          0x080011d1   Thumb Code   166  system_stm32f10x.o(i.SetSysClockTo72)
    i.SysTick_GetTick                        0x08001280   Section        0  bsp_sys_tick.o(i.SysTick_GetTick)
    i.SysTick_Handler                        0x0800128c   Section        0  stm32f10x_it.o(i.SysTick_Handler)
    i.SysTick_Init                           0x08001290   Section        0  bsp_sys_tick.o(i.SysTick_Init)
    i.SysTick_Update                         0x080012bc   Section        0  bsp_sys_tick.o(i.SysTick_Update)
    i.SystemInit                             0x080012cc   Section        0  system_stm32f10x.o(i.SystemInit)
    i.UART1_Init                             0x0800131c   Section        0  bsp_uart.o(i.UART1_Init)
    i.UART1_SendByte                         0x080013a0   Section        0  bsp_uart.o(i.UART1_SendByte)
    i.USART_Cmd                              0x080013cc   Section        0  stm32f10x_usart.o(i.USART_Cmd)
    i.USART_GetFlagStatus                    0x080013e4   Section        0  stm32f10x_usart.o(i.USART_GetFlagStatus)
    i.USART_Init                             0x080013f4   Section        0  stm32f10x_usart.o(i.USART_Init)
    i.USART_SendData                         0x080014b0   Section        0  stm32f10x_usart.o(i.USART_SendData)
    i.__0printf                              0x080014b8   Section        0  printfa.o(i.__0printf)
    i.__scatterload_copy                     0x080014d8   Section       14  handlers.o(i.__scatterload_copy)
    i.__scatterload_null                     0x080014e6   Section        2  handlers.o(i.__scatterload_null)
    i.__scatterload_zeroinit                 0x080014e8   Section       14  handlers.o(i.__scatterload_zeroinit)
    i._fp_digits                             0x080014f8   Section        0  printfa.o(i._fp_digits)
    _fp_digits                               0x080014f9   Thumb Code   366  printfa.o(i._fp_digits)
    i._printf_core                           0x0800167c   Section        0  printfa.o(i._printf_core)
    _printf_core                             0x0800167d   Thumb Code  1704  printfa.o(i._printf_core)
    i._printf_post_padding                   0x08001d30   Section        0  printfa.o(i._printf_post_padding)
    _printf_post_padding                     0x08001d31   Thumb Code    36  printfa.o(i._printf_post_padding)
    i._printf_pre_padding                    0x08001d54   Section        0  printfa.o(i._printf_pre_padding)
    _printf_pre_padding                      0x08001d55   Thumb Code    46  printfa.o(i._printf_pre_padding)
    i.fputc                                  0x08001d82   Section        0  bsp_uart.o(i.fputc)
    i.main                                   0x08001d90   Section        0  main.o(i.main)
    .constdata                               0x08001dbc   Section        8  bsp_rtc.o(.constdata)
    RTC_StartTime                            0x08001dbc   Data           8  bsp_rtc.o(.constdata)
    .constdata                               0x08001dc4   Section       12  mktime.o(.constdata)
    monlen                                   0x08001dc4   Data          12  mktime.o(.constdata)
    .constdata                               0x08001dd0   Section       12  localtime_i.o(.constdata)
    monlen                                   0x08001dd0   Data          12  localtime_i.o(.constdata)
    .data                                    0x20000000   Section      100  app_key.o(.data)
    tick                                     0x20000000   Data           4  app_key.o(.data)
    Key1                                     0x20000004   Data          32  app_key.o(.data)
    Key2                                     0x20000024   Data          32  app_key.o(.data)
    Key3                                     0x20000044   Data          32  app_key.o(.data)
    .data                                    0x20000064   Section        4  bsp_sys_tick.o(.data)
    tick_count                               0x20000064   Data           4  bsp_sys_tick.o(.data)
    .data                                    0x20000068   Section       20  system_stm32f10x.o(.data)
    .data                                    0x2000007c   Section       20  stm32f10x_rcc.o(.data)
    ADCPrescTable                            0x2000007c   Data           4  stm32f10x_rcc.o(.data)
    APBAHBPrescTable                         0x20000080   Data          16  stm32f10x_rcc.o(.data)
    .data                                    0x20000090   Section        4  stdout.o(.data)
    .bss                                     0x20000094   Section     1024  bsp_oled.o(.bss)
    STACK                                    0x20000498   Section     1024  startup_stm32f10x_md.o(STACK)

    Global Symbols

    Symbol Name                              Value     Ov Type        Size  Object(Section)

    BuildAttributes$$THM_ISAv4$P$D$K$B$S$PE$A:L22UL41UL21$X:L11$S22US41US21$IEEE1$IW$USESV6$~STKCKD$USESV7$~SHL$OTIME$ROPI$IEEEX$EBA8$MICROLIB$REQ8$PRES8$EABIv2 0x00000000   Number         0  anon$$obj.o ABSOLUTE
    __ARM_use_no_argv                        0x00000000   Number         0  main.o ABSOLUTE
    __arm_fini_                               - Undefined Weak Reference
    __cpp_initialize__aeabi_                  - Undefined Weak Reference
    __cxa_finalize                            - Undefined Weak Reference
    __decompress                              - Undefined Weak Reference
    _clock_init                               - Undefined Weak Reference
    _microlib_exit                            - Undefined Weak Reference
    __Vectors_Size                           0x000000ec   Number         0  startup_stm32f10x_md.o ABSOLUTE
    __Vectors                                0x08000000   Data           4  startup_stm32f10x_md.o(RESET)
    __Vectors_End                            0x080000ec   Data           0  startup_stm32f10x_md.o(RESET)
    __main                                   0x080000ed   Thumb Code     0  entry.o(.ARM.Collect$$$$00000000)
    _main_stk                                0x080000ed   Thumb Code     0  entry2.o(.ARM.Collect$$$$00000001)
    _main_scatterload                        0x080000f1   Thumb Code     0  entry5.o(.ARM.Collect$$$$00000004)
    __main_after_scatterload                 0x080000f5   Thumb Code     0  entry5.o(.ARM.Collect$$$$00000004)
    _main_clock                              0x080000f5   Thumb Code     0  entry7b.o(.ARM.Collect$$$$00000008)
    _main_cpp_init                           0x080000f5   Thumb Code     0  entry8b.o(.ARM.Collect$$$$0000000A)
    _main_init                               0x080000f5   Thumb Code     0  entry9a.o(.ARM.Collect$$$$0000000B)
    __rt_lib_shutdown_fini                   0x080000fd   Thumb Code     0  entry12b.o(.ARM.Collect$$$$0000000E)
    __rt_final_cpp                           0x08000101   Thumb Code     0  entry10a.o(.ARM.Collect$$$$0000000F)
    __rt_final_exit                          0x08000101   Thumb Code     0  entry11a.o(.ARM.Collect$$$$00000011)
    Reset_Handler                            0x08000105   Thumb Code     8  startup_stm32f10x_md.o(.text)
    NMI_Handler                              0x0800010d   Thumb Code     2  startup_stm32f10x_md.o(.text)
    HardFault_Handler                        0x0800010f   Thumb Code     2  startup_stm32f10x_md.o(.text)
    MemManage_Handler                        0x08000111   Thumb Code     2  startup_stm32f10x_md.o(.text)
    BusFault_Handler                         0x08000113   Thumb Code     2  startup_stm32f10x_md.o(.text)
    UsageFault_Handler                       0x08000115   Thumb Code     2  startup_stm32f10x_md.o(.text)
    SVC_Handler                              0x08000117   Thumb Code     2  startup_stm32f10x_md.o(.text)
    DebugMon_Handler                         0x08000119   Thumb Code     2  startup_stm32f10x_md.o(.text)
    PendSV_Handler                           0x0800011b   Thumb Code     2  startup_stm32f10x_md.o(.text)
    ADC1_2_IRQHandler                        0x0800011f   Thumb Code     0  startup_stm32f10x_md.o(.text)
    CAN1_RX1_IRQHandler                      0x0800011f   Thumb Code     0  startup_stm32f10x_md.o(.text)
    CAN1_SCE_IRQHandler                      0x0800011f   Thumb Code     0  startup_stm32f10x_md.o(.text)
    DMA1_Channel1_IRQHandler                 0x0800011f   Thumb Code     0  startup_stm32f10x_md.o(.text)
    DMA1_Channel2_IRQHandler                 0x0800011f   Thumb Code     0  startup_stm32f10x_md.o(.text)
    DMA1_Channel3_IRQHandler                 0x0800011f   Thumb Code     0  startup_stm32f10x_md.o(.text)
    DMA1_Channel4_IRQHandler                 0x0800011f   Thumb Code     0  startup_stm32f10x_md.o(.text)
    DMA1_Channel5_IRQHandler                 0x0800011f   Thumb Code     0  startup_stm32f10x_md.o(.text)
    DMA1_Channel6_IRQHandler                 0x0800011f   Thumb Code     0  startup_stm32f10x_md.o(.text)
    DMA1_Channel7_IRQHandler                 0x0800011f   Thumb Code     0  startup_stm32f10x_md.o(.text)
    EXTI0_IRQHandler                         0x0800011f   Thumb Code     0  startup_stm32f10x_md.o(.text)
    EXTI15_10_IRQHandler                     0x0800011f   Thumb Code     0  startup_stm32f10x_md.o(.text)
    EXTI1_IRQHandler                         0x0800011f   Thumb Code     0  startup_stm32f10x_md.o(.text)
    EXTI2_IRQHandler                         0x0800011f   Thumb Code     0  startup_stm32f10x_md.o(.text)
    EXTI3_IRQHandler                         0x0800011f   Thumb Code     0  startup_stm32f10x_md.o(.text)
    EXTI4_IRQHandler                         0x0800011f   Thumb Code     0  startup_stm32f10x_md.o(.text)
    EXTI9_5_IRQHandler                       0x0800011f   Thumb Code     0  startup_stm32f10x_md.o(.text)
    FLASH_IRQHandler                         0x0800011f   Thumb Code     0  startup_stm32f10x_md.o(.text)
    I2C1_ER_IRQHandler                       0x0800011f   Thumb Code     0  startup_stm32f10x_md.o(.text)
    I2C1_EV_IRQHandler                       0x0800011f   Thumb Code     0  startup_stm32f10x_md.o(.text)
    I2C2_ER_IRQHandler                       0x0800011f   Thumb Code     0  startup_stm32f10x_md.o(.text)
    I2C2_EV_IRQHandler                       0x0800011f   Thumb Code     0  startup_stm32f10x_md.o(.text)
    PVD_IRQHandler                           0x0800011f   Thumb Code     0  startup_stm32f10x_md.o(.text)
    RCC_IRQHandler                           0x0800011f   Thumb Code     0  startup_stm32f10x_md.o(.text)
    RTCAlarm_IRQHandler                      0x0800011f   Thumb Code     0  startup_stm32f10x_md.o(.text)
    RTC_IRQHandler                           0x0800011f   Thumb Code     0  startup_stm32f10x_md.o(.text)
    SPI1_IRQHandler                          0x0800011f   Thumb Code     0  startup_stm32f10x_md.o(.text)
    SPI2_IRQHandler                          0x0800011f   Thumb Code     0  startup_stm32f10x_md.o(.text)
    TAMPER_IRQHandler                        0x0800011f   Thumb Code     0  startup_stm32f10x_md.o(.text)
    TIM1_BRK_IRQHandler                      0x0800011f   Thumb Code     0  startup_stm32f10x_md.o(.text)
    TIM1_CC_IRQHandler                       0x0800011f   Thumb Code     0  startup_stm32f10x_md.o(.text)
    TIM1_TRG_COM_IRQHandler                  0x0800011f   Thumb Code     0  startup_stm32f10x_md.o(.text)
    TIM1_UP_IRQHandler                       0x0800011f   Thumb Code     0  startup_stm32f10x_md.o(.text)
    TIM2_IRQHandler                          0x0800011f   Thumb Code     0  startup_stm32f10x_md.o(.text)
    TIM3_IRQHandler                          0x0800011f   Thumb Code     0  startup_stm32f10x_md.o(.text)
    TIM4_IRQHandler                          0x0800011f   Thumb Code     0  startup_stm32f10x_md.o(.text)
    USART1_IRQHandler                        0x0800011f   Thumb Code     0  startup_stm32f10x_md.o(.text)
    USART2_IRQHandler                        0x0800011f   Thumb Code     0  startup_stm32f10x_md.o(.text)
    USART3_IRQHandler                        0x0800011f   Thumb Code     0  startup_stm32f10x_md.o(.text)
    USBWakeUp_IRQHandler                     0x0800011f   Thumb Code     0  startup_stm32f10x_md.o(.text)
    USB_HP_CAN1_TX_IRQHandler                0x0800011f   Thumb Code     0  startup_stm32f10x_md.o(.text)
    USB_LP_CAN1_RX0_IRQHandler               0x0800011f   Thumb Code     0  startup_stm32f10x_md.o(.text)
    WWDG_IRQHandler                          0x0800011f   Thumb Code     0  startup_stm32f10x_md.o(.text)
    mktime                                   0x08000129   Thumb Code   150  mktime.o(.text)
    __aeabi_memset                           0x080001d1   Thumb Code    14  memseta.o(.text)
    __aeabi_memset4                          0x080001d1   Thumb Code     0  memseta.o(.text)
    __aeabi_memset8                          0x080001d1   Thumb Code     0  memseta.o(.text)
    __aeabi_memclr                           0x080001df   Thumb Code     4  memseta.o(.text)
    __aeabi_memclr4                          0x080001df   Thumb Code     0  memseta.o(.text)
    __aeabi_memclr8                          0x080001df   Thumb Code     0  memseta.o(.text)
    _memset$wrapper                          0x080001e3   Thumb Code    18  memseta.o(.text)
    __aeabi_dadd                             0x080001f5   Thumb Code   322  dadd.o(.text)
    __aeabi_dsub                             0x08000337   Thumb Code     6  dadd.o(.text)
    __aeabi_drsub                            0x0800033d   Thumb Code     6  dadd.o(.text)
    __aeabi_dmul                             0x08000343   Thumb Code   228  dmul.o(.text)
    __aeabi_ddiv                             0x08000427   Thumb Code   222  ddiv.o(.text)
    __aeabi_cdrcmple                         0x08000505   Thumb Code    48  cdrcmple.o(.text)
    __aeabi_uidiv                            0x08000535   Thumb Code     0  uidiv.o(.text)
    __aeabi_uidivmod                         0x08000535   Thumb Code    44  uidiv.o(.text)
    __aeabi_uldivmod                         0x08000561   Thumb Code    98  uldiv.o(.text)
    __aeabi_llsl                             0x080005c3   Thumb Code    30  llshl.o(.text)
    _ll_shift_l                              0x080005c3   Thumb Code     0  llshl.o(.text)
    __aeabi_llsr                             0x080005e1   Thumb Code    32  llushr.o(.text)
    _ll_ushift_r                             0x080005e1   Thumb Code     0  llushr.o(.text)
    __aeabi_lasr                             0x08000601   Thumb Code    36  llsshr.o(.text)
    _ll_sshift_r                             0x08000601   Thumb Code     0  llsshr.o(.text)
    _localtime                               0x08000625   Thumb Code   134  localtime_i.o(.text)
    __I$use$fp                               0x080006b1   Thumb Code     0  iusefp.o(.text)
    _double_round                            0x080006b1   Thumb Code    30  depilogue.o(.text)
    _double_epilogue                         0x080006cf   Thumb Code   156  depilogue.o(.text)
    __aeabi_d2ulz                            0x0800076b   Thumb Code    48  dfixul.o(.text)
    __scatterload                            0x0800079d   Thumb Code    28  init.o(.text)
    __scatterload_rt2                        0x0800079d   Thumb Code     0  init.o(.text)
    App_KeyInit                              0x080007c1   Thumb Code    56  app_key.o(i.App_KeyInit)
    App_KeyScanTask                          0x08000809   Thumb Code    50  app_key.o(i.App_KeyScanTask)
    BKP_ReadBackupRegister                   0x08000841   Thumb Code    14  stm32f10x_bkp.o(i.BKP_ReadBackupRegister)
    BKP_WriteBackupRegister                  0x08000855   Thumb Code    14  stm32f10x_bkp.o(i.BKP_WriteBackupRegister)
    BSP_Init                                 0x08000869   Thumb Code    26  bsp_init.o(i.BSP_Init)
    DWT_Init                                 0x08000885   Thumb Code    26  bsp_dwt.o(i.DWT_Init)
    Delay_ms                                 0x080008df   Thumb Code    24  delay.o(i.Delay_ms)
    Delay_us                                 0x080008f9   Thumb Code    20  delay.o(i.Delay_us)
    GPIO_Init                                0x08000911   Thumb Code   166  stm32f10x_gpio.o(i.GPIO_Init)
    GPIO_ReadInputDataBit                    0x080009b7   Thumb Code    14  stm32f10x_gpio.o(i.GPIO_ReadInputDataBit)
    I2C_SW_Init                              0x080009c5   Thumb Code    40  bsp_i2c_sw.o(i.I2C_SW_Init)
    I2C_SW_SendByte                          0x080009f1   Thumb Code   108  bsp_i2c_sw.o(i.I2C_SW_SendByte)
    I2C_SW_Start                             0x08000a61   Thumb Code    48  bsp_i2c_sw.o(i.I2C_SW_Start)
    I2C_SW_Stop                              0x08000a95   Thumb Code    48  bsp_i2c_sw.o(i.I2C_SW_Stop)
    I2C_SW_WaitAck                           0x08000ac9   Thumb Code    76  bsp_i2c_sw.o(i.I2C_SW_WaitAck)
    Key_Init                                 0x08000c8d   Thumb Code    46  bsp_key.o(i.Key_Init)
    Key_RegisterCallback                     0x08000cc3   Thumb Code    12  bsp_key.o(i.Key_RegisterCallback)
    Key_Scan                                 0x08000ccf   Thumb Code   248  bsp_key.o(i.Key_Scan)
    OLED_Clear                               0x08000dc9   Thumb Code    34  bsp_oled.o(i.OLED_Clear)
    OLED_Init                                0x08000df1   Thumb Code   162  bsp_oled.o(i.OLED_Init)
    OLED_Update                              0x08000eb5   Thumb Code    34  bsp_oled.o(i.OLED_Update)
    PWR_BackupAccessCmd                      0x08000f49   Thumb Code     6  stm32f10x_pwr.o(i.PWR_BackupAccessCmd)
    RCC_APB1PeriphClockCmd                   0x08000f55   Thumb Code    22  stm32f10x_rcc.o(i.RCC_APB1PeriphClockCmd)
    RCC_APB2PeriphClockCmd                   0x08000f71   Thumb Code    22  stm32f10x_rcc.o(i.RCC_APB2PeriphClockCmd)
    RCC_GetClocksFreq                        0x08000f8d   Thumb Code   154  stm32f10x_rcc.o(i.RCC_GetClocksFreq)
    RCC_GetFlagStatus                        0x08001039   Thumb Code    42  stm32f10x_rcc.o(i.RCC_GetFlagStatus)
    RCC_LSEConfig                            0x08001069   Thumb Code    34  stm32f10x_rcc.o(i.RCC_LSEConfig)
    RCC_RTCCLKCmd                            0x08001091   Thumb Code     6  stm32f10x_rcc.o(i.RCC_RTCCLKCmd)
    RCC_RTCCLKConfig                         0x0800109d   Thumb Code    10  stm32f10x_rcc.o(i.RCC_RTCCLKConfig)
    RTC_EnterConfigMode                      0x080010ad   Thumb Code    12  stm32f10x_rtc.o(i.RTC_EnterConfigMode)
    RTC_ExitConfigMode                       0x080010bd   Thumb Code    12  stm32f10x_rtc.o(i.RTC_ExitConfigMode)
    RTC_Init                                 0x080010cd   Thumb Code   118  bsp_rtc.o(i.RTC_Init)
    RTC_SetCounter                           0x08001149   Thumb Code    26  stm32f10x_rtc.o(i.RTC_SetCounter)
    RTC_SetPrescaler                         0x08001169   Thumb Code    28  stm32f10x_rtc.o(i.RTC_SetPrescaler)
    RTC_SetTimeStamp                         0x08001189   Thumb Code    26  bsp_rtc.o(i.RTC_SetTimeStamp)
    RTC_WaitForLastTask                      0x080011a5   Thumb Code    10  stm32f10x_rtc.o(i.RTC_WaitForLastTask)
    RTC_WaitForSynchro                       0x080011b5   Thumb Code    18  stm32f10x_rtc.o(i.RTC_WaitForSynchro)
    SysTick_GetTick                          0x08001281   Thumb Code     6  bsp_sys_tick.o(i.SysTick_GetTick)
    SysTick_Handler                          0x0800128d   Thumb Code     4  stm32f10x_it.o(i.SysTick_Handler)
    SysTick_Init                             0x08001291   Thumb Code    36  bsp_sys_tick.o(i.SysTick_Init)
    SysTick_Update                           0x080012bd   Thumb Code    10  bsp_sys_tick.o(i.SysTick_Update)
    SystemInit                               0x080012cd   Thumb Code    64  system_stm32f10x.o(i.SystemInit)
    UART1_Init                               0x0800131d   Thumb Code   122  bsp_uart.o(i.UART1_Init)
    UART1_SendByte                           0x080013a1   Thumb Code    40  bsp_uart.o(i.UART1_SendByte)
    USART_Cmd                                0x080013cd   Thumb Code    24  stm32f10x_usart.o(i.USART_Cmd)
    USART_GetFlagStatus                      0x080013e5   Thumb Code    14  stm32f10x_usart.o(i.USART_GetFlagStatus)
    USART_Init                               0x080013f5   Thumb Code   182  stm32f10x_usart.o(i.USART_Init)
    USART_SendData                           0x080014b1   Thumb Code     8  stm32f10x_usart.o(i.USART_SendData)
    __0printf                                0x080014b9   Thumb Code    22  printfa.o(i.__0printf)
    __1printf                                0x080014b9   Thumb Code     0  printfa.o(i.__0printf)
    __2printf                                0x080014b9   Thumb Code     0  printfa.o(i.__0printf)
    __c89printf                              0x080014b9   Thumb Code     0  printfa.o(i.__0printf)
    printf                                   0x080014b9   Thumb Code     0  printfa.o(i.__0printf)
    __scatterload_copy                       0x080014d9   Thumb Code    14  handlers.o(i.__scatterload_copy)
    __scatterload_null                       0x080014e7   Thumb Code     2  handlers.o(i.__scatterload_null)
    __scatterload_zeroinit                   0x080014e9   Thumb Code    14  handlers.o(i.__scatterload_zeroinit)
    fputc                                    0x08001d83   Thumb Code    14  bsp_uart.o(i.fputc)
    main                                     0x08001d91   Thumb Code    20  main.o(i.main)
    Region$$Table$$Base                      0x08001ddc   Number         0  anon$$obj.o(Region$$Table)
    Region$$Table$$Limit                     0x08001dfc   Number         0  anon$$obj.o(Region$$Table)
    SystemCoreClock                          0x20000068   Data           4  system_stm32f10x.o(.data)
    AHBPrescTable                            0x2000006c   Data          16  system_stm32f10x.o(.data)
    __stdout                                 0x20000090   Data           4  stdout.o(.data)
    OLED_DisplayBuf                          0x20000094   Data        1024  bsp_oled.o(.bss)
    __initial_sp                             0x20000898   Data           0  startup_stm32f10x_md.o(STACK)



==============================================================================

Memory Map of the image

  Image Entry point : 0x08000105

  Load Region LR_1 (Base: 0x08000000, Size: 0x00001e90, Max: 0xffffffff, ABSOLUTE)

    Execution Region ER_RO (Exec base: 0x08000000, Load base: 0x08000000, Size: 0x00001dfc, Max: 0xffffffff, ABSOLUTE)

    Exec Addr    Load Addr    Size         Type   Attr      Idx    E Section Name        Object

    0x08000000   0x08000000   0x000000ec   Data   RO          596    RESET               startup_stm32f10x_md.o
    0x080000ec   0x080000ec   0x00000000   Code   RO         2852  * .ARM.Collect$$$$00000000  mc_w.l(entry.o)
    0x080000ec   0x080000ec   0x00000004   Code   RO         3175    .ARM.Collect$$$$00000001  mc_w.l(entry2.o)
    0x080000f0   0x080000f0   0x00000004   Code   RO         3178    .ARM.Collect$$$$00000004  mc_w.l(entry5.o)
    0x080000f4   0x080000f4   0x00000000   Code   RO         3180    .ARM.Collect$$$$00000008  mc_w.l(entry7b.o)
    0x080000f4   0x080000f4   0x00000000   Code   RO         3182    .ARM.Collect$$$$0000000A  mc_w.l(entry8b.o)
    0x080000f4   0x080000f4   0x00000008   Code   RO         3183    .ARM.Collect$$$$0000000B  mc_w.l(entry9a.o)
    0x080000fc   0x080000fc   0x00000004   Code   RO         3190    .ARM.Collect$$$$0000000E  mc_w.l(entry12b.o)
    0x08000100   0x08000100   0x00000000   Code   RO         3185    .ARM.Collect$$$$0000000F  mc_w.l(entry10a.o)
    0x08000100   0x08000100   0x00000000   Code   RO         3187    .ARM.Collect$$$$00000011  mc_w.l(entry11a.o)
    0x08000100   0x08000100   0x00000004   Code   RO         3176    .ARM.Collect$$$$00002712  mc_w.l(entry2.o)
    0x08000104   0x08000104   0x00000024   Code   RO          597  * .text               startup_stm32f10x_md.o
    0x08000128   0x08000128   0x000000a8   Code   RO         2859    .text               mc_w.l(mktime.o)
    0x080001d0   0x080001d0   0x00000024   Code   RO         2862    .text               mc_w.l(memseta.o)
    0x080001f4   0x080001f4   0x0000014e   Code   RO         3128    .text               mf_w.l(dadd.o)
    0x08000342   0x08000342   0x000000e4   Code   RO         3130    .text               mf_w.l(dmul.o)
    0x08000426   0x08000426   0x000000de   Code   RO         3132    .text               mf_w.l(ddiv.o)
    0x08000504   0x08000504   0x00000030   Code   RO         3146    .text               mf_w.l(cdrcmple.o)
    0x08000534   0x08000534   0x0000002c   Code   RO         3192    .text               mc_w.l(uidiv.o)
    0x08000560   0x08000560   0x00000062   Code   RO         3194    .text               mc_w.l(uldiv.o)
    0x080005c2   0x080005c2   0x0000001e   Code   RO         3196    .text               mc_w.l(llshl.o)
    0x080005e0   0x080005e0   0x00000020   Code   RO         3198    .text               mc_w.l(llushr.o)
    0x08000600   0x08000600   0x00000024   Code   RO         3200    .text               mc_w.l(llsshr.o)
    0x08000624   0x08000624   0x0000008c   Code   RO         3205    .text               mc_w.l(localtime_i.o)
    0x080006b0   0x080006b0   0x00000000   Code   RO         3215    .text               mc_w.l(iusefp.o)
    0x080006b0   0x080006b0   0x000000ba   Code   RO         3218    .text               mf_w.l(depilogue.o)
    0x0800076a   0x0800076a   0x00000030   Code   RO         3222    .text               mf_w.l(dfixul.o)
    0x0800079a   0x0800079a   0x00000002   PAD
    0x0800079c   0x0800079c   0x00000024   Code   RO         3228    .text               mc_w.l(init.o)
    0x080007c0   0x080007c0   0x00000048   Code   RO           83    i.App_KeyInit       app_key.o
    0x08000808   0x08000808   0x00000038   Code   RO           84    i.App_KeyScanTask   app_key.o
    0x08000840   0x08000840   0x00000014   Code   RO          914    i.BKP_ReadBackupRegister  stm32f10x_bkp.o
    0x08000854   0x08000854   0x00000014   Code   RO          918    i.BKP_WriteBackupRegister  stm32f10x_bkp.o
    0x08000868   0x08000868   0x0000001a   Code   RO         2826    i.BSP_Init          bsp_init.o
    0x08000882   0x08000882   0x00000002   PAD
    0x08000884   0x08000884   0x00000024   Code   RO          582    i.DWT_Init          bsp_dwt.o
    0x080008a8   0x080008a8   0x00000036   Code   RO          484    i.DateTimeToTimestamp  bsp_rtc.o
    0x080008de   0x080008de   0x00000018   Code   RO         2768    i.Delay_ms          delay.o
    0x080008f6   0x080008f6   0x00000002   PAD
    0x080008f8   0x080008f8   0x00000018   Code   RO         2770    i.Delay_us          delay.o
    0x08000910   0x08000910   0x000000a6   Code   RO         1123    i.GPIO_Init         stm32f10x_gpio.o
    0x080009b6   0x080009b6   0x0000000e   Code   RO         1127    i.GPIO_ReadInputDataBit  stm32f10x_gpio.o
    0x080009c4   0x080009c4   0x0000002c   Code   RO          199    i.I2C_SW_Init       bsp_i2c_sw.o
    0x080009f0   0x080009f0   0x00000070   Code   RO          202    i.I2C_SW_SendByte   bsp_i2c_sw.o
    0x08000a60   0x08000a60   0x00000034   Code   RO          203    i.I2C_SW_Start      bsp_i2c_sw.o
    0x08000a94   0x08000a94   0x00000034   Code   RO          204    i.I2C_SW_Stop       bsp_i2c_sw.o
    0x08000ac8   0x08000ac8   0x00000050   Code   RO          205    i.I2C_SW_WaitAck    bsp_i2c_sw.o
    0x08000b18   0x08000b18   0x0000007c   Code   RO           85    i.Key1_Callback     app_key.o
    0x08000b94   0x08000b94   0x0000007c   Code   RO           86    i.Key2_Callback     app_key.o
    0x08000c10   0x08000c10   0x0000007c   Code   RO           87    i.Key3_Callback     app_key.o
    0x08000c8c   0x08000c8c   0x0000002e   Code   RO          520    i.Key_Init          bsp_key.o
    0x08000cba   0x08000cba   0x00000008   Code   RO          521    i.Key_ReadLevel     bsp_key.o
    0x08000cc2   0x08000cc2   0x0000000c   Code   RO          522    i.Key_RegisterCallback  bsp_key.o
    0x08000cce   0x08000cce   0x000000f8   Code   RO          523    i.Key_Scan          bsp_key.o
    0x08000dc6   0x08000dc6   0x00000002   PAD
    0x08000dc8   0x08000dc8   0x00000028   Code   RO          258    i.OLED_Clear        bsp_oled.o
    0x08000df0   0x08000df0   0x000000a2   Code   RO          268    i.OLED_Init         bsp_oled.o
    0x08000e92   0x08000e92   0x00000022   Code   RO          274    i.OLED_SetCursor    bsp_oled.o
    0x08000eb4   0x08000eb4   0x00000028   Code   RO          283    i.OLED_Update       bsp_oled.o
    0x08000edc   0x08000edc   0x0000002e   Code   RO          285    i.OLED_WriteCommand  bsp_oled.o
    0x08000f0a   0x08000f0a   0x0000003c   Code   RO          286    i.OLED_WriteData    bsp_oled.o
    0x08000f46   0x08000f46   0x00000002   PAD
    0x08000f48   0x08000f48   0x0000000c   Code   RO         1483    i.PWR_BackupAccessCmd  stm32f10x_pwr.o
    0x08000f54   0x08000f54   0x0000001c   Code   RO         1545    i.RCC_APB1PeriphClockCmd  stm32f10x_rcc.o
    0x08000f70   0x08000f70   0x0000001c   Code   RO         1547    i.RCC_APB2PeriphClockCmd  stm32f10x_rcc.o
    0x08000f8c   0x08000f8c   0x000000ac   Code   RO         1555    i.RCC_GetClocksFreq  stm32f10x_rcc.o
    0x08001038   0x08001038   0x00000030   Code   RO         1556    i.RCC_GetFlagStatus  stm32f10x_rcc.o
    0x08001068   0x08001068   0x00000028   Code   RO         1563    i.RCC_LSEConfig     stm32f10x_rcc.o
    0x08001090   0x08001090   0x0000000c   Code   RO         1570    i.RCC_RTCCLKCmd     stm32f10x_rcc.o
    0x0800109c   0x0800109c   0x00000010   Code   RO         1571    i.RCC_RTCCLKConfig  stm32f10x_rcc.o
    0x080010ac   0x080010ac   0x00000010   Code   RO         1745    i.RTC_EnterConfigMode  stm32f10x_rtc.o
    0x080010bc   0x080010bc   0x00000010   Code   RO         1746    i.RTC_ExitConfigMode  stm32f10x_rtc.o
    0x080010cc   0x080010cc   0x0000007c   Code   RO          486    i.RTC_Init          bsp_rtc.o
    0x08001148   0x08001148   0x00000020   Code   RO         1753    i.RTC_SetCounter    stm32f10x_rtc.o
    0x08001168   0x08001168   0x00000020   Code   RO         1754    i.RTC_SetPrescaler  stm32f10x_rtc.o
    0x08001188   0x08001188   0x0000001a   Code   RO          487    i.RTC_SetTimeStamp  bsp_rtc.o
    0x080011a2   0x080011a2   0x00000002   PAD
    0x080011a4   0x080011a4   0x00000010   Code   RO         1755    i.RTC_WaitForLastTask  stm32f10x_rtc.o
    0x080011b4   0x080011b4   0x00000018   Code   RO         1756    i.RTC_WaitForSynchro  stm32f10x_rtc.o
    0x080011cc   0x080011cc   0x00000004   Code   RO          612    i.SetSysClock       system_stm32f10x.o
    0x080011d0   0x080011d0   0x000000b0   Code   RO          613    i.SetSysClockTo72   system_stm32f10x.o
    0x08001280   0x08001280   0x0000000c   Code   RO          552    i.SysTick_GetTick   bsp_sys_tick.o
    0x0800128c   0x0800128c   0x00000004   Code   RO         2811    i.SysTick_Handler   stm32f10x_it.o
    0x08001290   0x08001290   0x0000002c   Code   RO          553    i.SysTick_Init      bsp_sys_tick.o
    0x080012bc   0x080012bc   0x00000010   Code   RO          554    i.SysTick_Update    bsp_sys_tick.o
    0x080012cc   0x080012cc   0x00000050   Code   RO          615    i.SystemInit        system_stm32f10x.o
    0x0800131c   0x0800131c   0x00000084   Code   RO          164    i.UART1_Init        bsp_uart.o
    0x080013a0   0x080013a0   0x0000002c   Code   RO          165    i.UART1_SendByte    bsp_uart.o
    0x080013cc   0x080013cc   0x00000018   Code   RO         2535    i.USART_Cmd         stm32f10x_usart.o
    0x080013e4   0x080013e4   0x0000000e   Code   RO         2538    i.USART_GetFlagStatus  stm32f10x_usart.o
    0x080013f2   0x080013f2   0x00000002   PAD
    0x080013f4   0x080013f4   0x000000bc   Code   RO         2542    i.USART_Init        stm32f10x_usart.o
    0x080014b0   0x080014b0   0x00000008   Code   RO         2552    i.USART_SendData    stm32f10x_usart.o
    0x080014b8   0x080014b8   0x00000020   Code   RO         3099    i.__0printf         mc_w.l(printfa.o)
    0x080014d8   0x080014d8   0x0000000e   Code   RO         3234    i.__scatterload_copy  mc_w.l(handlers.o)
    0x080014e6   0x080014e6   0x00000002   Code   RO         3235    i.__scatterload_null  mc_w.l(handlers.o)
    0x080014e8   0x080014e8   0x0000000e   Code   RO         3236    i.__scatterload_zeroinit  mc_w.l(handlers.o)
    0x080014f6   0x080014f6   0x00000002   PAD
    0x080014f8   0x080014f8   0x00000184   Code   RO         3106    i._fp_digits        mc_w.l(printfa.o)
    0x0800167c   0x0800167c   0x000006b4   Code   RO         3107    i._printf_core      mc_w.l(printfa.o)
    0x08001d30   0x08001d30   0x00000024   Code   RO         3108    i._printf_post_padding  mc_w.l(printfa.o)
    0x08001d54   0x08001d54   0x0000002e   Code   RO         3109    i._printf_pre_padding  mc_w.l(printfa.o)
    0x08001d82   0x08001d82   0x0000000e   Code   RO          167    i.fputc             bsp_uart.o
    0x08001d90   0x08001d90   0x0000002c   Code   RO         2792    i.main              main.o
    0x08001dbc   0x08001dbc   0x00000008   Data   RO          489    .constdata          bsp_rtc.o
    0x08001dc4   0x08001dc4   0x0000000c   Data   RO         2860    .constdata          mc_w.l(mktime.o)
    0x08001dd0   0x08001dd0   0x0000000c   Data   RO         3206    .constdata          mc_w.l(localtime_i.o)
    0x08001ddc   0x08001ddc   0x00000020   Data   RO         3232    Region$$Table       anon$$obj.o


    Execution Region ER_RW (Exec base: 0x20000000, Load base: 0x08001dfc, Size: 0x00000094, Max: 0xffffffff, ABSOLUTE)

    Exec Addr    Load Addr    Size         Type   Attr      Idx    E Section Name        Object

    0x20000000   0x08001dfc   0x00000064   Data   RW           88    .data               app_key.o
    0x20000064   0x08001e60   0x00000004   Data   RW          555    .data               bsp_sys_tick.o
    0x20000068   0x08001e64   0x00000014   Data   RW          616    .data               system_stm32f10x.o
    0x2000007c   0x08001e78   0x00000014   Data   RW         1575    .data               stm32f10x_rcc.o
    0x20000090   0x08001e8c   0x00000004   Data   RW         3191    .data               mc_w.l(stdout.o)


    Execution Region ER_ZI (Exec base: 0x20000094, Load base: 0x08001e90, Size: 0x00000804, Max: 0xffffffff, ABSOLUTE)

    Exec Addr    Load Addr    Size         Type   Attr      Idx    E Section Name        Object

    0x20000094        -       0x00000400   Zero   RW          288    .bss                bsp_oled.o
    0x20000494   0x08001e90   0x00000004   PAD
    0x20000498        -       0x00000400   Zero   RW          594    STACK               startup_stm32f10x_md.o


==============================================================================

Image component sizes


      Code (inc. data)   RO Data    RW Data    ZI Data      Debug   Object Name

       500        268          0        100          0       3252   app_key.o
         0          0          0          0          0     230940   app_menu.o
        36         10          0          0          0        395   bsp_dwt.o
       340         20          0          0          0       2566   bsp_i2c_sw.o
        26          0          0          0          0        427   bsp_init.o
       314          6          0          0          0       2705   bsp_key.o
       382         12          0          0       1024       4485   bsp_oled.o
       204          6          8          0          0       2150   bsp_rtc.o
        72         20          0          4          0      16969   bsp_sys_tick.o
       190         14          0          0          0       3354   bsp_uart.o
        48          4          0          0          0        942   delay.o
        44         24          0          0          0        407   main.o
        36          8        236          0       1024        796   startup_stm32f10x_md.o
        40         12          0          0          0       2307   stm32f10x_bkp.o
       180          0          0          0          0       2808   stm32f10x_gpio.o
         4          0          0          0          0        394   stm32f10x_it.o
        12          6          0          0          0        510   stm32f10x_pwr.o
       344         54          0         20          0       7025   stm32f10x_rcc.o
       136         30          0          0          0       3030   stm32f10x_rtc.o
       234          6          0          0          0       4348   stm32f10x_usart.o
       260         26          0         20          0       2145   system_stm32f10x.o

    ----------------------------------------------------------------------
      3414        526        276        144       2052     291955   Object Totals
         0          0         32          0          0          0   (incl. Generated)
        12          0          0          0          4          0   (incl. Padding)

    ----------------------------------------------------------------------

      Code (inc. data)   RO Data    RW Data    ZI Data      Debug   Library Member Name

         0          0          0          0          0          0   entry.o
         0          0          0          0          0          0   entry10a.o
         0          0          0          0          0          0   entry11a.o
         4          0          0          0          0          0   entry12b.o
         8          4          0          0          0          0   entry2.o
         4          0          0          0          0          0   entry5.o
         0          0          0          0          0          0   entry7b.o
         0          0          0          0          0          0   entry8b.o
         8          4          0          0          0          0   entry9a.o
        30          0          0          0          0          0   handlers.o
        36          8          0          0          0         68   init.o
         0          0          0          0          0          0   iusefp.o
        30          0          0          0          0         68   llshl.o
        36          0          0          0          0         68   llsshr.o
        32          0          0          0          0         68   llushr.o
       140          6         12          0          0         76   localtime_i.o
        36          0          0          0          0        108   memseta.o
       168         18         12          0          0         80   mktime.o
      2218         90          0          0          0        464   printfa.o
         0          0          0          4          0          0   stdout.o
        44          0          0          0          0         80   uidiv.o
        98          0          0          0          0         92   uldiv.o
        48          0          0          0          0         68   cdrcmple.o
       334          0          0          0          0        148   dadd.o
       222          0          0          0          0        100   ddiv.o
       186          0          0          0          0        176   depilogue.o
        48          0          0          0          0         68   dfixul.o
       228          0          0          0          0         96   dmul.o

    ----------------------------------------------------------------------
      3962        130         24          4          0       1828   Library Totals
         4          0          0          0          0          0   (incl. Padding)

    ----------------------------------------------------------------------

      Code (inc. data)   RO Data    RW Data    ZI Data      Debug   Library Name

      2892        130         24          4          0       1172   mc_w.l
      1066          0          0          0          0        656   mf_w.l

    ----------------------------------------------------------------------
      3962        130         24          4          0       1828   Library Totals

    ----------------------------------------------------------------------

==============================================================================


      Code (inc. data)   RO Data    RW Data    ZI Data      Debug   

      7376        656        300        148       2052     290087   Grand Totals
      7376        656        300        148       2052     290087   ELF Image Totals
      7376        656        300        148          0          0   ROM Totals

==============================================================================

    Total RO  Size (Code + RO Data)                 7676 (   7.50kB)
    Total RW  Size (RW Data + ZI Data)              2200 (   2.15kB)
    Total ROM Size (Code + RO Data + RW Data)       7824 (   7.64kB)

==============================================================================

