Component: ARM Compiler 5.06 update 7 (build 960) Tool: armlink [4d3601]

==============================================================================

Section Cross References

    app.o(i.App_Init) refers to ui_core.o(i.UI_Init) for UI_Init
    app.o(i.App_Init) refers to bsp_key.o(i.Key_RegisterCallback) for Key_RegisterCallback
    app.o(i.App_Init) refers to ui_page_home.o(i.Page_Home_Init) for Page_Home_Init
    app.o(i.App_Init) refers to ui_core.o(i.SetPageRefreshInterval) for SetPageRefreshInterval
    app.o(i.App_Init) refers to ui_core.o(i.UI_SwitchPage) for UI_SwitchPage
    app.o(i.App_Init) refers to ui_core.o(i.UI_HandleKeyEvent) for UI_HandleKeyEvent
    app.o(i.App_KeyScanTask) refers to bsp_sys_tick.o(i.SysTick_GetTick) for SysTick_GetTick
    app.o(i.App_KeyScanTask) refers to bsp_key.o(i.Key_Scan) for Key_Scan
    app.o(i.App_KeyScanTask) refers to app.o(.data) for .data
    app.o(i.App_Task) refers to app.o(i.App_KeyScanTask) for App_KeyScanTask
    app.o(i.App_Task) refers to ui_core.o(i.UI_Refresh) for UI_Refresh
    ui_core.o(i.SetPageRefreshInterval) refers to ui_core.o(.bss) for .bss
    ui_core.o(i.UI_GetCurrentPage) refers to memcpya.o(.text) for __aeabi_memcpy4
    ui_core.o(i.UI_GetCurrentPage) refers to ui_core.o(.data) for .data
    ui_core.o(i.UI_GetPage) refers to memcpya.o(.text) for __aeabi_memcpy4
    ui_core.o(i.UI_GetPage) refers to ui_core.o(.bss) for .bss
    ui_core.o(i.UI_HandleKeyEvent) refers to ui_core.o(.data) for .data
    ui_core.o(i.UI_Init) refers to ui_core.o(.bss) for .bss
    ui_core.o(i.UI_Init) refers to ui_core.o(.data) for .data
    ui_core.o(i.UI_Refresh) refers to bsp_sys_tick.o(i.SysTick_GetTick) for SysTick_GetTick
    ui_core.o(i.UI_Refresh) refers to ui_core.o(.data) for .data
    ui_core.o(i.UI_RegisterPage) refers to ui_core.o(.bss) for .bss
    ui_core.o(i.UI_SwitchPage) refers to bsp_sys_tick.o(i.SysTick_GetTick) for SysTick_GetTick
    ui_core.o(i.UI_SwitchPage) refers to ui_core.o(.bss) for .bss
    ui_core.o(i.UI_SwitchPage) refers to ui_core.o(.data) for .data
    ui_page_home.o(i.Page_Home_Draw) refers to bsp_rtc.o(i.RTC_GetTimeStamp) for RTC_GetTimeStamp
    ui_page_home.o(i.Page_Home_Draw) refers to bsp_oled.o(i.OLED_Clear) for OLED_Clear
    ui_page_home.o(i.Page_Home_Draw) refers to bsp_oled.o(i.OLED_Printf) for OLED_Printf
    ui_page_home.o(i.Page_Home_Draw) refers to bsp_oled.o(i.OLED_ShowString) for OLED_ShowString
    ui_page_home.o(i.Page_Home_Draw) refers to bsp_oled.o(i.OLED_ReverseArea) for OLED_ReverseArea
    ui_page_home.o(i.Page_Home_Draw) refers to bsp_oled.o(i.OLED_Update) for OLED_Update
    ui_page_home.o(i.Page_Home_Draw) refers to ui_page_home.o(.data) for .data
    ui_page_home.o(i.Page_Home_Init) refers to ui_core.o(i.UI_RegisterPage) for UI_RegisterPage
    ui_page_home.o(i.Page_Home_Init) refers to ui_page_home.o(.bss) for .bss
    ui_page_home.o(i.Page_Home_Init) refers to ui_page_home.o(.constdata) for .constdata
    ui_page_home.o(i.Page_Home_Init) refers to ui_page_home.o(.data) for .data
    ui_page_home.o(i.Page_Home_key) refers to ui_core.o(i.UI_SwitchPage) for UI_SwitchPage
    ui_page_home.o(i.Page_Home_key) refers to ui_page_home.o(i.Page_Home_Draw) for Page_Home_Draw
    ui_page_home.o(.constdata) refers to ui_page_home.o(i.Page_Home_Draw) for Page_Home_Draw
    ui_page_home.o(.constdata) refers to ui_page_home.o(i.Page_Home_key) for Page_Home_key
    ui_page_home.o(.constdata) refers to ui_page_home.o(.conststring) for .conststring
    bsp_led.o(i.LED_Init) refers to stm32f10x_rcc.o(i.RCC_APB2PeriphClockCmd) for RCC_APB2PeriphClockCmd
    bsp_led.o(i.LED_Init) refers to stm32f10x_gpio.o(i.GPIO_Init) for GPIO_Init
    bsp_led.o(i.LED_Init) refers to stm32f10x_gpio.o(i.GPIO_SetBits) for GPIO_SetBits
    bsp_led.o(i.LED_Off) refers to stm32f10x_gpio.o(i.GPIO_SetBits) for GPIO_SetBits
    bsp_led.o(i.LED_On) refers to stm32f10x_gpio.o(i.GPIO_ResetBits) for GPIO_ResetBits
    bsp_uart.o(i.UART1_Init) refers to stm32f10x_rcc.o(i.RCC_APB2PeriphClockCmd) for RCC_APB2PeriphClockCmd
    bsp_uart.o(i.UART1_Init) refers to stm32f10x_gpio.o(i.GPIO_Init) for GPIO_Init
    bsp_uart.o(i.UART1_Init) refers to stm32f10x_usart.o(i.USART_Init) for USART_Init
    bsp_uart.o(i.UART1_Init) refers to stm32f10x_usart.o(i.USART_Cmd) for USART_Cmd
    bsp_uart.o(i.UART1_SendByte) refers to stm32f10x_usart.o(i.USART_GetFlagStatus) for USART_GetFlagStatus
    bsp_uart.o(i.UART1_SendByte) refers to stm32f10x_usart.o(i.USART_SendData) for USART_SendData
    bsp_uart.o(i.UART1_SendString) refers to bsp_uart.o(i.UART1_SendByte) for UART1_SendByte
    bsp_uart.o(i.fputc) refers to bsp_uart.o(i.UART1_SendByte) for UART1_SendByte
    bsp_i2c_sw.o(i.I2C_SW_Ack) refers to delay.o(i.Delay_us) for Delay_us
    bsp_i2c_sw.o(i.I2C_SW_Init) refers to stm32f10x_rcc.o(i.RCC_APB2PeriphClockCmd) for RCC_APB2PeriphClockCmd
    bsp_i2c_sw.o(i.I2C_SW_Init) refers to stm32f10x_gpio.o(i.GPIO_Init) for GPIO_Init
[...]
    dunder.o(i.__mathlib_dbl_overflow) refers to dscalb.o(.text) for __ARM_scalbn
    dunder.o(i.__mathlib_dbl_posinfnan) refers to dmul.o(.text) for __aeabi_dmul
    dunder.o(i.__mathlib_dbl_underflow) refers to dscalb.o(.text) for __ARM_scalbn
    qnan.o(.constdata) refers (Special) to iusefp.o(.text) for __I$use$fp
    entry2.o(.ARM.Collect$$$$00000001) refers to entry2.o(.ARM.Collect$$$$00002712) for __lit__00000000
    entry2.o(.ARM.Collect$$$$00002712) refers to startup_stm32f10x_md.o(STACK) for __initial_sp
    entry2.o(__vectab_stack_and_reset_area) refers to startup_stm32f10x_md.o(STACK) for __initial_sp
    entry2.o(__vectab_stack_and_reset_area) refers to entry.o(.ARM.Collect$$$$00000000) for __main
    entry5.o(.ARM.Collect$$$$00000004) refers to init.o(.text) for __scatterload
    entry9a.o(.ARM.Collect$$$$0000000B) refers to main.o(i.main) for main
    entry9b.o(.ARM.Collect$$$$0000000C) refers to main.o(i.main) for main
    uldiv.o(.text) refers to llushr.o(.text) for __aeabi_llsr
    uldiv.o(.text) refers to llshl.o(.text) for __aeabi_llsl
    localtime_w.o(.text) refers to localtime_i.o(.text) for _localtime
    localtime_w.o(.text) refers to localtime_w.o(.bss) for .bss
    localtime_i.o(.text) refers to localtime_i.o(.constdata) for .constdata
    errno.o(i.__aeabi_errno_addr) refers to errno.o(.data) for .data
    errno.o(i.__read_errno) refers to errno.o(.data) for .data
    errno.o(i.__set_errno) refers to errno.o(.data) for .data
    depilogue.o(.text) refers to llshl.o(.text) for __aeabi_llsl
    depilogue.o(.text) refers to llushr.o(.text) for __aeabi_llsr
    drnd.o(.text) refers to llshl.o(.text) for __aeabi_llsl
    drnd.o(.text) refers to llushr.o(.text) for __aeabi_llsr
    drnd.o(.text) refers to depilogue.o(.text) for _double_round
    dfixul.o(.text) refers to llushr.o(.text) for __aeabi_llsr
    dfixul.o(.text) refers to llshl.o(.text) for __aeabi_llsl
    fpclassify.o(i.__ARM_fpclassify) refers (Special) to iusefp.o(.text) for __I$use$fp
    poly.o(i.__kernel_poly) refers (Special) to iusefp.o(.text) for __I$use$fp
    poly.o(i.__kernel_poly) refers to dmul.o(.text) for __aeabi_dmul
    poly.o(i.__kernel_poly) refers to dadd.o(.text) for __aeabi_dadd
    init.o(.text) refers to entry5.o(.ARM.Collect$$$$00000004) for __main_after_scatterload


==============================================================================

Removing Unused input sections from the image.

    Removing ui_core.o(i.UI_GetCurrentPage), (16 bytes).
    Removing ui_core.o(i.UI_GetPage), (16 bytes).
    Removing bsp_led.o(i.LED_Init), (56 bytes).
    Removing bsp_led.o(i.LED_Off), (16 bytes).
    Removing bsp_led.o(i.LED_On), (16 bytes).
    Removing bsp_led.o(i.LED_Toggle), (16 bytes).
    Removing bsp_uart.o(i.UART1_SendByte), (44 bytes).
    Removing bsp_uart.o(i.UART1_SendString), (24 bytes).
    Removing bsp_uart.o(i.fputc), (14 bytes).
    Removing bsp_i2c_sw.o(i.I2C_SW_Ack), (96 bytes).
    Removing bsp_i2c_sw.o(i.I2C_SW_Nack), (68 bytes).
    Removing bsp_i2c_sw.o(i.I2C_SW_ReadByte), (96 bytes).
    Removing bsp_oled.o(i.OLED_DrawArc), (594 bytes).
    Removing bsp_oled.o(i.OLED_DrawCircle), (334 bytes).
    Removing bsp_oled.o(i.OLED_DrawEllipse), (712 bytes).
    Removing bsp_oled.o(i.OLED_DrawLine), (332 bytes).
    Removing bsp_oled.o(i.OLED_DrawPoint), (52 bytes).
    Removing bsp_oled.o(i.OLED_DrawRectangle), (124 bytes).
    Removing bsp_oled.o(i.OLED_DrawTriangle), (196 bytes).
    Removing bsp_oled.o(i.OLED_GetPoint), (56 bytes).
    Removing bsp_oled.o(i.OLED_IsInAngle), (100 bytes).
    Removing bsp_oled.o(i.OLED_Pow), (16 bytes).
    Removing bsp_oled.o(i.OLED_Reverse), (40 bytes).
    Removing bsp_oled.o(i.OLED_ShowBinNum), (66 bytes).
    Removing bsp_oled.o(i.OLED_ShowFloatNum), (194 bytes).
    Removing bsp_oled.o(i.OLED_ShowHexNum), (92 bytes).
    Removing bsp_oled.o(i.OLED_ShowNum), (72 bytes).
    Removing bsp_oled.o(i.OLED_ShowSignedNum), (104 bytes).
    Removing bsp_oled.o(i.OLED_UpdateArea), (104 bytes).
    Removing bsp_oled.o(i.OLED_pnpoly), (112 bytes).
    Removing bsp_oled_data.o(.constdata), (32 bytes).
    Removing bsp_oled_data.o(.constdata), (32 bytes).
    Removing bsp_oled_data.o(.constdata), (1024 bytes).
    Removing bsp_oled_data.o(.constdata), (264 bytes).
    Removing bsp_oled_data.o(.constdata), (256 bytes).
    Removing bsp_oled_data.o(.constdata), (144 bytes).
    Removing bsp_oled_data.o(.constdata), (16 bytes).
    Removing bsp_oled_data.o(.constdata), (144 bytes).
    Removing bsp_oled_data.o(.constdata), (64 bytes).
    Removing bsp_oled_data.o(.constdata), (60 bytes).
    Removing bsp_oled_data.o(.constdata), (32 bytes).
    Removing startup_stm32f10x_md.o(HEAP), (512 bytes).
    Removing core_cm3.o(.emb_text), (32 bytes).
    Removing system_stm32f10x.o(i.SystemCoreClockUpdate), (124 bytes).
    Removing misc.o(i.NVIC_Init), (100 bytes).
    Removing misc.o(i.NVIC_PriorityGroupConfig), (20 bytes).
    Removing misc.o(i.NVIC_SetVectorTable), (20 bytes).
    Removing misc.o(i.NVIC_SystemLPConfig), (28 bytes).
    Removing misc.o(i.SysTick_CLKSourceConfig), (28 bytes).
    Removing stm32f10x_adc.o(i.ADC_AnalogWatchdogCmd), (16 bytes).
    Removing stm32f10x_adc.o(i.ADC_AnalogWatchdogSingleChannelConfig), (12 bytes).
    Removing stm32f10x_adc.o(i.ADC_AnalogWatchdogThresholdsConfig), (6 bytes).
    Removing stm32f10x_adc.o(i.ADC_AutoInjectedConvCmd), (24 bytes).
    Removing stm32f10x_adc.o(i.ADC_ClearFlag), (6 bytes).
    Removing stm32f10x_adc.o(i.ADC_ClearITPendingBit), (8 bytes).
    Removing stm32f10x_adc.o(i.ADC_Cmd), (24 bytes).
    Removing stm32f10x_adc.o(i.ADC_DMACmd), (24 bytes).
    Removing stm32f10x_adc.o(i.ADC_DeInit), (100 bytes).
    Removing stm32f10x_adc.o(i.ADC_DiscModeChannelCountConfig), (16 bytes).
    Removing stm32f10x_adc.o(i.ADC_DiscModeCmd), (24 bytes).
    Removing stm32f10x_adc.o(i.ADC_ExternalTrigConvCmd), (24 bytes).
    Removing stm32f10x_adc.o(i.ADC_ExternalTrigInjectedConvCmd), (24 bytes).
    Removing stm32f10x_adc.o(i.ADC_ExternalTrigInjectedConvConfig), (12 bytes).
    Removing stm32f10x_adc.o(i.ADC_GetCalibrationStatus), (14 bytes).
    Removing stm32f10x_adc.o(i.ADC_GetConversionValue), (6 bytes).
    Removing stm32f10x_adc.o(i.ADC_GetDualModeConversionValue), (12 bytes).
    Removing stm32f10x_adc.o(i.ADC_GetFlagStatus), (14 bytes).
    Removing stm32f10x_adc.o(i.ADC_GetITStatus), (28 bytes).
    Removing stm32f10x_adc.o(i.ADC_GetInjectedConversionValue), (20 bytes).
    Removing stm32f10x_adc.o(i.ADC_GetResetCalibrationStatus), (14 bytes).
    Removing stm32f10x_adc.o(i.ADC_GetSoftwareStartConvStatus), (14 bytes).
    Removing stm32f10x_adc.o(i.ADC_GetSoftwareStartInjectedConvCmdStatus), (14 bytes).
    Removing stm32f10x_adc.o(i.ADC_ITConfig), (22 bytes).
    Removing stm32f10x_adc.o(i.ADC_Init), (72 bytes).
    Removing stm32f10x_adc.o(i.ADC_InjectedChannelConfig), (74 bytes).
    Removing stm32f10x_adc.o(i.ADC_InjectedDiscModeCmd), (24 bytes).
    Removing stm32f10x_adc.o(i.ADC_InjectedSequencerLengthConfig), (16 bytes).
    Removing stm32f10x_adc.o(i.ADC_RegularChannelConfig), (116 bytes).
    Removing stm32f10x_adc.o(i.ADC_ResetCalibration), (10 bytes).
    Removing stm32f10x_adc.o(i.ADC_SetInjectedOffset), (16 bytes).
    Removing stm32f10x_adc.o(i.ADC_SoftwareStartConvCmd), (24 bytes).
    Removing stm32f10x_adc.o(i.ADC_SoftwareStartInjectedConvCmd), (24 bytes).
    Removing stm32f10x_adc.o(i.ADC_StartCalibration), (10 bytes).
    Removing stm32f10x_adc.o(i.ADC_StructInit), (18 bytes).
    Removing stm32f10x_adc.o(i.ADC_TempSensorVrefintCmd), (32 bytes).
    Removing stm32f10x_bkp.o(i.BKP_ClearFlag), (16 bytes).
    Removing stm32f10x_bkp.o(i.BKP_ClearITPendingBit), (16 bytes).
    Removing stm32f10x_bkp.o(i.BKP_DeInit), (18 bytes).
    Removing stm32f10x_bkp.o(i.BKP_GetFlagStatus), (12 bytes).
    Removing stm32f10x_bkp.o(i.BKP_GetITStatus), (12 bytes).
    Removing stm32f10x_bkp.o(i.BKP_ITConfig), (12 bytes).
    Removing stm32f10x_bkp.o(i.BKP_RTCOutputConfig), (20 bytes).
    Removing stm32f10x_bkp.o(i.BKP_SetRTCCalibrationValue), (20 bytes).
    Removing stm32f10x_bkp.o(i.BKP_TamperPinCmd), (12 bytes).
    Removing stm32f10x_bkp.o(i.BKP_TamperPinLevelConfig), (12 bytes).
    Removing stm32f10x_dma.o(i.DMA_ClearFlag), (24 bytes).
    Removing stm32f10x_dma.o(i.DMA_ClearITPendingBit), (24 bytes).
    Removing stm32f10x_dma.o(i.DMA_Cmd), (26 bytes).
    Removing stm32f10x_dma.o(i.DMA_DeInit), (248 bytes).
    Removing stm32f10x_dma.o(i.DMA_GetCurrDataCounter), (6 bytes).
    Removing stm32f10x_dma.o(i.DMA_GetFlagStatus), (36 bytes).
    Removing stm32f10x_dma.o(i.DMA_GetITStatus), (36 bytes).
    Removing stm32f10x_dma.o(i.DMA_ITConfig), (20 bytes).
    Removing stm32f10x_dma.o(i.DMA_Init), (58 bytes).
    Removing stm32f10x_dma.o(i.DMA_SetCurrDataCounter), (4 bytes).
    Removing stm32f10x_dma.o(i.DMA_StructInit), (26 bytes).
    Removing stm32f10x_exti.o(i.EXTI_ClearFlag), (12 bytes).
    Removing stm32f10x_exti.o(i.EXTI_ClearITPendingBit), (12 bytes).
    Removing stm32f10x_exti.o(i.EXTI_DeInit), (36 bytes).
    Removing stm32f10x_exti.o(i.EXTI_GenerateSWInterrupt), (16 bytes).
    Removing stm32f10x_exti.o(i.EXTI_GetFlagStatus), (20 bytes).
    Removing stm32f10x_exti.o(i.EXTI_GetITStatus), (32 bytes).
    Removing stm32f10x_exti.o(i.EXTI_Init), (116 bytes).
    Removing stm32f10x_exti.o(i.EXTI_StructInit), (14 bytes).
    Removing stm32f10x_gpio.o(i.GPIO_AFIODeInit), (22 bytes).
    Removing stm32f10x_gpio.o(i.GPIO_DeInit), (216 bytes).
    Removing stm32f10x_gpio.o(i.GPIO_ETH_MediaInterfaceConfig), (12 bytes).
    Removing stm32f10x_gpio.o(i.GPIO_EXTILineConfig), (40 bytes).
    Removing stm32f10x_gpio.o(i.GPIO_EventOutputCmd), (12 bytes).
    Removing stm32f10x_gpio.o(i.GPIO_EventOutputConfig), (28 bytes).
    Removing stm32f10x_gpio.o(i.GPIO_PinLockConfig), (16 bytes).
    Removing stm32f10x_gpio.o(i.GPIO_PinRemapConfig), (92 bytes).
    Removing stm32f10x_gpio.o(i.GPIO_ReadInputData), (6 bytes).
    Removing stm32f10x_gpio.o(i.GPIO_ReadOutputData), (6 bytes).
    Removing stm32f10x_gpio.o(i.GPIO_ReadOutputDataBit), (14 bytes).
    Removing stm32f10x_gpio.o(i.GPIO_ResetBits), (4 bytes).
    Removing stm32f10x_gpio.o(i.GPIO_SetBits), (4 bytes).
    Removing stm32f10x_gpio.o(i.GPIO_StructInit), (16 bytes).
    Removing stm32f10x_gpio.o(i.GPIO_Write), (4 bytes).
    Removing stm32f10x_gpio.o(i.GPIO_WriteBit), (12 bytes).
    Removing stm32f10x_i2c.o(i.I2C_ARPCmd), (24 bytes).
    Removing stm32f10x_i2c.o(i.I2C_AcknowledgeConfig), (24 bytes).
    Removing stm32f10x_i2c.o(i.I2C_CalculatePEC), (24 bytes).
    Removing stm32f10x_i2c.o(i.I2C_CheckEvent), (24 bytes).
    Removing stm32f10x_i2c.o(i.I2C_ClearFlag), (6 bytes).
    Removing stm32f10x_i2c.o(i.I2C_ClearITPendingBit), (6 bytes).
    Removing stm32f10x_i2c.o(i.I2C_Cmd), (24 bytes).
    Removing stm32f10x_i2c.o(i.I2C_DMACmd), (24 bytes).
    Removing stm32f10x_i2c.o(i.I2C_DMALastTransferCmd), (24 bytes).
    Removing stm32f10x_i2c.o(i.I2C_DeInit), (56 bytes).
    Removing stm32f10x_i2c.o(i.I2C_DualAddressCmd), (24 bytes).
    Removing stm32f10x_i2c.o(i.I2C_FastModeDutyCycleConfig), (26 bytes).
    Removing stm32f10x_i2c.o(i.I2C_GeneralCallCmd), (24 bytes).
    Removing stm32f10x_i2c.o(i.I2C_GenerateSTART), (24 bytes).
    Removing stm32f10x_i2c.o(i.I2C_GenerateSTOP), (24 bytes).
    Removing stm32f10x_i2c.o(i.I2C_GetFlagStatus), (50 bytes).
    Removing stm32f10x_i2c.o(i.I2C_GetITStatus), (34 bytes).
    Removing stm32f10x_i2c.o(i.I2C_GetLastEvent), (14 bytes).
    Removing stm32f10x_i2c.o(i.I2C_GetPEC), (6 bytes).
    Removing stm32f10x_i2c.o(i.I2C_ITConfig), (20 bytes).
    Removing stm32f10x_i2c.o(i.I2C_Init), (192 bytes).
    Removing stm32f10x_i2c.o(i.I2C_NACKPositionConfig), (26 bytes).
    Removing stm32f10x_i2c.o(i.I2C_OwnAddress2Config), (16 bytes).
    Removing stm32f10x_i2c.o(i.I2C_PECPositionConfig), (26 bytes).
    Removing stm32f10x_i2c.o(i.I2C_ReadRegister), (16 bytes).
    Removing stm32f10x_i2c.o(i.I2C_ReceiveData), (6 bytes).
    Removing stm32f10x_i2c.o(i.I2C_SMBusAlertConfig), (26 bytes).
    Removing stm32f10x_i2c.o(i.I2C_Send7bitAddress), (18 bytes).
    Removing stm32f10x_i2c.o(i.I2C_SendData), (4 bytes).
    Removing stm32f10x_i2c.o(i.I2C_SoftwareResetCmd), (24 bytes).
    Removing stm32f10x_i2c.o(i.I2C_StretchClockCmd), (24 bytes).
    Removing stm32f10x_i2c.o(i.I2C_StructInit), (28 bytes).
    Removing stm32f10x_i2c.o(i.I2C_TransmitPEC), (24 bytes).
    Removing stm32f10x_iwdg.o(i.IWDG_Enable), (16 bytes).
    Removing stm32f10x_iwdg.o(i.IWDG_GetFlagStatus), (20 bytes).
    Removing stm32f10x_iwdg.o(i.IWDG_ReloadCounter), (16 bytes).
    Removing stm32f10x_iwdg.o(i.IWDG_SetPrescaler), (12 bytes).
    Removing stm32f10x_iwdg.o(i.IWDG_SetReload), (12 bytes).
    Removing stm32f10x_iwdg.o(i.IWDG_WriteAccessCmd), (12 bytes).
    Removing stm32f10x_pwr.o(i.PWR_ClearFlag), (16 bytes).
    Removing stm32f10x_pwr.o(i.PWR_DeInit), (24 bytes).
    Removing stm32f10x_pwr.o(i.PWR_EnterSTANDBYMode), (40 bytes).
    Removing stm32f10x_pwr.o(i.PWR_EnterSTOPMode), (52 bytes).
    Removing stm32f10x_pwr.o(i.PWR_GetFlagStatus), (20 bytes).
    Removing stm32f10x_pwr.o(i.PWR_PVDCmd), (12 bytes).
    Removing stm32f10x_pwr.o(i.PWR_PVDLevelConfig), (20 bytes).
    Removing stm32f10x_pwr.o(i.PWR_WakeUpPinCmd), (12 bytes).
    Removing stm32f10x_rcc.o(i.RCC_ADCCLKConfig), (20 bytes).
    Removing stm32f10x_rcc.o(i.RCC_AHBPeriphClockCmd), (28 bytes).
    Removing stm32f10x_rcc.o(i.RCC_APB1PeriphResetCmd), (28 bytes).
    Removing stm32f10x_rcc.o(i.RCC_APB2PeriphResetCmd), (28 bytes).
    Removing stm32f10x_rcc.o(i.RCC_AdjustHSICalibrationValue), (20 bytes).
    Removing stm32f10x_rcc.o(i.RCC_BackupResetCmd), (12 bytes).
    Removing stm32f10x_rcc.o(i.RCC_ClearFlag), (16 bytes).
    Removing stm32f10x_rcc.o(i.RCC_ClearITPendingBit), (12 bytes).
    Removing stm32f10x_rcc.o(i.RCC_ClockSecuritySystemCmd), (12 bytes).
    Removing stm32f10x_rcc.o(i.RCC_DeInit), (64 bytes).
    Removing stm32f10x_rcc.o(i.RCC_GetITStatus), (20 bytes).
    Removing stm32f10x_rcc.o(i.RCC_GetSYSCLKSource), (16 bytes).
    Removing stm32f10x_rcc.o(i.RCC_HCLKConfig), (20 bytes).
    Removing stm32f10x_rcc.o(i.RCC_HSEConfig), (56 bytes).
    Removing stm32f10x_rcc.o(i.RCC_HSICmd), (12 bytes).
    Removing stm32f10x_rcc.o(i.RCC_ITConfig), (28 bytes).
    Removing stm32f10x_rcc.o(i.RCC_LSICmd), (12 bytes).
    Removing stm32f10x_rcc.o(i.RCC_MCOConfig), (12 bytes).
    Removing stm32f10x_rcc.o(i.RCC_PCLK1Config), (20 bytes).
    Removing stm32f10x_rcc.o(i.RCC_PCLK2Config), (20 bytes).
    Removing stm32f10x_rcc.o(i.RCC_PLLCmd), (12 bytes).
    Removing stm32f10x_rcc.o(i.RCC_PLLConfig), (20 bytes).
    Removing stm32f10x_rcc.o(i.RCC_SYSCLKConfig), (20 bytes).
    Removing stm32f10x_rcc.o(i.RCC_USBCLKConfig), (12 bytes).
    Removing stm32f10x_rcc.o(i.RCC_WaitForHSEStartUp), (48 bytes).
    Removing stm32f10x_rtc.o(i.RTC_ClearFlag), (16 bytes).
    Removing stm32f10x_rtc.o(i.RTC_ClearITPendingBit), (16 bytes).
    Removing stm32f10x_rtc.o(i.RTC_GetDivider), (24 bytes).
    Removing stm32f10x_rtc.o(i.RTC_GetFlagStatus), (20 bytes).
    Removing stm32f10x_rtc.o(i.RTC_GetITStatus), (32 bytes).
    Removing stm32f10x_rtc.o(i.RTC_ITConfig), (28 bytes).
    Removing stm32f10x_rtc.o(i.RTC_SetAlarm), (32 bytes).
    Removing stm32f10x_spi.o(i.I2S_Cmd), (24 bytes).
    Removing stm32f10x_spi.o(i.I2S_Init), (168 bytes).
    Removing stm32f10x_spi.o(i.I2S_StructInit), (18 bytes).
    Removing stm32f10x_spi.o(i.SPI_BiDirectionalLineConfig), (26 bytes).
    Removing stm32f10x_spi.o(i.SPI_CalculateCRC), (24 bytes).
    Removing stm32f10x_spi.o(i.SPI_Cmd), (24 bytes).
    Removing stm32f10x_spi.o(i.SPI_DataSizeConfig), (16 bytes).
    Removing stm32f10x_spi.o(i.SPI_GetCRC), (12 bytes).
    Removing stm32f10x_spi.o(i.SPI_GetCRCPolynomial), (4 bytes).
    Removing stm32f10x_spi.o(i.SPI_I2S_ClearFlag), (6 bytes).
    Removing stm32f10x_spi.o(i.SPI_I2S_ClearITPendingBit), (14 bytes).
    Removing stm32f10x_spi.o(i.SPI_I2S_DMACmd), (20 bytes).
    Removing stm32f10x_spi.o(i.SPI_I2S_DeInit), (100 bytes).
    Removing stm32f10x_spi.o(i.SPI_I2S_GetFlagStatus), (14 bytes).
    Removing stm32f10x_spi.o(i.SPI_I2S_GetITStatus), (44 bytes).
    Removing stm32f10x_spi.o(i.SPI_I2S_ITConfig), (28 bytes).
    Removing stm32f10x_spi.o(i.SPI_I2S_ReceiveData), (4 bytes).
    Removing stm32f10x_spi.o(i.SPI_I2S_SendData), (4 bytes).
    Removing stm32f10x_spi.o(i.SPI_Init), (56 bytes).
    Removing stm32f10x_spi.o(i.SPI_NSSInternalSoftwareConfig), (28 bytes).
    Removing stm32f10x_spi.o(i.SPI_SSOutputCmd), (24 bytes).
    Removing stm32f10x_spi.o(i.SPI_StructInit), (24 bytes).
    Removing stm32f10x_spi.o(i.SPI_TransmitCRC), (10 bytes).
    Removing stm32f10x_tim.o(i.TI1_Config), (116 bytes).
    Removing stm32f10x_tim.o(i.TI2_Config), (124 bytes).
    Removing stm32f10x_tim.o(i.TI3_Config), (120 bytes).
    Removing stm32f10x_tim.o(i.TI4_Config), (124 bytes).
    Removing stm32f10x_tim.o(i.TIM_ARRPreloadConfig), (24 bytes).
    Removing stm32f10x_tim.o(i.TIM_BDTRConfig), (34 bytes).
    Removing stm32f10x_tim.o(i.TIM_BDTRStructInit), (18 bytes).
    Removing stm32f10x_tim.o(i.TIM_CCPreloadControl), (24 bytes).
    Removing stm32f10x_tim.o(i.TIM_CCxCmd), (22 bytes).
    Removing stm32f10x_tim.o(i.TIM_CCxNCmd), (22 bytes).
    Removing stm32f10x_tim.o(i.TIM_ClearFlag), (6 bytes).
    Removing stm32f10x_tim.o(i.TIM_ClearITPendingBit), (6 bytes).
    Removing stm32f10x_tim.o(i.TIM_ClearOC1Ref), (12 bytes).
    Removing stm32f10x_tim.o(i.TIM_ClearOC2Ref), (20 bytes).
    Removing stm32f10x_tim.o(i.TIM_ClearOC3Ref), (12 bytes).
    Removing stm32f10x_tim.o(i.TIM_ClearOC4Ref), (20 bytes).
    Removing stm32f10x_tim.o(i.TIM_Cmd), (24 bytes).
    Removing stm32f10x_tim.o(i.TIM_CounterModeConfig), (12 bytes).
    Removing stm32f10x_tim.o(i.TIM_CtrlPWMOutputs), (28 bytes).
    Removing stm32f10x_tim.o(i.TIM_DMACmd), (20 bytes).
    Removing stm32f10x_tim.o(i.TIM_DMAConfig), (8 bytes).
    Removing stm32f10x_tim.o(i.TIM_DeInit), (528 bytes).
    Removing stm32f10x_tim.o(i.TIM_ETRClockMode1Config), (32 bytes).
    Removing stm32f10x_tim.o(i.TIM_ETRClockMode2Config), (20 bytes).
    Removing stm32f10x_tim.o(i.TIM_ETRConfig), (24 bytes).
    Removing stm32f10x_tim.o(i.TIM_EncoderInterfaceConfig), (50 bytes).
    Removing stm32f10x_tim.o(i.TIM_ForcedOC1Config), (12 bytes).
    Removing stm32f10x_tim.o(i.TIM_ForcedOC2Config), (20 bytes).
    Removing stm32f10x_tim.o(i.TIM_ForcedOC3Config), (12 bytes).
    Removing stm32f10x_tim.o(i.TIM_ForcedOC4Config), (20 bytes).
    Removing stm32f10x_tim.o(i.TIM_GenerateEvent), (4 bytes).
    Removing stm32f10x_tim.o(i.TIM_GetCapture1), (4 bytes).
    Removing stm32f10x_tim.o(i.TIM_GetCapture2), (4 bytes).
    Removing stm32f10x_tim.o(i.TIM_GetCapture3), (4 bytes).
    Removing stm32f10x_tim.o(i.TIM_GetCapture4), (6 bytes).
    Removing stm32f10x_tim.o(i.TIM_GetCounter), (4 bytes).
    Removing stm32f10x_tim.o(i.TIM_GetFlagStatus), (14 bytes).
    Removing stm32f10x_tim.o(i.TIM_GetITStatus), (24 bytes).
    Removing stm32f10x_tim.o(i.TIM_GetPrescaler), (4 bytes).
    Removing stm32f10x_tim.o(i.TIM_ICInit), (140 bytes).
    Removing stm32f10x_tim.o(i.TIM_ICStructInit), (16 bytes).
    Removing stm32f10x_tim.o(i.TIM_ITConfig), (20 bytes).
    Removing stm32f10x_tim.o(i.TIM_ITRxExternalClockConfig), (20 bytes).
    Removing stm32f10x_tim.o(i.TIM_InternalClockConfig), (10 bytes).
    Removing stm32f10x_tim.o(i.TIM_OC1FastConfig), (12 bytes).
    Removing stm32f10x_tim.o(i.TIM_OC1Init), (136 bytes).
    Removing stm32f10x_tim.o(i.TIM_OC1NPolarityConfig), (12 bytes).
    Removing stm32f10x_tim.o(i.TIM_OC1PolarityConfig), (12 bytes).
    Removing stm32f10x_tim.o(i.TIM_OC1PreloadConfig), (12 bytes).
    Removing stm32f10x_tim.o(i.TIM_OC2FastConfig), (20 bytes).
    Removing stm32f10x_tim.o(i.TIM_OC2Init), (136 bytes).
    Removing stm32f10x_tim.o(i.TIM_OC2NPolarityConfig), (20 bytes).
    Removing stm32f10x_tim.o(i.TIM_OC2PolarityConfig), (20 bytes).
    Removing stm32f10x_tim.o(i.TIM_OC2PreloadConfig), (20 bytes).
    Removing stm32f10x_tim.o(i.TIM_OC3FastConfig), (12 bytes).
    Removing stm32f10x_tim.o(i.TIM_OC3Init), (132 bytes).
    Removing stm32f10x_tim.o(i.TIM_OC3NPolarityConfig), (20 bytes).
    Removing stm32f10x_tim.o(i.TIM_OC3PolarityConfig), (20 bytes).
    Removing stm32f10x_tim.o(i.TIM_OC3PreloadConfig), (12 bytes).
    Removing stm32f10x_tim.o(i.TIM_OC4FastConfig), (20 bytes).
    Removing stm32f10x_tim.o(i.TIM_OC4Init), (104 bytes).
    Removing stm32f10x_tim.o(i.TIM_OC4PolarityConfig), (20 bytes).
    Removing stm32f10x_tim.o(i.TIM_OC4PreloadConfig), (20 bytes).
    Removing stm32f10x_tim.o(i.TIM_OCStructInit), (20 bytes).
    Removing stm32f10x_tim.o(i.TIM_PWMIConfig), (110 bytes).
    Removing stm32f10x_tim.o(i.TIM_PrescalerConfig), (6 bytes).
    Removing stm32f10x_tim.o(i.TIM_SelectCCDMA), (24 bytes).
    Removing stm32f10x_tim.o(i.TIM_SelectCOM), (24 bytes).
    Removing stm32f10x_tim.o(i.TIM_SelectHallSensor), (24 bytes).
    Removing stm32f10x_tim.o(i.TIM_SelectInputTrigger), (12 bytes).
    Removing stm32f10x_tim.o(i.TIM_SelectMasterSlaveMode), (16 bytes).
    Removing stm32f10x_tim.o(i.TIM_SelectOCxM), (76 bytes).
    Removing stm32f10x_tim.o(i.TIM_SelectOnePulseMode), (16 bytes).
    Removing stm32f10x_tim.o(i.TIM_SelectOutputTrigger), (16 bytes).
    Removing stm32f10x_tim.o(i.TIM_SelectSlaveMode), (16 bytes).
    Removing stm32f10x_tim.o(i.TIM_SetAutoreload), (4 bytes).
    Removing stm32f10x_tim.o(i.TIM_SetClockDivision), (16 bytes).
    Removing stm32f10x_tim.o(i.TIM_SetCompare1), (4 bytes).
    Removing stm32f10x_tim.o(i.TIM_SetCompare2), (4 bytes).
    Removing stm32f10x_tim.o(i.TIM_SetCompare3), (4 bytes).
    Removing stm32f10x_tim.o(i.TIM_SetCompare4), (6 bytes).
    Removing stm32f10x_tim.o(i.TIM_SetCounter), (4 bytes).
    Removing stm32f10x_tim.o(i.TIM_SetIC1Prescaler), (16 bytes).
    Removing stm32f10x_tim.o(i.TIM_SetIC2Prescaler), (24 bytes).
    Removing stm32f10x_tim.o(i.TIM_SetIC3Prescaler), (16 bytes).
    Removing stm32f10x_tim.o(i.TIM_SetIC4Prescaler), (24 bytes).
    Removing stm32f10x_tim.o(i.TIM_TIxExternalClockConfig), (48 bytes).
    Removing stm32f10x_tim.o(i.TIM_TimeBaseInit), (156 bytes).
    Removing stm32f10x_tim.o(i.TIM_TimeBaseStructInit), (18 bytes).
    Removing stm32f10x_tim.o(i.TIM_UpdateDisableConfig), (24 bytes).
    Removing stm32f10x_tim.o(i.TIM_UpdateRequestConfig), (24 bytes).
    Removing stm32f10x_usart.o(i.USART_ClearFlag), (8 bytes).
    Removing stm32f10x_usart.o(i.USART_ClearITPendingBit), (16 bytes).
    Removing stm32f10x_usart.o(i.USART_ClockInit), (30 bytes).
    Removing stm32f10x_usart.o(i.USART_ClockStructInit), (12 bytes).
    Removing stm32f10x_usart.o(i.USART_DMACmd), (20 bytes).
    Removing stm32f10x_usart.o(i.USART_DeInit), (164 bytes).
    Removing stm32f10x_usart.o(i.USART_GetFlagStatus), (14 bytes).
    Removing stm32f10x_usart.o(i.USART_GetITStatus), (64 bytes).
    Removing stm32f10x_usart.o(i.USART_HalfDuplexCmd), (24 bytes).
    Removing stm32f10x_usart.o(i.USART_ITConfig), (54 bytes).
    Removing stm32f10x_usart.o(i.USART_IrDACmd), (24 bytes).
    Removing stm32f10x_usart.o(i.USART_IrDAConfig), (16 bytes).
    Removing stm32f10x_usart.o(i.USART_LINBreakDetectLengthConfig), (16 bytes).
    Removing stm32f10x_usart.o(i.USART_LINCmd), (24 bytes).
    Removing stm32f10x_usart.o(i.USART_OneBitMethodCmd), (24 bytes).
    Removing stm32f10x_usart.o(i.USART_OverSampling8Cmd), (24 bytes).
    Removing stm32f10x_usart.o(i.USART_ReceiveData), (8 bytes).
    Removing stm32f10x_usart.o(i.USART_ReceiverWakeUpCmd), (24 bytes).
    Removing stm32f10x_usart.o(i.USART_SendBreak), (10 bytes).
    Removing stm32f10x_usart.o(i.USART_SendData), (8 bytes).
    Removing stm32f10x_usart.o(i.USART_SetAddress), (16 bytes).
    Removing stm32f10x_usart.o(i.USART_SetGuardTime), (16 bytes).
    Removing stm32f10x_usart.o(i.USART_SetPrescaler), (16 bytes).
    Removing stm32f10x_usart.o(i.USART_SmartCardCmd), (24 bytes).
    Removing stm32f10x_usart.o(i.USART_SmartCardNACKCmd), (24 bytes).
    Removing stm32f10x_usart.o(i.USART_StructInit), (22 bytes).
    Removing stm32f10x_usart.o(i.USART_WakeUpConfig), (16 bytes).
    Removing stm32f10x_wwdg.o(i.WWDG_ClearFlag), (12 bytes).
    Removing stm32f10x_wwdg.o(i.WWDG_DeInit), (24 bytes).
    Removing stm32f10x_wwdg.o(i.WWDG_Enable), (16 bytes).
    Removing stm32f10x_wwdg.o(i.WWDG_EnableIT), (12 bytes).
    Removing stm32f10x_wwdg.o(i.WWDG_GetFlagStatus), (12 bytes).
    Removing stm32f10x_wwdg.o(i.WWDG_SetCounter), (16 bytes).
    Removing stm32f10x_wwdg.o(i.WWDG_SetPrescaler), (20 bytes).
    Removing stm32f10x_wwdg.o(i.WWDG_SetWindowValue), (32 bytes).
    Removing delay.o(i.Delay_s), (24 bytes).
    Removing test.o(i.TestKey_Callback), (124 bytes).
    Removing test.o(i.Test_Init), (14 bytes).
    Removing test.o(i.Test_Key), (64 bytes).
    Removing test.o(i.Test_KeyScanTask), (40 bytes).
    Removing test.o(i.Test_Run), (4 bytes).
    Removing test.o(.data), (4 bytes).
    Removing fadd.o(.text), (176 bytes).
    Removing fflti.o(.text), (18 bytes).
    Removing dflti.o(.text), (34 bytes).
    Removing dfltui.o(.text), (26 bytes).
    Removing dfixi.o(.text), (62 bytes).
    Removing dfixui.o(.text), (50 bytes).
    Removing cdcmple.o(.text), (48 bytes).
    Removing d2f.o(.text), (56 bytes).
    Removing fepilogue.o(.text), (110 bytes).
    Removing drnd.o(.text), (136 bytes).
    Removing dscalb.o(.text), (46 bytes).

376 unused section(s) (total 16866 bytes) removed from the image.

==============================================================================

Image Symbol Table

    Local Symbols

    Symbol Name                              Value     Ov Type        Size  Object(Section)

    ../clib/microlib/division.c              0x00000000   Number         0  uldiv.o ABSOLUTE
    ../clib/microlib/division.c              0x00000000   Number         0  uidiv.o ABSOLUTE
    ../clib/microlib/errno.c                 0x00000000   Number         0  errno.o ABSOLUTE
    ../clib/microlib/init/entry.s            0x00000000   Number         0  entry5.o ABSOLUTE
    ../clib/microlib/init/entry.s            0x00000000   Number         0  entry11b.o ABSOLUTE
    ../clib/microlib/init/entry.s            0x00000000   Number         0  entry2.o ABSOLUTE
    ../clib/microlib/init/entry.s            0x00000000   Number         0  entry12a.o ABSOLUTE
    ../clib/microlib/init/entry.s            0x00000000   Number         0  entry12b.o ABSOLUTE
    ../clib/microlib/init/entry.s            0x00000000   Number         0  entry.o ABSOLUTE
    ../clib/microlib/init/entry.s            0x00000000   Number         0  entry11a.o ABSOLUTE
    ../clib/microlib/init/entry.s            0x00000000   Number         0  entry10b.o ABSOLUTE
    ../clib/microlib/init/entry.s            0x00000000   Number         0  entry8a.o ABSOLUTE
    ../clib/microlib/init/entry.s            0x00000000   Number         0  entry10a.o ABSOLUTE
    ../clib/microlib/init/entry.s            0x00000000   Number         0  entry9b.o ABSOLUTE
    ../clib/microlib/init/entry.s            0x00000000   Number         0  entry9a.o ABSOLUTE
    ../clib/microlib/init/entry.s            0x00000000   Number         0  entry8b.o ABSOLUTE
    ../clib/microlib/init/entry.s            0x00000000   Number         0  entry7b.o ABSOLUTE
    ../clib/microlib/init/entry.s            0x00000000   Number         0  entry7a.o ABSOLUTE
    ../clib/microlib/longlong.c              0x00000000   Number         0  llushr.o ABSOLUTE
    ../clib/microlib/longlong.c              0x00000000   Number         0  llsshr.o ABSOLUTE
    ../clib/microlib/longlong.c              0x00000000   Number         0  llshl.o ABSOLUTE
    ../clib/microlib/printf/printf.c         0x00000000   Number         0  printf7.o ABSOLUTE
    ../clib/microlib/printf/printf.c         0x00000000   Number         0  printfb.o ABSOLUTE
    ../clib/microlib/printf/printf.c         0x00000000   Number         0  printf0.o ABSOLUTE
    ../clib/microlib/printf/printf.c         0x00000000   Number         0  printf6.o ABSOLUTE
    ../clib/microlib/printf/printf.c         0x00000000   Number         0  printf1.o ABSOLUTE
    ../clib/microlib/printf/printf.c         0x00000000   Number         0  printf5.o ABSOLUTE
    ../clib/microlib/printf/printf.c         0x00000000   Number         0  printf4.o ABSOLUTE
    ../clib/microlib/printf/printf.c         0x00000000   Number         0  printf2.o ABSOLUTE
    ../clib/microlib/printf/printf.c         0x00000000   Number         0  printf3.o ABSOLUTE
    ../clib/microlib/printf/printf.c         0x00000000   Number         0  printf8.o ABSOLUTE
    ../clib/microlib/printf/printf.c         0x00000000   Number         0  printfa.o ABSOLUTE
    ../clib/microlib/stdio/streams.c         0x00000000   Number         0  stdout.o ABSOLUTE
    ../clib/microlib/string/memcpy.c         0x00000000   Number         0  memcpyb.o ABSOLUTE
    ../clib/microlib/string/memcpy.c         0x00000000   Number         0  memcpya.o ABSOLUTE
    ../clib/microlib/string/memset.c         0x00000000   Number         0  memseta.o ABSOLUTE
    ../clib/microlib/string/strcmp.c         0x00000000   Number         0  strcmp.o ABSOLUTE
    ../clib/microlib/stubs.s                 0x00000000   Number         0  iusefp.o ABSOLUTE
    ../clib/microlib/time/localtime.c        0x00000000   Number         0  localtime.o ABSOLUTE
    ../clib/microlib/time/localtime.c        0x00000000   Number         0  localtime_i.o ABSOLUTE
    ../clib/microlib/time/localtime.c        0x00000000   Number         0  localtime_w.o ABSOLUTE
    ../clib/microlib/time/mktime.c           0x00000000   Number         0  mktime.o ABSOLUTE
    ../fplib/microlib/d2f.c                  0x00000000   Number         0  d2f.o ABSOLUTE
    ../fplib/microlib/fpadd.c                0x00000000   Number         0  dadd.o ABSOLUTE
    ../fplib/microlib/fpadd.c                0x00000000   Number         0  fadd.o ABSOLUTE
    ../fplib/microlib/fpdiv.c                0x00000000   Number         0  ddiv.o ABSOLUTE
    ../fplib/microlib/fpepilogue.c           0x00000000   Number         0  fepilogue.o ABSOLUTE
    ../fplib/microlib/fpepilogue.c           0x00000000   Number         0  depilogue.o ABSOLUTE
    ../fplib/microlib/fpfix.c                0x00000000   Number         0  dfixul.o ABSOLUTE
    ../fplib/microlib/fpfix.c                0x00000000   Number         0  dfixui.o ABSOLUTE
    ../fplib/microlib/fpfix.c                0x00000000   Number         0  dfixi.o ABSOLUTE
    ../fplib/microlib/fpflt.c                0x00000000   Number         0  fflti.o ABSOLUTE
    ../fplib/microlib/fpflt.c                0x00000000   Number         0  dflti.o ABSOLUTE
    ../fplib/microlib/fpflt.c                0x00000000   Number         0  dfltui.o ABSOLUTE
    ../fplib/microlib/fpmul.c                0x00000000   Number         0  dmul.o ABSOLUTE
    ../fplib/microlib/fprnd.c                0x00000000   Number         0  drnd.o ABSOLUTE
    ../fplib/microlib/fpscalb.c              0x00000000   Number         0  dscalb.o ABSOLUTE
    ../mathlib/atan.c                        0x00000000   Number         0  atan_x.o ABSOLUTE
    ../mathlib/atan.c                        0x00000000   Number         0  atan.o ABSOLUTE
    ../mathlib/atan2.c                       0x00000000   Number         0  atan2_x.o ABSOLUTE
    ../mathlib/atan2.c                       0x00000000   Number         0  atan2.o ABSOLUTE
    ../mathlib/dunder.c                      0x00000000   Number         0  dunder.o ABSOLUTE
    ../mathlib/fpclassify.c                  0x00000000   Number         0  fpclassify.o ABSOLUTE
    ../mathlib/poly.c                        0x00000000   Number         0  poly.o ABSOLUTE
    ../mathlib/qnan.c                        0x00000000   Number         0  qnan.o ABSOLUTE
    ../mathlib/round.c                       0x00000000   Number         0  round.o ABSOLUTE
    ..\App\Src\app.c                         0x00000000   Number         0  app.o ABSOLUTE
    ..\App\UI\Src\ui_core.c                  0x00000000   Number         0  ui_core.o ABSOLUTE
    ..\App\UI\Src\ui_page_home.c             0x00000000   Number         0  ui_page_home.o ABSOLUTE
    ..\App\UI\Src\ui_page_menu.c             0x00000000   Number         0  ui_page_menu.o ABSOLUTE
    ..\BSP\Dev\Src\bsp_key.c                 0x00000000   Number         0  bsp_key.o ABSOLUTE
    ..\BSP\Dev\Src\bsp_led.c                 0x00000000   Number         0  bsp_led.o ABSOLUTE
    ..\BSP\Dev\Src\bsp_oled.c                0x00000000   Number         0  bsp_oled.o ABSOLUTE
    ..\BSP\Dev\Src\bsp_oled_data.c           0x00000000   Number         0  bsp_oled_data.o ABSOLUTE
    ..\BSP\MCU\Src\bsp_dwt.c                 0x00000000   Number         0  bsp_dwt.o ABSOLUTE
    ..\BSP\MCU\Src\bsp_i2c_sw.c              0x00000000   Number         0  bsp_i2c_sw.o ABSOLUTE
    ..\BSP\MCU\Src\bsp_rtc.c                 0x00000000   Number         0  bsp_rtc.o ABSOLUTE
    ..\BSP\MCU\Src\bsp_sys_tick.c            0x00000000   Number         0  bsp_sys_tick.o ABSOLUTE
    ..\BSP\MCU\Src\bsp_uart.c                0x00000000   Number         0  bsp_uart.o ABSOLUTE
    ..\Core\startup_stm32f10x_md.s           0x00000000   Number         0  startup_stm32f10x_md.o ABSOLUTE
    ..\Lib\CMSIS\core_cm3.c                  0x00000000   Number         0  core_cm3.o ABSOLUTE
    ..\Lib\CMSIS\system_stm32f10x.c          0x00000000   Number         0  system_stm32f10x.o ABSOLUTE
    ..\Lib\STM32F10x_StdPeriph_Driver\Src\misc.c 0x00000000   Number         0  misc.o ABSOLUTE
    ..\Lib\STM32F10x_StdPeriph_Driver\Src\stm32f10x_adc.c 0x00000000   Number         0  stm32f10x_adc.o ABSOLUTE
    ..\Lib\STM32F10x_StdPeriph_Driver\Src\stm32f10x_bkp.c 0x00000000   Number         0  stm32f10x_bkp.o ABSOLUTE
    ..\Lib\STM32F10x_StdPeriph_Driver\Src\stm32f10x_dma.c 0x00000000   Number         0  stm32f10x_dma.o ABSOLUTE
    ..\Lib\STM32F10x_StdPeriph_Driver\Src\stm32f10x_exti.c 0x00000000   Number         0  stm32f10x_exti.o ABSOLUTE
    ..\Lib\STM32F10x_StdPeriph_Driver\Src\stm32f10x_gpio.c 0x00000000   Number         0  stm32f10x_gpio.o ABSOLUTE
    ..\Lib\STM32F10x_StdPeriph_Driver\Src\stm32f10x_i2c.c 0x00000000   Number         0  stm32f10x_i2c.o ABSOLUTE
    ..\Lib\STM32F10x_StdPeriph_Driver\Src\stm32f10x_iwdg.c 0x00000000   Number         0  stm32f10x_iwdg.o ABSOLUTE
    ..\Lib\STM32F10x_StdPeriph_Driver\Src\stm32f10x_pwr.c 0x00000000   Number         0  stm32f10x_pwr.o ABSOLUTE
    ..\Lib\STM32F10x_StdPeriph_Driver\Src\stm32f10x_rcc.c 0x00000000   Number         0  stm32f10x_rcc.o ABSOLUTE
    ..\Lib\STM32F10x_StdPeriph_Driver\Src\stm32f10x_rtc.c 0x00000000   Number         0  stm32f10x_rtc.o ABSOLUTE
    ..\Lib\STM32F10x_StdPeriph_Driver\Src\stm32f10x_spi.c 0x00000000   Number         0  stm32f10x_spi.o ABSOLUTE
    ..\Lib\STM32F10x_StdPeriph_Driver\Src\stm32f10x_tim.c 0x00000000   Number         0  stm32f10x_tim.o ABSOLUTE
    ..\Lib\STM32F10x_StdPeriph_Driver\Src\stm32f10x_usart.c 0x00000000   Number         0  stm32f10x_usart.o ABSOLUTE
    ..\Lib\STM32F10x_StdPeriph_Driver\Src\stm32f10x_wwdg.c 0x00000000   Number         0  stm32f10x_wwdg.o ABSOLUTE
    ..\Src\bsp_init.c                        0x00000000   Number         0  bsp_init.o ABSOLUTE
    ..\Src\main.c                            0x00000000   Number         0  main.o ABSOLUTE
    ..\Src\stm32f10x_it.c                    0x00000000   Number         0  stm32f10x_it.o ABSOLUTE
    ..\Test\Src\test.c                       0x00000000   Number         0  test.o ABSOLUTE
    ..\Utils\Src\delay.c                     0x00000000   Number         0  delay.o ABSOLUTE
    ..\\Lib\\CMSIS\\core_cm3.c               0x00000000   Number         0  core_cm3.o ABSOLUTE
    cdcmple.s                                0x00000000   Number         0  cdcmple.o ABSOLUTE
    cdrcmple.s                               0x00000000   Number         0  cdrcmple.o ABSOLUTE
    dc.s                                     0x00000000   Number         0  dc.o ABSOLUTE
    handlers.s                               0x00000000   Number         0  handlers.o ABSOLUTE
    init.s                                   0x00000000   Number         0  init.o ABSOLUTE
    RESET                                    0x08000000   Section      236  startup_stm32f10x_md.o(RESET)
    .ARM.Collect$$$$00000000                 0x080000ec   Section        0  entry.o(.ARM.Collect$$$$00000000)
    .ARM.Collect$$$$00000001                 0x080000ec   Section        4  entry2.o(.ARM.Collect$$$$00000001)
    .ARM.Collect$$$$00000004                 0x080000f0   Section        4  entry5.o(.ARM.Collect$$$$00000004)
    .ARM.Collect$$$$00000008                 0x080000f4   Section        0  entry7b.o(.ARM.Collect$$$$00000008)
    .ARM.Collect$$$$0000000A                 0x080000f4   Section        0  entry8b.o(.ARM.Collect$$$$0000000A)
    .ARM.Collect$$$$0000000B                 0x080000f4   Section        8  entry9a.o(.ARM.Collect$$$$0000000B)
    .ARM.Collect$$$$0000000E                 0x080000fc   Section        4  entry12b.o(.ARM.Collect$$$$0000000E)
    .ARM.Collect$$$$0000000F                 0x08000100   Section        0  entry10a.o(.ARM.Collect$$$$0000000F)
    .ARM.Collect$$$$00000011                 0x08000100   Section        0  entry11a.o(.ARM.Collect$$$$00000011)
    .ARM.Collect$$$$00002712                 0x08000100   Section        4  entry2.o(.ARM.Collect$$$$00002712)
    __lit__00000000                          0x08000100   Data           4  entry2.o(.ARM.Collect$$$$00002712)
    .text                                    0x08000104   Section       36  startup_stm32f10x_md.o(.text)
    .text                                    0x08000128   Section        0  mktime.o(.text)
    .text                                    0x080001d0   Section        0  memseta.o(.text)
    .text                                    0x080001f4   Section        0  strcmp.o(.text)
    .text                                    0x08000210   Section        0  dadd.o(.text)
    .text                                    0x0800035e   Section        0  dmul.o(.text)
    .text                                    0x08000442   Section        0  ddiv.o(.text)
    .text                                    0x08000520   Section       48  cdrcmple.o(.text)
    .text                                    0x08000550   Section        0  uidiv.o(.text)
    .text                                    0x0800057c   Section        0  uldiv.o(.text)
    .text                                    0x080005de   Section        0  llshl.o(.text)
    .text                                    0x080005fc   Section        0  llushr.o(.text)
    .text                                    0x0800061c   Section        0  llsshr.o(.text)
    .text                                    0x08000640   Section        0  localtime_w.o(.text)
    .text                                    0x0800064c   Section        0  localtime_i.o(.text)
    .text                                    0x080006d8   Section        0  depilogue.o(.text)
    .text                                    0x080006d8   Section        0  iusefp.o(.text)
    .text                                    0x08000792   Section        0  dfixul.o(.text)
    .text                                    0x080007c4   Section       36  init.o(.text)
    i.App_Init                               0x080007e8   Section        0  app.o(i.App_Init)
    i.App_KeyScanTask                        0x08000824   Section        0  app.o(i.App_KeyScanTask)
    App_KeyScanTask                          0x08000825   Thumb Code    34  app.o(i.App_KeyScanTask)
    i.App_Task                               0x0800084c   Section        0  app.o(i.App_Task)
    i.BKP_ReadBackupRegister                 0x0800085c   Section        0  stm32f10x_bkp.o(i.BKP_ReadBackupRegister)
    i.BKP_WriteBackupRegister                0x08000870   Section        0  stm32f10x_bkp.o(i.BKP_WriteBackupRegister)
    i.BSP_Init                               0x08000884   Section        0  bsp_init.o(i.BSP_Init)
    i.DWT_Init                               0x080008a4   Section        0  bsp_dwt.o(i.DWT_Init)
    i.DateTimeToTimestamp                    0x080008c8   Section        0  bsp_rtc.o(i.DateTimeToTimestamp)
    DateTimeToTimestamp                      0x080008c9   Thumb Code    54  bsp_rtc.o(i.DateTimeToTimestamp)
    i.Delay_ms                               0x080008fe   Section        0  delay.o(i.Delay_ms)
    i.Delay_us                               0x08000918   Section        0  delay.o(i.Delay_us)
    i.GPIO_Init                              0x08000930   Section        0  stm32f10x_gpio.o(i.GPIO_Init)
    i.GPIO_ReadInputDataBit                  0x080009d6   Section        0  stm32f10x_gpio.o(i.GPIO_ReadInputDataBit)
    i.I2C_SW_Init                            0x080009e4   Section        0  bsp_i2c_sw.o(i.I2C_SW_Init)
    i.I2C_SW_SendByte                        0x08000a10   Section        0  bsp_i2c_sw.o(i.I2C_SW_SendByte)
    i.I2C_SW_Start                           0x08000a80   Section        0  bsp_i2c_sw.o(i.I2C_SW_Start)
    i.I2C_SW_Stop                            0x08000ab4   Section        0  bsp_i2c_sw.o(i.I2C_SW_Stop)
    i.I2C_SW_WaitAck                         0x08000ae8   Section        0  bsp_i2c_sw.o(i.I2C_SW_WaitAck)
    i.Key_Init                               0x08000b38   Section        0  bsp_key.o(i.Key_Init)
    i.Key_RegisterCallback                   0x08000b70   Section        0  bsp_key.o(i.Key_RegisterCallback)
    i.Key_Scan                               0x08000b80   Section        0  bsp_key.o(i.Key_Scan)
    i.NotifyEvent                            0x08000ba8   Section        0  bsp_key.o(i.NotifyEvent)
    NotifyEvent                              0x08000ba9   Thumb Code    36  bsp_key.o(i.NotifyEvent)
    i.OLED_Clear                             0x08000bd0   Section        0  bsp_oled.o(i.OLED_Clear)
    i.OLED_ClearArea                         0x08000bf8   Section        0  bsp_oled.o(i.OLED_ClearArea)
    i.OLED_Init                              0x08000c54   Section        0  bsp_oled.o(i.OLED_Init)
    i.OLED_Printf                            0x08000cf6   Section        0  bsp_oled.o(i.OLED_Printf)
    i.OLED_ReverseArea                       0x08000d20   Section        0  bsp_oled.o(i.OLED_ReverseArea)
    i.OLED_SetCursor                         0x08000d7c   Section        0  bsp_oled.o(i.OLED_SetCursor)
    OLED_SetCursor                           0x08000d7d   Thumb Code    34  bsp_oled.o(i.OLED_SetCursor)
    i.OLED_ShowChar                          0x08000da0   Section        0  bsp_oled.o(i.OLED_ShowChar)
    i.OLED_ShowImage                         0x08000dfc   Section        0  bsp_oled.o(i.OLED_ShowImage)
    i.OLED_ShowString                        0x08000eb0   Section        0  bsp_oled.o(i.OLED_ShowString)
    i.OLED_Update                            0x0800102c   Section        0  bsp_oled.o(i.OLED_Update)
    i.OLED_WriteCommand                      0x08001054   Section        0  bsp_oled.o(i.OLED_WriteCommand)
    OLED_WriteCommand                        0x08001055   Thumb Code    46  bsp_oled.o(i.OLED_WriteCommand)
    i.OLED_WriteData                         0x08001082   Section        0  bsp_oled.o(i.OLED_WriteData)
    OLED_WriteData                           0x08001083   Thumb Code    60  bsp_oled.o(i.OLED_WriteData)
    i.PWR_BackupAccessCmd                    0x080010c0   Section        0  stm32f10x_pwr.o(i.PWR_BackupAccessCmd)
    i.Page_Home_Draw                         0x080010cc   Section        0  ui_page_home.o(i.Page_Home_Draw)
    Page_Home_Draw                           0x080010cd   Thumb Code   164  ui_page_home.o(i.Page_Home_Draw)
    i.Page_Home_Init                         0x08001190   Section        0  ui_page_home.o(i.Page_Home_Init)
    i.Page_Home_key                          0x080011bc   Section        0  ui_page_home.o(i.Page_Home_key)
    Page_Home_key                            0x080011bd   Thumb Code    98  ui_page_home.o(i.Page_Home_key)
    i.ProcessKey                             0x0800121e   Section        0  bsp_key.o(i.ProcessKey)
    ProcessKey                               0x0800121f   Thumb Code   214  bsp_key.o(i.ProcessKey)
    i.RCC_APB1PeriphClockCmd                 0x080012f4   Section        0  stm32f10x_rcc.o(i.RCC_APB1PeriphClockCmd)
    i.RCC_APB2PeriphClockCmd                 0x08001310   Section        0  stm32f10x_rcc.o(i.RCC_APB2PeriphClockCmd)
    i.RCC_GetClocksFreq                      0x0800132c   Section        0  stm32f10x_rcc.o(i.RCC_GetClocksFreq)
    i.RCC_GetFlagStatus                      0x080013d8   Section        0  stm32f10x_rcc.o(i.RCC_GetFlagStatus)
    i.RCC_LSEConfig                          0x08001408   Section        0  stm32f10x_rcc.o(i.RCC_LSEConfig)
    i.RCC_RTCCLKCmd                          0x08001430   Section        0  stm32f10x_rcc.o(i.RCC_RTCCLKCmd)
    i.RCC_RTCCLKConfig                       0x0800143c   Section        0  stm32f10x_rcc.o(i.RCC_RTCCLKConfig)
    i.RTC_EnterConfigMode                    0x0800144c   Section        0  stm32f10x_rtc.o(i.RTC_EnterConfigMode)
    i.RTC_ExitConfigMode                     0x0800145c   Section        0  stm32f10x_rtc.o(i.RTC_ExitConfigMode)
    i.RTC_GetCounter                         0x0800146c   Section        0  stm32f10x_rtc.o(i.RTC_GetCounter)
    i.RTC_GetTimeStamp                       0x08001480   Section        0  bsp_rtc.o(i.RTC_GetTimeStamp)
    i.RTC_Init                               0x080014a0   Section        0  bsp_rtc.o(i.RTC_Init)
    i.RTC_SetCounter                         0x0800151c   Section        0  stm32f10x_rtc.o(i.RTC_SetCounter)
    i.RTC_SetPrescaler                       0x0800153c   Section        0  stm32f10x_rtc.o(i.RTC_SetPrescaler)
    i.RTC_SetTimeStamp                       0x0800155c   Section        0  bsp_rtc.o(i.RTC_SetTimeStamp)
    i.RTC_WaitForLastTask                    0x08001578   Section        0  stm32f10x_rtc.o(i.RTC_WaitForLastTask)
    i.RTC_WaitForSynchro                     0x08001588   Section        0  stm32f10x_rtc.o(i.RTC_WaitForSynchro)
    i.SetPageRefreshInterval                 0x080015a0   Section        0  ui_core.o(i.SetPageRefreshInterval)
    i.SetSysClock                            0x080015b0   Section        0  system_stm32f10x.o(i.SetSysClock)
    SetSysClock                              0x080015b1   Thumb Code     4  system_stm32f10x.o(i.SetSysClock)
    i.SetSysClockTo72                        0x080015b4   Section        0  system_stm32f10x.o(i.SetSysClockTo72)
    SetSysClockTo72                          0x080015b5   Thumb Code   166  system_stm32f10x.o(i.SetSysClockTo72)
    i.SysTick_GetTick                        0x08001664   Section        0  bsp_sys_tick.o(i.SysTick_GetTick)
    i.SysTick_Handler                        0x08001670   Section        0  stm32f10x_it.o(i.SysTick_Handler)
    i.SysTick_Init                           0x08001674   Section        0  bsp_sys_tick.o(i.SysTick_Init)
    i.SysTick_Update                         0x080016a0   Section        0  bsp_sys_tick.o(i.SysTick_Update)
    i.SystemInit                             0x080016b0   Section        0  system_stm32f10x.o(i.SystemInit)
    i.TimestampToDateTime                    0x08001700   Section        0  bsp_rtc.o(i.TimestampToDateTime)
    TimestampToDateTime                      0x08001701   Thumb Code    70  bsp_rtc.o(i.TimestampToDateTime)
    i.UART1_Init                             0x08001748   Section        0  bsp_uart.o(i.UART1_Init)
    i.UI_HandleKeyEvent                      0x080017cc   Section        0  ui_core.o(i.UI_HandleKeyEvent)
    i.UI_Init                                0x080017e8   Section        0  ui_core.o(i.UI_Init)
    i.UI_Refresh                             0x08001808   Section        0  ui_core.o(i.UI_Refresh)
    i.UI_RegisterPage                        0x08001844   Section        0  ui_core.o(i.UI_RegisterPage)
    i.UI_SwitchPage                          0x0800185c   Section        0  ui_core.o(i.UI_SwitchPage)
    i.USART_Cmd                              0x08001898   Section        0  stm32f10x_usart.o(i.USART_Cmd)
    i.USART_Init                             0x080018b0   Section        0  stm32f10x_usart.o(i.USART_Init)
    i.__0vsprintf                            0x0800196c   Section        0  printfa.o(i.__0vsprintf)
    i.__scatterload_copy                     0x08001990   Section       14  handlers.o(i.__scatterload_copy)
    i.__scatterload_null                     0x0800199e   Section        2  handlers.o(i.__scatterload_null)
    i.__scatterload_zeroinit                 0x080019a0   Section       14  handlers.o(i.__scatterload_zeroinit)
    i._fp_digits                             0x080019b0   Section        0  printfa.o(i._fp_digits)
    _fp_digits                               0x080019b1   Thumb Code   366  printfa.o(i._fp_digits)
    i._printf_core                           0x08001b34   Section        0  printfa.o(i._printf_core)
    _printf_core                             0x08001b35   Thumb Code  1704  printfa.o(i._printf_core)
    i._printf_post_padding                   0x080021e8   Section        0  printfa.o(i._printf_post_padding)
    _printf_post_padding                     0x080021e9   Thumb Code    36  printfa.o(i._printf_post_padding)
    i._printf_pre_padding                    0x0800220c   Section        0  printfa.o(i._printf_pre_padding)
    _printf_pre_padding                      0x0800220d   Thumb Code    46  printfa.o(i._printf_pre_padding)
    i._sputc                                 0x0800223a   Section        0  printfa.o(i._sputc)
    _sputc                                   0x0800223b   Thumb Code    10  printfa.o(i._sputc)
    i.main                                   0x08002244   Section        0  main.o(i.main)
    .constdata                               0x08002254   Section       40  ui_page_home.o(.constdata)
    home_vtable                              0x08002254   Data           8  ui_page_home.o(.constdata)
    menu_items                               0x0800225c   Data          32  ui_page_home.o(.constdata)
    .constdata                               0x0800227c   Section     1520  bsp_oled_data.o(.constdata)
    .constdata                               0x0800286c   Section      570  bsp_oled_data.o(.constdata)
    .constdata                               0x08002aa6   Section     3420  bsp_oled_data.o(.constdata)
    .constdata                               0x08003840   Section     1920  bsp_oled_data.o(.constdata)
    .constdata                               0x08003fc0   Section        8  bsp_rtc.o(.constdata)
    RTC_StartTime                            0x08003fc0   Data           8  bsp_rtc.o(.constdata)
    .constdata                               0x08003fc8   Section        4  bsp_key.o(.constdata)
    .constdata                               0x08003fcc   Section       12  mktime.o(.constdata)
    monlen                                   0x08003fcc   Data          12  mktime.o(.constdata)
    .constdata                               0x08003fd8   Section       12  localtime_i.o(.constdata)
    monlen                                   0x08003fd8   Data          12  localtime_i.o(.constdata)
    .conststring                             0x08003fe4   Section       15  ui_page_home.o(.conststring)
    .data                                    0x20000000   Section        4  app.o(.data)
    last_tick                                0x20000000   Data           4  app.o(.data)
    .data                                    0x20000004   Section        4  ui_core.o(.data)
    current_page                             0x20000004   Data           4  ui_core.o(.data)
    .data                                    0x20000008   Section        8  ui_page_home.o(.data)
    RTC_Time                                 0x20000008   Data           8  ui_page_home.o(.data)
    .data                                    0x20000010   Section       96  bsp_key.o(.data)
    keyObjects                               0x20000010   Data          96  bsp_key.o(.data)
    .data                                    0x20000070   Section        4  bsp_sys_tick.o(.data)
    tick_count                               0x20000070   Data           4  bsp_sys_tick.o(.data)
    .data                                    0x20000074   Section       20  system_stm32f10x.o(.data)
    .data                                    0x20000088   Section       20  stm32f10x_rcc.o(.data)
    ADCPrescTable                            0x20000088   Data           4  stm32f10x_rcc.o(.data)
    APBAHBPrescTable                         0x2000008c   Data          16  stm32f10x_rcc.o(.data)
    .bss                                     0x2000009c   Section       12  ui_core.o(.bss)
    page_table                               0x2000009c   Data          12  ui_core.o(.bss)
    .bss                                     0x200000a8   Section       32  ui_page_home.o(.bss)
    page_home                                0x200000a8   Data          32  ui_page_home.o(.bss)
    .bss                                     0x200000c8   Section     1024  bsp_oled.o(.bss)
    .bss                                     0x200004c8   Section       12  bsp_key.o(.bss)
    callback_table                           0x200004c8   Data          12  bsp_key.o(.bss)
    .bss                                     0x200004d4   Section       44  localtime_w.o(.bss)
    _tms                                     0x200004d4   Data          44  localtime_w.o(.bss)
    STACK                                    0x20000500   Section     1024  startup_stm32f10x_md.o(STACK)

    Global Symbols

    Symbol Name                              Value     Ov Type        Size  Object(Section)

    BuildAttributes$$THM_ISAv4$P$D$K$B$S$PE$A:L22UL41UL21$X:L11$S22US41US21$IEEE1$IW$USESV6$~STKCKD$USESV7$~SHL$OTIME$ROPI$IEEEX$EBA8$MICROLIB$REQ8$PRES8$EABIv2 0x00000000   Number         0  anon$$obj.o ABSOLUTE
    __ARM_use_no_argv                        0x00000000   Number         0  main.o ABSOLUTE
    __arm_fini_                               - Undefined Weak Reference
    __cpp_initialize__aeabi_                  - Undefined Weak Reference
    __cxa_finalize                            - Undefined Weak Reference
    __decompress                              - Undefined Weak Reference
    _clock_init                               - Undefined Weak Reference
    _microlib_exit                            - Undefined Weak Reference
    __Vectors_Size                           0x000000ec   Number         0  startup_stm32f10x_md.o ABSOLUTE
    __Vectors                                0x08000000   Data           4  startup_stm32f10x_md.o(RESET)
    __Vectors_End                            0x080000ec   Data           0  startup_stm32f10x_md.o(RESET)
    __main                                   0x080000ed   Thumb Code     0  entry.o(.ARM.Collect$$$$00000000)
    _main_stk                                0x080000ed   Thumb Code     0  entry2.o(.ARM.Collect$$$$00000001)
    _main_scatterload                        0x080000f1   Thumb Code     0  entry5.o(.ARM.Collect$$$$00000004)
    __main_after_scatterload                 0x080000f5   Thumb Code     0  entry5.o(.ARM.Collect$$$$00000004)
    _main_clock                              0x080000f5   Thumb Code     0  entry7b.o(.ARM.Collect$$$$00000008)
    _main_cpp_init                           0x080000f5   Thumb Code     0  entry8b.o(.ARM.Collect$$$$0000000A)
    _main_init                               0x080000f5   Thumb Code     0  entry9a.o(.ARM.Collect$$$$0000000B)
    __rt_lib_shutdown_fini                   0x080000fd   Thumb Code     0  entry12b.o(.ARM.Collect$$$$0000000E)
    __rt_final_cpp                           0x08000101   Thumb Code     0  entry10a.o(.ARM.Collect$$$$0000000F)
    __rt_final_exit                          0x08000101   Thumb Code     0  entry11a.o(.ARM.Collect$$$$00000011)
    Reset_Handler                            0x08000105   Thumb Code     8  startup_stm32f10x_md.o(.text)
    NMI_Handler                              0x0800010d   Thumb Code     2  startup_stm32f10x_md.o(.text)
    HardFault_Handler                        0x0800010f   Thumb Code     2  startup_stm32f10x_md.o(.text)
    MemManage_Handler                        0x08000111   Thumb Code     2  startup_stm32f10x_md.o(.text)
    BusFault_Handler                         0x08000113   Thumb Code     2  startup_stm32f10x_md.o(.text)
    UsageFault_Handler                       0x08000115   Thumb Code     2  startup_stm32f10x_md.o(.text)
    SVC_Handler                              0x08000117   Thumb Code     2  startup_stm32f10x_md.o(.text)
    DebugMon_Handler                         0x08000119   Thumb Code     2  startup_stm32f10x_md.o(.text)
    PendSV_Handler                           0x0800011b   Thumb Code     2  startup_stm32f10x_md.o(.text)
    ADC1_2_IRQHandler                        0x0800011f   Thumb Code     0  startup_stm32f10x_md.o(.text)
    CAN1_RX1_IRQHandler                      0x0800011f   Thumb Code     0  startup_stm32f10x_md.o(.text)
    CAN1_SCE_IRQHandler                      0x0800011f   Thumb Code     0  startup_stm32f10x_md.o(.text)
    DMA1_Channel1_IRQHandler                 0x0800011f   Thumb Code     0  startup_stm32f10x_md.o(.text)
    DMA1_Channel2_IRQHandler                 0x0800011f   Thumb Code     0  startup_stm32f10x_md.o(.text)
    DMA1_Channel3_IRQHandler                 0x0800011f   Thumb Code     0  startup_stm32f10x_md.o(.text)
    DMA1_Channel4_IRQHandler                 0x0800011f   Thumb Code     0  startup_stm32f10x_md.o(.text)
    DMA1_Channel5_IRQHandler                 0x0800011f   Thumb Code     0  startup_stm32f10x_md.o(.text)
    DMA1_Channel6_IRQHandler                 0x0800011f   Thumb Code     0  startup_stm32f10x_md.o(.text)
    DMA1_Channel7_IRQHandler                 0x0800011f   Thumb Code     0  startup_stm32f10x_md.o(.text)
    EXTI0_IRQHandler                         0x0800011f   Thumb Code     0  startup_stm32f10x_md.o(.text)
    EXTI15_10_IRQHandler                     0x0800011f   Thumb Code     0  startup_stm32f10x_md.o(.text)
    EXTI1_IRQHandler                         0x0800011f   Thumb Code     0  startup_stm32f10x_md.o(.text)
    EXTI2_IRQHandler                         0x0800011f   Thumb Code     0  startup_stm32f10x_md.o(.text)
    EXTI3_IRQHandler                         0x0800011f   Thumb Code     0  startup_stm32f10x_md.o(.text)
    EXTI4_IRQHandler                         0x0800011f   Thumb Code     0  startup_stm32f10x_md.o(.text)
    EXTI9_5_IRQHandler                       0x0800011f   Thumb Code     0  startup_stm32f10x_md.o(.text)
    FLASH_IRQHandler                         0x0800011f   Thumb Code     0  startup_stm32f10x_md.o(.text)
    I2C1_ER_IRQHandler                       0x0800011f   Thumb Code     0  startup_stm32f10x_md.o(.text)
    I2C1_EV_IRQHandler                       0x0800011f   Thumb Code     0  startup_stm32f10x_md.o(.text)
    I2C2_ER_IRQHandler                       0x0800011f   Thumb Code     0  startup_stm32f10x_md.o(.text)
    I2C2_EV_IRQHandler                       0x0800011f   Thumb Code     0  startup_stm32f10x_md.o(.text)
    PVD_IRQHandler                           0x0800011f   Thumb Code     0  startup_stm32f10x_md.o(.text)
    RCC_IRQHandler                           0x0800011f   Thumb Code     0  startup_stm32f10x_md.o(.text)
    RTCAlarm_IRQHandler                      0x0800011f   Thumb Code     0  startup_stm32f10x_md.o(.text)
    RTC_IRQHandler                           0x0800011f   Thumb Code     0  startup_stm32f10x_md.o(.text)
    SPI1_IRQHandler                          0x0800011f   Thumb Code     0  startup_stm32f10x_md.o(.text)
    SPI2_IRQHandler                          0x0800011f   Thumb Code     0  startup_stm32f10x_md.o(.text)
    TAMPER_IRQHandler                        0x0800011f   Thumb Code     0  startup_stm32f10x_md.o(.text)
    TIM1_BRK_IRQHandler                      0x0800011f   Thumb Code     0  startup_stm32f10x_md.o(.text)
    TIM1_CC_IRQHandler                       0x0800011f   Thumb Code     0  startup_stm32f10x_md.o(.text)
    TIM1_TRG_COM_IRQHandler                  0x0800011f   Thumb Code     0  startup_stm32f10x_md.o(.text)
    TIM1_UP_IRQHandler                       0x0800011f   Thumb Code     0  startup_stm32f10x_md.o(.text)
    TIM2_IRQHandler                          0x0800011f   Thumb Code     0  startup_stm32f10x_md.o(.text)
    TIM3_IRQHandler                          0x0800011f   Thumb Code     0  startup_stm32f10x_md.o(.text)
    TIM4_IRQHandler                          0x0800011f   Thumb Code     0  startup_stm32f10x_md.o(.text)
    USART1_IRQHandler                        0x0800011f   Thumb Code     0  startup_stm32f10x_md.o(.text)
    USART2_IRQHandler                        0x0800011f   Thumb Code     0  startup_stm32f10x_md.o(.text)
    USART3_IRQHandler                        0x0800011f   Thumb Code     0  startup_stm32f10x_md.o(.text)
    USBWakeUp_IRQHandler                     0x0800011f   Thumb Code     0  startup_stm32f10x_md.o(.text)
    USB_HP_CAN1_TX_IRQHandler                0x0800011f   Thumb Code     0  startup_stm32f10x_md.o(.text)
    USB_LP_CAN1_RX0_IRQHandler               0x0800011f   Thumb Code     0  startup_stm32f10x_md.o(.text)
    WWDG_IRQHandler                          0x0800011f   Thumb Code     0  startup_stm32f10x_md.o(.text)
    mktime                                   0x08000129   Thumb Code   150  mktime.o(.text)
    __aeabi_memset                           0x080001d1   Thumb Code    14  memseta.o(.text)
    __aeabi_memset4                          0x080001d1   Thumb Code     0  memseta.o(.text)
    __aeabi_memset8                          0x080001d1   Thumb Code     0  memseta.o(.text)
    __aeabi_memclr                           0x080001df   Thumb Code     4  memseta.o(.text)
    __aeabi_memclr4                          0x080001df   Thumb Code     0  memseta.o(.text)
    __aeabi_memclr8                          0x080001df   Thumb Code     0  memseta.o(.text)
    _memset$wrapper                          0x080001e3   Thumb Code    18  memseta.o(.text)
    strcmp                                   0x080001f5   Thumb Code    28  strcmp.o(.text)
    __aeabi_dadd                             0x08000211   Thumb Code   322  dadd.o(.text)
    __aeabi_dsub                             0x08000353   Thumb Code     6  dadd.o(.text)
    __aeabi_drsub                            0x08000359   Thumb Code     6  dadd.o(.text)
    __aeabi_dmul                             0x0800035f   Thumb Code   228  dmul.o(.text)
    __aeabi_ddiv                             0x08000443   Thumb Code   222  ddiv.o(.text)
    __aeabi_cdrcmple                         0x08000521   Thumb Code    48  cdrcmple.o(.text)
    __aeabi_uidiv                            0x08000551   Thumb Code     0  uidiv.o(.text)
    __aeabi_uidivmod                         0x08000551   Thumb Code    44  uidiv.o(.text)
    __aeabi_uldivmod                         0x0800057d   Thumb Code    98  uldiv.o(.text)
    __aeabi_llsl                             0x080005df   Thumb Code    30  llshl.o(.text)
    _ll_shift_l                              0x080005df   Thumb Code     0  llshl.o(.text)
    __aeabi_llsr                             0x080005fd   Thumb Code    32  llushr.o(.text)
    _ll_ushift_r                             0x080005fd   Thumb Code     0  llushr.o(.text)
    __aeabi_lasr                             0x0800061d   Thumb Code    36  llsshr.o(.text)
    _ll_sshift_r                             0x0800061d   Thumb Code     0  llsshr.o(.text)
    localtime                                0x08000641   Thumb Code     6  localtime_w.o(.text)
    _localtime                               0x0800064d   Thumb Code   134  localtime_i.o(.text)
    __I$use$fp                               0x080006d9   Thumb Code     0  iusefp.o(.text)
    _double_round                            0x080006d9   Thumb Code    30  depilogue.o(.text)
    _double_epilogue                         0x080006f7   Thumb Code   156  depilogue.o(.text)
    __aeabi_d2ulz                            0x08000793   Thumb Code    48  dfixul.o(.text)
    __scatterload                            0x080007c5   Thumb Code    28  init.o(.text)
    __scatterload_rt2                        0x080007c5   Thumb Code     0  init.o(.text)
    App_Init                                 0x080007e9   Thumb Code    54  app.o(i.App_Init)
    App_Task                                 0x0800084d   Thumb Code    16  app.o(i.App_Task)
    BKP_ReadBackupRegister                   0x0800085d   Thumb Code    14  stm32f10x_bkp.o(i.BKP_ReadBackupRegister)
    BKP_WriteBackupRegister                  0x08000871   Thumb Code    14  stm32f10x_bkp.o(i.BKP_WriteBackupRegister)
    BSP_Init                                 0x08000885   Thumb Code    30  bsp_init.o(i.BSP_Init)
    DWT_Init                                 0x080008a5   Thumb Code    26  bsp_dwt.o(i.DWT_Init)
    Delay_ms                                 0x080008ff   Thumb Code    24  delay.o(i.Delay_ms)
    Delay_us                                 0x08000919   Thumb Code    20  delay.o(i.Delay_us)
    GPIO_Init                                0x08000931   Thumb Code   166  stm32f10x_gpio.o(i.GPIO_Init)
    GPIO_ReadInputDataBit                    0x080009d7   Thumb Code    14  stm32f10x_gpio.o(i.GPIO_ReadInputDataBit)
    I2C_SW_Init                              0x080009e5   Thumb Code    40  bsp_i2c_sw.o(i.I2C_SW_Init)
    I2C_SW_SendByte                          0x08000a11   Thumb Code   108  bsp_i2c_sw.o(i.I2C_SW_SendByte)
    I2C_SW_Start                             0x08000a81   Thumb Code    48  bsp_i2c_sw.o(i.I2C_SW_Start)
    I2C_SW_Stop                              0x08000ab5   Thumb Code    48  bsp_i2c_sw.o(i.I2C_SW_Stop)
    I2C_SW_WaitAck                           0x08000ae9   Thumb Code    76  bsp_i2c_sw.o(i.I2C_SW_WaitAck)
    Key_Init                                 0x08000b39   Thumb Code    46  bsp_key.o(i.Key_Init)
    Key_RegisterCallback                     0x08000b71   Thumb Code    12  bsp_key.o(i.Key_RegisterCallback)
    Key_Scan                                 0x08000b81   Thumb Code    34  bsp_key.o(i.Key_Scan)
    OLED_Clear                               0x08000bd1   Thumb Code    34  bsp_oled.o(i.OLED_Clear)
    OLED_ClearArea                           0x08000bf9   Thumb Code    88  bsp_oled.o(i.OLED_ClearArea)
    OLED_Init                                0x08000c55   Thumb Code   162  bsp_oled.o(i.OLED_Init)
    OLED_Printf                              0x08000cf7   Thumb Code    42  bsp_oled.o(i.OLED_Printf)
    OLED_ReverseArea                         0x08000d21   Thumb Code    88  bsp_oled.o(i.OLED_ReverseArea)
    OLED_ShowChar                            0x08000da1   Thumb Code    78  bsp_oled.o(i.OLED_ShowChar)
    OLED_ShowImage                           0x08000dfd   Thumb Code   176  bsp_oled.o(i.OLED_ShowImage)
    OLED_ShowString                          0x08000eb1   Thumb Code   370  bsp_oled.o(i.OLED_ShowString)
    OLED_Update                              0x0800102d   Thumb Code    34  bsp_oled.o(i.OLED_Update)
    PWR_BackupAccessCmd                      0x080010c1   Thumb Code     6  stm32f10x_pwr.o(i.PWR_BackupAccessCmd)
    Page_Home_Init                           0x08001191   Thumb Code    32  ui_page_home.o(i.Page_Home_Init)
    RCC_APB1PeriphClockCmd                   0x080012f5   Thumb Code    22  stm32f10x_rcc.o(i.RCC_APB1PeriphClockCmd)
    RCC_APB2PeriphClockCmd                   0x08001311   Thumb Code    22  stm32f10x_rcc.o(i.RCC_APB2PeriphClockCmd)
    RCC_GetClocksFreq                        0x0800132d   Thumb Code   154  stm32f10x_rcc.o(i.RCC_GetClocksFreq)
    RCC_GetFlagStatus                        0x080013d9   Thumb Code    42  stm32f10x_rcc.o(i.RCC_GetFlagStatus)
    RCC_LSEConfig                            0x08001409   Thumb Code    34  stm32f10x_rcc.o(i.RCC_LSEConfig)
    RCC_RTCCLKCmd                            0x08001431   Thumb Code     6  stm32f10x_rcc.o(i.RCC_RTCCLKCmd)
    RCC_RTCCLKConfig                         0x0800143d   Thumb Code    10  stm32f10x_rcc.o(i.RCC_RTCCLKConfig)
    RTC_EnterConfigMode                      0x0800144d   Thumb Code    12  stm32f10x_rtc.o(i.RTC_EnterConfigMode)
    RTC_ExitConfigMode                       0x0800145d   Thumb Code    12  stm32f10x_rtc.o(i.RTC_ExitConfigMode)
    RTC_GetCounter                           0x0800146d   Thumb Code    16  stm32f10x_rtc.o(i.RTC_GetCounter)
    RTC_GetTimeStamp                         0x08001481   Thumb Code    30  bsp_rtc.o(i.RTC_GetTimeStamp)
    RTC_Init                                 0x080014a1   Thumb Code   118  bsp_rtc.o(i.RTC_Init)
    RTC_SetCounter                           0x0800151d   Thumb Code    26  stm32f10x_rtc.o(i.RTC_SetCounter)
    RTC_SetPrescaler                         0x0800153d   Thumb Code    28  stm32f10x_rtc.o(i.RTC_SetPrescaler)
    RTC_SetTimeStamp                         0x0800155d   Thumb Code    26  bsp_rtc.o(i.RTC_SetTimeStamp)
    RTC_WaitForLastTask                      0x08001579   Thumb Code    10  stm32f10x_rtc.o(i.RTC_WaitForLastTask)
    RTC_WaitForSynchro                       0x08001589   Thumb Code    18  stm32f10x_rtc.o(i.RTC_WaitForSynchro)
    SetPageRefreshInterval                   0x080015a1   Thumb Code    10  ui_core.o(i.SetPageRefreshInterval)
    SysTick_GetTick                          0x08001665   Thumb Code     6  bsp_sys_tick.o(i.SysTick_GetTick)
    SysTick_Handler                          0x08001671   Thumb Code     4  stm32f10x_it.o(i.SysTick_Handler)
    SysTick_Init                             0x08001675   Thumb Code    36  bsp_sys_tick.o(i.SysTick_Init)
    SysTick_Update                           0x080016a1   Thumb Code    10  bsp_sys_tick.o(i.SysTick_Update)
    SystemInit                               0x080016b1   Thumb Code    64  system_stm32f10x.o(i.SystemInit)
    UART1_Init                               0x08001749   Thumb Code   122  bsp_uart.o(i.UART1_Init)
    UI_HandleKeyEvent                        0x080017cd   Thumb Code    22  ui_core.o(i.UI_HandleKeyEvent)
    UI_Init                                  0x080017e9   Thumb Code    22  ui_core.o(i.UI_Init)
    UI_Refresh                               0x08001809   Thumb Code    56  ui_core.o(i.UI_Refresh)
    UI_RegisterPage                          0x08001845   Thumb Code    18  ui_core.o(i.UI_RegisterPage)
    UI_SwitchPage                            0x0800185d   Thumb Code    50  ui_core.o(i.UI_SwitchPage)
    USART_Cmd                                0x08001899   Thumb Code    24  stm32f10x_usart.o(i.USART_Cmd)
    USART_Init                               0x080018b1   Thumb Code   182  stm32f10x_usart.o(i.USART_Init)
    __0vsprintf                              0x0800196d   Thumb Code    30  printfa.o(i.__0vsprintf)
    __1vsprintf                              0x0800196d   Thumb Code     0  printfa.o(i.__0vsprintf)
    __2vsprintf                              0x0800196d   Thumb Code     0  printfa.o(i.__0vsprintf)
    __c89vsprintf                            0x0800196d   Thumb Code     0  printfa.o(i.__0vsprintf)
    vsprintf                                 0x0800196d   Thumb Code     0  printfa.o(i.__0vsprintf)
    __scatterload_copy                       0x08001991   Thumb Code    14  handlers.o(i.__scatterload_copy)
    __scatterload_null                       0x0800199f   Thumb Code     2  handlers.o(i.__scatterload_null)
    __scatterload_zeroinit                   0x080019a1   Thumb Code    14  handlers.o(i.__scatterload_zeroinit)
    main                                     0x08002245   Thumb Code    14  main.o(i.main)
    OLED_F8x16                               0x0800227c   Data        1520  bsp_oled_data.o(.constdata)
    OLED_F6x8                                0x0800286c   Data         570  bsp_oled_data.o(.constdata)
    OLED_F12x24                              0x08002aa6   Data        3420  bsp_oled_data.o(.constdata)
    OLED_CF16x16                             0x08003840   Data        1920  bsp_oled_data.o(.constdata)
    Region$$Table$$Base                      0x08003ff4   Number         0  anon$$obj.o(Region$$Table)
    Region$$Table$$Limit                     0x08004014   Number         0  anon$$obj.o(Region$$Table)
    SystemCoreClock                          0x20000074   Data           4  system_stm32f10x.o(.data)
    AHBPrescTable                            0x20000078   Data          16  system_stm32f10x.o(.data)
    OLED_DisplayBuf                          0x200000c8   Data        1024  bsp_oled.o(.bss)
    __initial_sp                             0x20000900   Data           0  startup_stm32f10x_md.o(STACK)



==============================================================================

Memory Map of the image

  Image Entry point : 0x08000105

  Load Region LR_1 (Base: 0x08000000, Size: 0x000040b0, Max: 0xffffffff, ABSOLUTE)

    Execution Region ER_RO (Exec base: 0x08000000, Load base: 0x08000000, Size: 0x00004014, Max: 0xffffffff, ABSOLUTE)

    Exec Addr    Load Addr    Size         Type   Attr      Idx    E Section Name        Object

    0x08000000   0x08000000   0x000000ec   Data   RO          669    RESET               startup_stm32f10x_md.o
    0x080000ec   0x080000ec   0x00000000   Code   RO         2963  * .ARM.Collect$$$$00000000  mc_w.l(entry.o)
    0x080000ec   0x080000ec   0x00000004   Code   RO         3290    .ARM.Collect$$$$00000001  mc_w.l(entry2.o)
    0x080000f0   0x080000f0   0x00000004   Code   RO         3293    .ARM.Collect$$$$00000004  mc_w.l(entry5.o)
    0x080000f4   0x080000f4   0x00000000   Code   RO         3295    .ARM.Collect$$$$00000008  mc_w.l(entry7b.o)
    0x080000f4   0x080000f4   0x00000000   Code   RO         3297    .ARM.Collect$$$$0000000A  mc_w.l(entry8b.o)
    0x080000f4   0x080000f4   0x00000008   Code   RO         3298    .ARM.Collect$$$$0000000B  mc_w.l(entry9a.o)
    0x080000fc   0x080000fc   0x00000004   Code   RO         3305    .ARM.Collect$$$$0000000E  mc_w.l(entry12b.o)
    0x08000100   0x08000100   0x00000000   Code   RO         3300    .ARM.Collect$$$$0000000F  mc_w.l(entry10a.o)
    0x08000100   0x08000100   0x00000000   Code   RO         3302    .ARM.Collect$$$$00000011  mc_w.l(entry11a.o)
    0x08000100   0x08000100   0x00000004   Code   RO         3291    .ARM.Collect$$$$00002712  mc_w.l(entry2.o)
    0x08000104   0x08000104   0x00000024   Code   RO          670  * .text               startup_stm32f10x_md.o
    0x08000128   0x08000128   0x000000a8   Code   RO         2970    .text               mc_w.l(mktime.o)
    0x080001d0   0x080001d0   0x00000024   Code   RO         2975    .text               mc_w.l(memseta.o)
    0x080001f4   0x080001f4   0x0000001c   Code   RO         2977    .text               mc_w.l(strcmp.o)
    0x08000210   0x08000210   0x0000014e   Code   RO         3243    .text               mf_w.l(dadd.o)
    0x0800035e   0x0800035e   0x000000e4   Code   RO         3245    .text               mf_w.l(dmul.o)
    0x08000442   0x08000442   0x000000de   Code   RO         3247    .text               mf_w.l(ddiv.o)
    0x08000520   0x08000520   0x00000030   Code   RO         3261    .text               mf_w.l(cdrcmple.o)
    0x08000550   0x08000550   0x0000002c   Code   RO         3307    .text               mc_w.l(uidiv.o)
    0x0800057c   0x0800057c   0x00000062   Code   RO         3309    .text               mc_w.l(uldiv.o)
    0x080005de   0x080005de   0x0000001e   Code   RO         3311    .text               mc_w.l(llshl.o)
    0x080005fc   0x080005fc   0x00000020   Code   RO         3313    .text               mc_w.l(llushr.o)
    0x0800061c   0x0800061c   0x00000024   Code   RO         3315    .text               mc_w.l(llsshr.o)
    0x08000640   0x08000640   0x0000000c   Code   RO         3317    .text               mc_w.l(localtime_w.o)
    0x0800064c   0x0800064c   0x0000008c   Code   RO         3320    .text               mc_w.l(localtime_i.o)
    0x080006d8   0x080006d8   0x00000000   Code   RO         3330    .text               mc_w.l(iusefp.o)
    0x080006d8   0x080006d8   0x000000ba   Code   RO         3333    .text               mf_w.l(depilogue.o)
    0x08000792   0x08000792   0x00000030   Code   RO         3337    .text               mf_w.l(dfixul.o)
    0x080007c2   0x080007c2   0x00000002   PAD
    0x080007c4   0x080007c4   0x00000024   Code   RO         3343    .text               mc_w.l(init.o)
    0x080007e8   0x080007e8   0x0000003c   Code   RO            1    i.App_Init          app.o
    0x08000824   0x08000824   0x00000028   Code   RO            2    i.App_KeyScanTask   app.o
    0x0800084c   0x0800084c   0x00000010   Code   RO            3    i.App_Task          app.o
    0x0800085c   0x0800085c   0x00000014   Code   RO          987    i.BKP_ReadBackupRegister  stm32f10x_bkp.o
    0x08000870   0x08000870   0x00000014   Code   RO          991    i.BKP_WriteBackupRegister  stm32f10x_bkp.o
    0x08000884   0x08000884   0x0000001e   Code   RO         2902    i.BSP_Init          bsp_init.o
    0x080008a2   0x080008a2   0x00000002   PAD
    0x080008a4   0x080008a4   0x00000024   Code   RO          655    i.DWT_Init          bsp_dwt.o
    0x080008c8   0x080008c8   0x00000036   Code   RO          545    i.DateTimeToTimestamp  bsp_rtc.o
    0x080008fe   0x080008fe   0x00000018   Code   RO         2841    i.Delay_ms          delay.o
    0x08000916   0x08000916   0x00000002   PAD
    0x08000918   0x08000918   0x00000018   Code   RO         2843    i.Delay_us          delay.o
    0x08000930   0x08000930   0x000000a6   Code   RO         1196    i.GPIO_Init         stm32f10x_gpio.o
    0x080009d6   0x080009d6   0x0000000e   Code   RO         1200    i.GPIO_ReadInputDataBit  stm32f10x_gpio.o
    0x080009e4   0x080009e4   0x0000002c   Code   RO          260    i.I2C_SW_Init       bsp_i2c_sw.o
    0x08000a10   0x08000a10   0x00000070   Code   RO          263    i.I2C_SW_SendByte   bsp_i2c_sw.o
    0x08000a80   0x08000a80   0x00000034   Code   RO          264    i.I2C_SW_Start      bsp_i2c_sw.o
    0x08000ab4   0x08000ab4   0x00000034   Code   RO          265    i.I2C_SW_Stop       bsp_i2c_sw.o
    0x08000ae8   0x08000ae8   0x00000050   Code   RO          266    i.I2C_SW_WaitAck    bsp_i2c_sw.o
    0x08000b38   0x08000b38   0x00000038   Code   RO          581    i.Key_Init          bsp_key.o
    0x08000b70   0x08000b70   0x00000010   Code   RO          582    i.Key_RegisterCallback  bsp_key.o
    0x08000b80   0x08000b80   0x00000028   Code   RO          583    i.Key_Scan          bsp_key.o
    0x08000ba8   0x08000ba8   0x00000028   Code   RO          584    i.NotifyEvent       bsp_key.o
    0x08000bd0   0x08000bd0   0x00000028   Code   RO          319    i.OLED_Clear        bsp_oled.o
    0x08000bf8   0x08000bf8   0x0000005c   Code   RO          320    i.OLED_ClearArea    bsp_oled.o
    0x08000c54   0x08000c54   0x000000a2   Code   RO          329    i.OLED_Init         bsp_oled.o
    0x08000cf6   0x08000cf6   0x0000002a   Code   RO          332    i.OLED_Printf       bsp_oled.o
    0x08000d20   0x08000d20   0x0000005c   Code   RO          334    i.OLED_ReverseArea  bsp_oled.o
    0x08000d7c   0x08000d7c   0x00000022   Code   RO          335    i.OLED_SetCursor    bsp_oled.o
    0x08000d9e   0x08000d9e   0x00000002   PAD
    0x08000da0   0x08000da0   0x0000005c   Code   RO          337    i.OLED_ShowChar     bsp_oled.o
    0x08000dfc   0x08000dfc   0x000000b4   Code   RO          340    i.OLED_ShowImage    bsp_oled.o
    0x08000eb0   0x08000eb0   0x0000017c   Code   RO          343    i.OLED_ShowString   bsp_oled.o
    0x0800102c   0x0800102c   0x00000028   Code   RO          344    i.OLED_Update       bsp_oled.o
    0x08001054   0x08001054   0x0000002e   Code   RO          346    i.OLED_WriteCommand  bsp_oled.o
    0x08001082   0x08001082   0x0000003c   Code   RO          347    i.OLED_WriteData    bsp_oled.o
    0x080010be   0x080010be   0x00000002   PAD
    0x080010c0   0x080010c0   0x0000000c   Code   RO         1556    i.PWR_BackupAccessCmd  stm32f10x_pwr.o
    0x080010cc   0x080010cc   0x000000c4   Code   RO          151    i.Page_Home_Draw    ui_page_home.o
    0x08001190   0x08001190   0x0000002c   Code   RO          152    i.Page_Home_Init    ui_page_home.o
    0x080011bc   0x080011bc   0x00000062   Code   RO          153    i.Page_Home_key     ui_page_home.o
    0x0800121e   0x0800121e   0x000000d6   Code   RO          585    i.ProcessKey        bsp_key.o
    0x080012f4   0x080012f4   0x0000001c   Code   RO         1618    i.RCC_APB1PeriphClockCmd  stm32f10x_rcc.o
    0x08001310   0x08001310   0x0000001c   Code   RO         1620    i.RCC_APB2PeriphClockCmd  stm32f10x_rcc.o
    0x0800132c   0x0800132c   0x000000ac   Code   RO         1628    i.RCC_GetClocksFreq  stm32f10x_rcc.o
    0x080013d8   0x080013d8   0x00000030   Code   RO         1629    i.RCC_GetFlagStatus  stm32f10x_rcc.o
    0x08001408   0x08001408   0x00000028   Code   RO         1636    i.RCC_LSEConfig     stm32f10x_rcc.o
    0x08001430   0x08001430   0x0000000c   Code   RO         1643    i.RCC_RTCCLKCmd     stm32f10x_rcc.o
    0x0800143c   0x0800143c   0x00000010   Code   RO         1644    i.RCC_RTCCLKConfig  stm32f10x_rcc.o
    0x0800144c   0x0800144c   0x00000010   Code   RO         1818    i.RTC_EnterConfigMode  stm32f10x_rtc.o
    0x0800145c   0x0800145c   0x00000010   Code   RO         1819    i.RTC_ExitConfigMode  stm32f10x_rtc.o
    0x0800146c   0x0800146c   0x00000014   Code   RO         1820    i.RTC_GetCounter    stm32f10x_rtc.o
    0x08001480   0x08001480   0x0000001e   Code   RO          546    i.RTC_GetTimeStamp  bsp_rtc.o
    0x0800149e   0x0800149e   0x00000002   PAD
    0x080014a0   0x080014a0   0x0000007c   Code   RO          547    i.RTC_Init          bsp_rtc.o
    0x0800151c   0x0800151c   0x00000020   Code   RO         1826    i.RTC_SetCounter    stm32f10x_rtc.o
    0x0800153c   0x0800153c   0x00000020   Code   RO         1827    i.RTC_SetPrescaler  stm32f10x_rtc.o
    0x0800155c   0x0800155c   0x0000001a   Code   RO          548    i.RTC_SetTimeStamp  bsp_rtc.o
    0x08001576   0x08001576   0x00000002   PAD
    0x08001578   0x08001578   0x00000010   Code   RO         1828    i.RTC_WaitForLastTask  stm32f10x_rtc.o
    0x08001588   0x08001588   0x00000018   Code   RO         1829    i.RTC_WaitForSynchro  stm32f10x_rtc.o
    0x080015a0   0x080015a0   0x00000010   Code   RO           91    i.SetPageRefreshInterval  ui_core.o
    0x080015b0   0x080015b0   0x00000004   Code   RO          685    i.SetSysClock       system_stm32f10x.o
    0x080015b4   0x080015b4   0x000000b0   Code   RO          686    i.SetSysClockTo72   system_stm32f10x.o
    0x08001664   0x08001664   0x0000000c   Code   RO          625    i.SysTick_GetTick   bsp_sys_tick.o
    0x08001670   0x08001670   0x00000004   Code   RO         2887    i.SysTick_Handler   stm32f10x_it.o
    0x08001674   0x08001674   0x0000002c   Code   RO          626    i.SysTick_Init      bsp_sys_tick.o
    0x080016a0   0x080016a0   0x00000010   Code   RO          627    i.SysTick_Update    bsp_sys_tick.o
    0x080016b0   0x080016b0   0x00000050   Code   RO          688    i.SystemInit        system_stm32f10x.o
    0x08001700   0x08001700   0x00000046   Code   RO          549    i.TimestampToDateTime  bsp_rtc.o
    0x08001746   0x08001746   0x00000002   PAD
    0x08001748   0x08001748   0x00000084   Code   RO          222    i.UART1_Init        bsp_uart.o
    0x080017cc   0x080017cc   0x0000001c   Code   RO           94    i.UI_HandleKeyEvent  ui_core.o
    0x080017e8   0x080017e8   0x00000020   Code   RO           95    i.UI_Init           ui_core.o
    0x08001808   0x08001808   0x0000003c   Code   RO           96    i.UI_Refresh        ui_core.o
    0x08001844   0x08001844   0x00000018   Code   RO           97    i.UI_RegisterPage   ui_core.o
    0x0800185c   0x0800185c   0x0000003c   Code   RO           98    i.UI_SwitchPage     ui_core.o
    0x08001898   0x08001898   0x00000018   Code   RO         2608    i.USART_Cmd         stm32f10x_usart.o
    0x080018b0   0x080018b0   0x000000bc   Code   RO         2615    i.USART_Init        stm32f10x_usart.o
    0x0800196c   0x0800196c   0x00000024   Code   RO         3220    i.__0vsprintf       mc_w.l(printfa.o)
    0x08001990   0x08001990   0x0000000e   Code   RO         3349    i.__scatterload_copy  mc_w.l(handlers.o)
    0x0800199e   0x0800199e   0x00000002   Code   RO         3350    i.__scatterload_null  mc_w.l(handlers.o)
    0x080019a0   0x080019a0   0x0000000e   Code   RO         3351    i.__scatterload_zeroinit  mc_w.l(handlers.o)
    0x080019ae   0x080019ae   0x00000002   PAD
    0x080019b0   0x080019b0   0x00000184   Code   RO         3221    i._fp_digits        mc_w.l(printfa.o)
    0x08001b34   0x08001b34   0x000006b4   Code   RO         3222    i._printf_core      mc_w.l(printfa.o)
    0x080021e8   0x080021e8   0x00000024   Code   RO         3223    i._printf_post_padding  mc_w.l(printfa.o)
    0x0800220c   0x0800220c   0x0000002e   Code   RO         3224    i._printf_pre_padding  mc_w.l(printfa.o)
    0x0800223a   0x0800223a   0x0000000a   Code   RO         3226    i._sputc            mc_w.l(printfa.o)
    0x08002244   0x08002244   0x0000000e   Code   RO         2865    i.main              main.o
    0x08002252   0x08002252   0x00000002   PAD
    0x08002254   0x08002254   0x00000028   Data   RO          155    .constdata          ui_page_home.o
    0x0800227c   0x0800227c   0x000005f0   Data   RO          519    .constdata          bsp_oled_data.o
    0x0800286c   0x0800286c   0x0000023a   Data   RO          520    .constdata          bsp_oled_data.o
    0x08002aa6   0x08002aa6   0x00000d5c   Data   RO          521    .constdata          bsp_oled_data.o
    0x08003802   0x08003802   0x0000003e   PAD
    0x08003840   0x08003840   0x00000780   Data   RO          522    .constdata          bsp_oled_data.o
    0x08003fc0   0x08003fc0   0x00000008   Data   RO          550    .constdata          bsp_rtc.o
    0x08003fc8   0x08003fc8   0x00000004   Data   RO          587    .constdata          bsp_key.o
    0x08003fcc   0x08003fcc   0x0000000c   Data   RO         2971    .constdata          mc_w.l(mktime.o)
    0x08003fd8   0x08003fd8   0x0000000c   Data   RO         3321    .constdata          mc_w.l(localtime_i.o)
    0x08003fe4   0x08003fe4   0x0000000f   Data   RO          156    .conststring        ui_page_home.o
    0x08003ff3   0x08003ff3   0x00000001   PAD
    0x08003ff4   0x08003ff4   0x00000020   Data   RO         3347    Region$$Table       anon$$obj.o


    Execution Region ER_RW (Exec base: 0x20000000, Load base: 0x08004014, Size: 0x0000009c, Max: 0xffffffff, ABSOLUTE)

    Exec Addr    Load Addr    Size         Type   Attr      Idx    E Section Name        Object

    0x20000000   0x08004014   0x00000004   Data   RW            4    .data               app.o
    0x20000004   0x08004018   0x00000004   Data   RW          100    .data               ui_core.o
    0x20000008   0x0800401c   0x00000008   Data   RW          157    .data               ui_page_home.o
    0x20000010   0x08004024   0x00000060   Data   RW          588    .data               bsp_key.o
    0x20000070   0x08004084   0x00000004   Data   RW          628    .data               bsp_sys_tick.o
    0x20000074   0x08004088   0x00000014   Data   RW          689    .data               system_stm32f10x.o
    0x20000088   0x0800409c   0x00000014   Data   RW         1648    .data               stm32f10x_rcc.o


    Execution Region ER_ZI (Exec base: 0x2000009c, Load base: 0x080040b0, Size: 0x00000864, Max: 0xffffffff, ABSOLUTE)

    Exec Addr    Load Addr    Size         Type   Attr      Idx    E Section Name        Object

    0x2000009c        -       0x0000000c   Zero   RW           99    .bss                ui_core.o
    0x200000a8        -       0x00000020   Zero   RW          154    .bss                ui_page_home.o
    0x200000c8        -       0x00000400   Zero   RW          349    .bss                bsp_oled.o
    0x200004c8        -       0x0000000c   Zero   RW          586    .bss                bsp_key.o
    0x200004d4        -       0x0000002c   Zero   RW         3318    .bss                mc_w.l(localtime_w.o)
    0x20000500        -       0x00000400   Zero   RW          667    STACK               startup_stm32f10x_md.o


==============================================================================

Image component sizes


      Code (inc. data)   RO Data    RW Data    ZI Data      Debug   Object Name

       116         12          0          4          0     232146   app.o
        36         10          0          0          0        395   bsp_dwt.o
       340         20          0          0          0       2566   bsp_i2c_sw.o
        30          0          0          0          0        431   bsp_init.o
       366         30          4         96         12      13365   bsp_key.o
      1260         48          0          0       1024       9354   bsp_oled.o
         0          0       7430          0          0       1714   bsp_oled_data.o
       304          6          8          0          0       3301   bsp_rtc.o
        72         20          0          4          0      16969   bsp_sys_tick.o
       132         10          0          0          0        605   bsp_uart.o
        48          4          0          0          0        942   delay.o
        14          0          0          0          0        403   main.o
        36          8        236          0       1024        796   startup_stm32f10x_md.o
        40         12          0          0          0       2307   stm32f10x_bkp.o
       180          0          0          0          0       2808   stm32f10x_gpio.o
         4          0          0          0          0        394   stm32f10x_it.o
        12          6          0          0          0        510   stm32f10x_pwr.o
       344         54          0         20          0       7025   stm32f10x_rcc.o
       156         34          0          0          0       3551   stm32f10x_rtc.o
       212          6          0          0          0       3165   stm32f10x_usart.o
       260         26          0         20          0       2145   system_stm32f10x.o
       220         42          0          4         12       3650   ui_core.o
       338         44         55          8         32       3837   ui_page_home.o

    ----------------------------------------------------------------------
      4536        392       7828        156       2104     312379   Object Totals
         0          0         32          0          0          0   (incl. Generated)
        16          0         63          0          0          0   (incl. Padding)

    ----------------------------------------------------------------------

      Code (inc. data)   RO Data    RW Data    ZI Data      Debug   Library Member Name

         0          0          0          0          0          0   entry.o
         0          0          0          0          0          0   entry10a.o
         0          0          0          0          0          0   entry11a.o
         4          0          0          0          0          0   entry12b.o
         8          4          0          0          0          0   entry2.o
         4          0          0          0          0          0   entry5.o
         0          0          0          0          0          0   entry7b.o
         0          0          0          0          0          0   entry8b.o
         8          4          0          0          0          0   entry9a.o
        30          0          0          0          0          0   handlers.o
        36          8          0          0          0         68   init.o
         0          0          0          0          0          0   iusefp.o
        30          0          0          0          0         68   llshl.o
        36          0          0          0          0         68   llsshr.o
        32          0          0          0          0         68   llushr.o
       140          6         12          0          0         76   localtime_i.o
        12          6          0          0         44         68   localtime_w.o
        36          0          0          0          0        108   memseta.o
       168         18         12          0          0         80   mktime.o
      2232         86          0          0          0        528   printfa.o
        28          0          0          0          0         76   strcmp.o
        44          0          0          0          0         80   uidiv.o
        98          0          0          0          0         92   uldiv.o
        48          0          0          0          0         68   cdrcmple.o
       334          0          0          0          0        148   dadd.o
       222          0          0          0          0        100   ddiv.o
       186          0          0          0          0        176   depilogue.o
        48          0          0          0          0         68   dfixul.o
       228          0          0          0          0         96   dmul.o

    ----------------------------------------------------------------------
      4016        132         24          0         44       2036   Library Totals
         4          0          0          0          0          0   (incl. Padding)

    ----------------------------------------------------------------------

      Code (inc. data)   RO Data    RW Data    ZI Data      Debug   Library Name

      2946        132         24          0         44       1380   mc_w.l
      1066          0          0          0          0        656   mf_w.l

    ----------------------------------------------------------------------
      4016        132         24          0         44       2036   Library Totals

    ----------------------------------------------------------------------

==============================================================================


      Code (inc. data)   RO Data    RW Data    ZI Data      Debug   

      8552        524       7852        156       2148     309887   Grand Totals
      8552        524       7852        156       2148     309887   ELF Image Totals
      8552        524       7852        156          0          0   ROM Totals

==============================================================================

    Total RO  Size (Code + RO Data)                16404 (  16.02kB)
    Total RW  Size (RW Data + ZI Data)              2304 (   2.25kB)
    Total ROM Size (Code + RO Data + RW Data)      16560 (  16.17kB)

==============================================================================

