<html>
<body>
<pre>
<h1>µVision Build Log</h1>
<h2>Tool Versions:</h2>
IDE-Version: ¦ÌVision V5.37.0.0
Copyright (C) 2022 ARM Ltd and ARM Germany GmbH. All rights reserved.
License Information: Li Andy, Andy, LIC=----
 
Tool Versions:
Toolchain:       MDK-Lite  Version: 5.37.0.0
Toolchain Path:  D:\AAAsoft\Keil_v5\ARM\ARMCOMPLIER506\Bin
C Compiler:      Armcc.exe V5.06 update 7 (build 960)
Assembler:       Armasm.exe V5.06 update 7 (build 960)
Linker/Locator:  ArmLink.exe V5.06 update 7 (build 960)
Library Manager: ArmAr.exe V5.06 update 7 (build 960)
Hex Converter:   FromElf.exe V5.06 update 7 (build 960)
CPU DLL:         SARMCM3.DLL V5.37.0.0
Dialog DLL:      DCM.DLL V1.17.5.0
Target DLL:      STLink\ST-LINKIII-KEIL_SWO.dll V3.0.9.0
Dialog DLL:      TCM.DLL V1.56.1.0
 
<h2>Project:</h2>
D:\code\stm32\SmartWatch\Project\project.uvprojx
Project File Date:  05/22/2026

<h2>Output:</h2>
*** Using Compiler 'V5.06 update 7 (build 960)', folder: 'D:\AAAsoft\Keil_v5\ARM\ARMCOMPLIER506\Bin'
Build target 'Target 1'
compiling ui_page_setting_datetime.c...
..\BSP\MCU\Inc\bsp_i2c_sw.h(29): warning:  #1-D: last line of file ends without a newline
  #endif
..\BSP\Dev\Inc\bsp_oled_data.h(46): warning:  #1-D: last line of file ends without a newline
  #endif
..\BSP\Dev\Inc\bsp_oled.h(53): warning:  #1-D: last line of file ends without a newline
  #endif
..\App\UI\Core\Inc\ui_core.h(63): warning:  #1-D: last line of file ends without a newline
  #endif
..\App\UI\Page\Setting\Inc\ui_page_setting_datetime.h(8): warning:  #1-D: last line of file ends without a newline
  #endif /* APP_UI_PAGE_SETTING_H */
..\App\UI\Page\Setting\Src\ui_page_setting_datetime.c(48): warning:  #188-D: enumerated type mixed with another type
      data->edit_field = self->focus_index - 1;  // å‡åŽ»è¿”å›žæŒ‰é’®çš„åç§?
..\App\UI\Page\Setting\Src\ui_page_setting_datetime.c(57): warning:  #870-D: invalid multibyte character sequence
      { .text = "å¹?:", .font_size = OLED_8X16, .x = 0, .y = 16,
..\App\UI\Page\Setting\Src\ui_page_setting_datetime.c(59): warning:  #870-D: invalid multibyte character sequence
      { .text = "æœ?:", .font_size = OLED_8X16, .x = 0, .y = 32,
..\App\UI\Page\Setting\Src\ui_page_setting_datetime.c(61): warning:  #870-D: invalid multibyte character sequence
      { .text = "æ—?:", .font_size = OLED_8X16, .x = 0, .y = 48,
..\App\UI\Page\Setting\Src\ui_page_setting_datetime.c(63): warning:  #870-D: invalid multibyte character sequence
      { .text = "æ—?:", .font_size = OLED_8X16, .x = 0, .y = 0,
..\App\UI\Page\Setting\Src\ui_page_setting_datetime.c(65): warning:  #870-D: invalid multibyte character sequence
      { .text = "åˆ?:", .font_size = OLED_8X16, .x = 0, .y = 16,
..\App\UI\Page\Setting\Src\ui_page_setting_datetime.c(67): warning:  #870-D: invalid multibyte character sequence
      { .text = "ç§?:", .font_size = OLED_8X16, .x = 0, .y = 32,
..\App\UI\Page\Setting\Src\ui_page_setting_datetime.c(55): warning:  #144-D: a value of type "const uint8_t *" cannot be used to initialize an entity of type "const char *"
       { .text = Return, .x = 0, .y = 0, .width = 16, .height = 16,
..\App\UI\Page\Setting\Src\ui_page_setting_datetime.c(105): warning:  #167-D: argument of type "const char *" is incompatible with parameter of type "const uint8_t *"
          OLED_ShowImage(self->items[0].x,self->items[0].y,self->items[0].width,self->items[0].height,self->items[0].text); // Return
..\App\UI\Page\Setting\Src\ui_page_setting_datetime.c(220): warning:  #1-D: last line of file ends without a newline
  }
..\App\UI\Page\Setting\Src\ui_page_setting_datetime.c: 15 warnings, 0 errors
linking...
Program Size: Code=9592 RO-data=8056 RW-data=160 ZI-data=2216  
FromELF: creating hex file...
".\Objects\project.axf" - 0 Error(s), 15 Warning(s).

<h2>Software Packages used:</h2>

Package Vendor: Keil
                https://www.keil.com/pack/Keil.STM32F1xx_DFP.2.4.1.pack
                Keil.STM32F1xx_DFP.2.4.1
                STMicroelectronics STM32F1 Series Device Support, Drivers and Examples

<h2>Collection of Component include folders:</h2>
  D:/AAAsoft/Keil_Packs/Keil/STM32F1xx_DFP/2.4.1/Device/Include

<h2>Collection of Component Files used:</h2>
Build Time Elapsed:  00:00:01
</pre>
</body>
</html>
