<html>
<body>
<pre>
<h1>µVision Build Log</h1>
<h2>Tool Versions:</h2>
IDE-Version: ¦ÌVision V5.37.0.0
Copyright (C) 2022 ARM Ltd and ARM Germany GmbH. All rights reserved.
License Information: Li Andy, Andy, LIC=----
 
Tool Versions:
Toolchain:       MDK-Lite  Version: 5.37.0.0
Toolchain Path:  D:\AAAsoft\Keil_v5\ARM\ARMCOMPLIER506\Bin
C Compiler:      Armcc.exe V5.06 update 7 (build 960)
Assembler:       Armasm.exe V5.06 update 7 (build 960)
Linker/Locator:  ArmLink.exe V5.06 update 7 (build 960)
Library Manager: ArmAr.exe V5.06 update 7 (build 960)
Hex Converter:   FromElf.exe V5.06 update 7 (build 960)
CPU DLL:         SARMCM3.DLL V5.37.0.0
Dialog DLL:      DCM.DLL V1.17.5.0
Target DLL:      STLink\ST-LINKIII-KEIL_SWO.dll V3.0.9.0
Dialog DLL:      TCM.DLL V1.56.1.0
 
<h2>Project:</h2>
D:\code\stm32\SmartWatch\Project\project.uvprojx
Project File Date:  05/21/2026

<h2>Output:</h2>
*** Using Compiler 'V5.06 update 7 (build 960)', folder: 'D:\AAAsoft\Keil_v5\ARM\ARMCOMPLIER506\Bin'
Build target 'Target 1'
compiling app.c...
..\App\Inc\app.h(6): warning:  #1-D: last line of file ends without a newline
  #endif
..\BSP\MCU\Inc\bsp_i2c_sw.h(29): warning:  #1-D: last line of file ends without a newline
  #endif
..\BSP\Dev\Inc\bsp_oled_data.h(46): warning:  #1-D: last line of file ends without a newline
  #endif
..\BSP\Dev\Inc\bsp_oled.h(53): warning:  #1-D: last line of file ends without a newline
  #endif
..\App\UI\Inc\ui_core.h(60): warning:  #1-D: last line of file ends without a newline
  #endif
..\App\UI\Inc\ui_page_home.h(8): warning:  #1-D: last line of file ends without a newline
  #endif /* APP_UI_PAGE_HOME_H */
..\App\Src\app.c(31): warning:  #1-D: last line of file ends without a newline
  }
..\App\Src\app.c: 7 warnings, 0 errors
linking...
Program Size: Code=8552 RO-data=7852 RW-data=156 ZI-data=2148  
FromELF: creating hex file...
".\Objects\project.axf" - 0 Error(s), 7 Warning(s).

<h2>Software Packages used:</h2>

Package Vendor: Keil
                https://www.keil.com/pack/Keil.STM32F1xx_DFP.2.4.1.pack
                Keil.STM32F1xx_DFP.2.4.1
                STMicroelectronics STM32F1 Series Device Support, Drivers and Examples

<h2>Collection of Component include folders:</h2>
  D:/AAAsoft/Keil_Packs/Keil/STM32F1xx_DFP/2.4.1/Device/Include

<h2>Collection of Component Files used:</h2>
Build Time Elapsed:  00:00:01
</pre>
</body>
</html>
